 Cinematica_MGI_sfun

 Timestamp is 4fb2dc97 (Tue May 15 17:45:43 2012)

 Preferred load address is 10000000

 Start         Length     Name                   Class
 0001:00000000 00040974H .text                   CODE
 0002:00000000 0000025cH .idata$5                DATA
 0002:0000025c 00000004H .CRT$XCA                DATA
 0002:00000260 00000004H .CRT$XCZ                DATA
 0002:00000264 00000004H .CRT$XIA                DATA
 0002:00000268 00000004H .CRT$XIAA               DATA
 0002:0000026c 00000004H .CRT$XIC                DATA
 0002:00000270 00000004H .CRT$XIZ                DATA
 0002:00000278 000046f8H .rdata                  DATA
 0002:00004970 00000004H .rdata$sxdata           DATA
 0002:00004974 00000004H .rtc$IAA                DATA
 0002:00004978 00000004H .rtc$IZZ                DATA
 0002:0000497c 00000004H .rtc$TAA                DATA
 0002:00004980 00000004H .rtc$TZZ                DATA
 0002:00004988 00000064H .xdata$x                DATA
 0002:000049ec 000000a0H .idata$2                DATA
 0002:00004a8c 00000014H .idata$3                DATA
 0002:00004aa0 0000025cH .idata$4                DATA
 0002:00004cfc 00000ae8H .idata$6                DATA
 0002:000057f0 00000059H .edata                  DATA
 0003:00000000 00007a60H .data                   DATA
 0003:00007a60 00002328H .bss                    DATA

  Address         Publics by Value              Rva+Base       Lib:Object

 0000:00000000       __except_list              00000000     <absolute>
 0000:00000001       ___safe_se_handler_count   00000001     <absolute>
 0000:00009876       __fltused                  00009876     <absolute>
 0000:00009876       __ldused                   00009876     <absolute>
 0000:00000000       ___ImageBase               10000000     <linker-defined>
 0001:00000000       _sf_c1_Cinematica_MGI_get_eml_resolved_functions_info 10001000 f   c1_Cinematica_MGI.obj
 0001:00000590       _sf_c1_Cinematica_MGI_get_check_sum 10001590 f   c1_Cinematica_MGI.obj
 0001:000005f0       _sf_c1_Cinematica_MGI_get_autoinheritance_info 100015f0 f   c1_Cinematica_MGI.obj
 0001:00001630       _sf_internal_get_sim_state_c1_Cinematica_MGI 10002630 f   c1_Cinematica_MGI.obj
 0001:00001a70       _sf_internal_set_sim_state_c1_Cinematica_MGI 10002a70 f   c1_Cinematica_MGI.obj
 0001:00001f90       _c1_Cinematica_MGI_method_dispatcher 10002f90 f   c1_Cinematica_MGI.obj
 0001:00005580       _sf_c2_Cinematica_MGI_get_eml_resolved_functions_info 10006580 f   c2_Cinematica_MGI.obj
 0001:00006490       _sf_c2_Cinematica_MGI_get_check_sum 10007490 f   c2_Cinematica_MGI.obj
 0001:000064f0       _sf_c2_Cinematica_MGI_get_autoinheritance_info 100074f0 f   c2_Cinematica_MGI.obj
 0001:00006c70       _sf_internal_get_sim_state_c2_Cinematica_MGI 10007c70 f   c2_Cinematica_MGI.obj
 0001:00006fe0       _sf_internal_set_sim_state_c2_Cinematica_MGI 10007fe0 f   c2_Cinematica_MGI.obj
 0001:000074c0       _c2_Cinematica_MGI_method_dispatcher 100084c0 f   c2_Cinematica_MGI.obj
 0001:0000aed0       _sf_c3_Cinematica_MGI_get_eml_resolved_functions_info 1000bed0 f   c3_Cinematica_MGI.obj
 0001:0000b570       _sf_c3_Cinematica_MGI_get_check_sum 1000c570 f   c3_Cinematica_MGI.obj
 0001:0000b5d0       _sf_c3_Cinematica_MGI_get_autoinheritance_info 1000c5d0 f   c3_Cinematica_MGI.obj
 0001:0000b920       _sf_internal_get_sim_state_c3_Cinematica_MGI 1000c920 f   c3_Cinematica_MGI.obj
 0001:0000bbc0       _sf_internal_set_sim_state_c3_Cinematica_MGI 1000cbc0 f   c3_Cinematica_MGI.obj
 0001:0000bf60       _c3_Cinematica_MGI_method_dispatcher 1000cf60 f   c3_Cinematica_MGI.obj
 0001:0000d050       _sf_c4_Cinematica_MGI_get_eml_resolved_functions_info 1000e050 f   c4_Cinematica_MGI.obj
 0001:0000d5e0       _sf_c4_Cinematica_MGI_get_check_sum 1000e5e0 f   c4_Cinematica_MGI.obj
 0001:0000d640       _sf_c4_Cinematica_MGI_get_autoinheritance_info 1000e640 f   c4_Cinematica_MGI.obj
 0001:0000d990       _sf_internal_get_sim_state_c4_Cinematica_MGI 1000e990 f   c4_Cinematica_MGI.obj
 0001:0000dc30       _sf_internal_set_sim_state_c4_Cinematica_MGI 1000ec30 f   c4_Cinematica_MGI.obj
 0001:0000dfd0       _c4_Cinematica_MGI_method_dispatcher 1000efd0 f   c4_Cinematica_MGI.obj
 0001:0000f0c0       _sf_c5_Cinematica_MGI_get_eml_resolved_functions_info 100100c0 f   c5_Cinematica_MGI.obj
 0001:0000f570       _sf_c5_Cinematica_MGI_get_check_sum 10010570 f   c5_Cinematica_MGI.obj
 0001:0000f5d0       _sf_c5_Cinematica_MGI_get_autoinheritance_info 100105d0 f   c5_Cinematica_MGI.obj
 0001:0000f920       _sf_internal_get_sim_state_c5_Cinematica_MGI 10010920 f   c5_Cinematica_MGI.obj
 0001:0000fba0       _sf_internal_set_sim_state_c5_Cinematica_MGI 10010ba0 f   c5_Cinematica_MGI.obj
 0001:0000feb0       _c5_Cinematica_MGI_method_dispatcher 10010eb0 f   c5_Cinematica_MGI.obj
 0001:00010e00       _sf_c6_Cinematica_MGI_get_eml_resolved_functions_info 10011e00 f   c6_Cinematica_MGI.obj
 0001:000111f0       _sf_c6_Cinematica_MGI_get_check_sum 100121f0 f   c6_Cinematica_MGI.obj
 0001:00011250       _sf_c6_Cinematica_MGI_get_autoinheritance_info 10012250 f   c6_Cinematica_MGI.obj
 0001:000115a0       _sf_internal_get_sim_state_c6_Cinematica_MGI 100125a0 f   c6_Cinematica_MGI.obj
 0001:00011820       _sf_internal_set_sim_state_c6_Cinematica_MGI 10012820 f   c6_Cinematica_MGI.obj
 0001:00011b30       _c6_Cinematica_MGI_method_dispatcher 10012b30 f   c6_Cinematica_MGI.obj
 0001:00012a90       _sf_c7_Cinematica_MGI_get_eml_resolved_functions_info 10013a90 f   c7_Cinematica_MGI.obj
 0001:00012ed0       _sf_c7_Cinematica_MGI_get_check_sum 10013ed0 f   c7_Cinematica_MGI.obj
 0001:00012f30       _sf_c7_Cinematica_MGI_get_autoinheritance_info 10013f30 f   c7_Cinematica_MGI.obj
 0001:00013280       _sf_internal_get_sim_state_c7_Cinematica_MGI 10014280 f   c7_Cinematica_MGI.obj
 0001:00013500       _sf_internal_set_sim_state_c7_Cinematica_MGI 10014500 f   c7_Cinematica_MGI.obj
 0001:00013810       _c7_Cinematica_MGI_method_dispatcher 10014810 f   c7_Cinematica_MGI.obj
 0001:00014770       _sf_c8_Cinematica_MGI_get_eml_resolved_functions_info 10015770 f   c8_Cinematica_MGI.obj
 0001:00014c40       _sf_c8_Cinematica_MGI_get_check_sum 10015c40 f   c8_Cinematica_MGI.obj
 0001:00014ca0       _sf_c8_Cinematica_MGI_get_autoinheritance_info 10015ca0 f   c8_Cinematica_MGI.obj
 0001:00014ff0       _sf_internal_get_sim_state_c8_Cinematica_MGI 10015ff0 f   c8_Cinematica_MGI.obj
 0001:00015270       _sf_internal_set_sim_state_c8_Cinematica_MGI 10016270 f   c8_Cinematica_MGI.obj
 0001:00015580       _c8_Cinematica_MGI_method_dispatcher 10016580 f   c8_Cinematica_MGI.obj
 0001:00016600       _sf_c10_Cinematica_MGI_get_eml_resolved_functions_info 10017600 f   c10_Cinematica_MGI.obj
 0001:00016a40       _sf_c10_Cinematica_MGI_get_check_sum 10017a40 f   c10_Cinematica_MGI.obj
 0001:00016aa0       _sf_c10_Cinematica_MGI_get_autoinheritance_info 10017aa0 f   c10_Cinematica_MGI.obj
 0001:00016df0       _sf_internal_get_sim_state_c10_Cinematica_MGI 10017df0 f   c10_Cinematica_MGI.obj
 0001:00017070       _sf_internal_set_sim_state_c10_Cinematica_MGI 10018070 f   c10_Cinematica_MGI.obj
 0001:00017380       _c10_Cinematica_MGI_method_dispatcher 10018380 f   c10_Cinematica_MGI.obj
 0001:000182e0       _sf_process_check_sum_call 100192e0 f   Cinematica_MGI_sfun_registry.obj
 0001:00018310       _sf_process_autoinheritance_call 10019310 f   Cinematica_MGI_sfun_registry.obj
 0001:00018430       _sf_process_get_eml_resolved_functions_info_call 10019430 f   Cinematica_MGI_sfun_registry.obj
 0001:00018550       _sf_mex_unlock_call        10019550 f   Cinematica_MGI_sfun_registry.obj
 0001:000185e0       _sf_machine_global_initializer_called 100195e0 f   Cinematica_MGI_sfun_registry.obj
 0001:00018600       _sf_machine_global_method_dispatcher 10019600 f   Cinematica_MGI_sfun_registry.obj
 0001:00018640       _sf_machine_global_terminator 10019640 f   Cinematica_MGI_sfun_registry.obj
 0001:00018670       _sf_register_machine_exported_symbols 10019670 f   Cinematica_MGI_sfun_registry.obj
 0001:00018690       _callCustomFcn             10019690 f   Cinematica_MGI_sfun_registry.obj
 0001:000186a0       _sf_machine_global_initializer 100196a0 f   Cinematica_MGI_sfun_registry.obj
 0001:00018700       __ssSetStateAbsTol         10019700 f   Cinematica_MGI_sfun_registry.obj
 0001:000187a0       __ssGetAbsTol              100197a0 f   Cinematica_MGI_sfun_registry.obj
 0001:000187f0       __ssSetInputPortMatrixDimensions 100197f0 f   Cinematica_MGI_sfun_registry.obj
 0001:000188a0       __ssSetOutputPortMatrixDimensions 100198a0 f   Cinematica_MGI_sfun_registry.obj
 0001:00018950       __ssSetInputPortVectorDimension 10019950 f   Cinematica_MGI_sfun_registry.obj
 0001:000189d0       __ssSetOutputPortVectorDimension 100199d0 f   Cinematica_MGI_sfun_registry.obj
 0001:00018a50       _ssIsRunTimeParamTunable   10019a50 f   Cinematica_MGI_sfun_registry.obj
 0001:00018ab0       _ssGetSFuncBlockHandle     10019ab0 f   Cinematica_MGI_sfun_registry.obj
 0001:00018b00       __ssGetCurrentInputPortWidth 10019b00 f   Cinematica_MGI_sfun_registry.obj
 0001:00018bd0       __ssGetCurrentOutputPortWidth 10019bd0 f   Cinematica_MGI_sfun_registry.obj
 0001:00018ca0       __ssGetCallSystemNumFcnCallDestinations 10019ca0 f   Cinematica_MGI_sfun_registry.obj
 0001:00018d00       _ssWarning                 10019d00 f   Cinematica_MGI_sfun_registry.obj
 0001:00018de0       _ssGetIsZeroCrossControlDisabled 10019de0 f   Cinematica_MGI_sfun_registry.obj
 0001:00018e40       _ssSetIsInputPortUsedForContZcSignal 10019e40 f   Cinematica_MGI_sfun_registry.obj
 0001:00018e90       _ssSetZcSignalIsZcElementDisc 10019e90 f   Cinematica_MGI_sfun_registry.obj
 0001:00018f10       _ssSetZcSignalName         10019f10 f   Cinematica_MGI_sfun_registry.obj
 0001:00018f60       _ssSetZcSignalWidth        10019f60 f   Cinematica_MGI_sfun_registry.obj
 0001:00018fb0       _ssSetZcSignalZcEventType  10019fb0 f   Cinematica_MGI_sfun_registry.obj
 0001:00019000       _ssSetZcSignalType         1001a000 f   Cinematica_MGI_sfun_registry.obj
 0001:00019050       _ssSetZcSignalZcTol        1001a050 f   Cinematica_MGI_sfun_registry.obj
 0001:000190a0       _ssSetZcSignalNeedsEventNotification 1001a0a0 f   Cinematica_MGI_sfun_registry.obj
 0001:000190f0       _ssCreateAndAddZcSignalInfo 1001a0f0 f   Cinematica_MGI_sfun_registry.obj
 0001:00019150       _ssCloneAndAddZcSignalInfo 1001a150 f   Cinematica_MGI_sfun_registry.obj
 0001:000191b0       _ssGetNumZcSignals         1001a1b0 f   Cinematica_MGI_sfun_registry.obj
 0001:00019210       _ssGetZcSignalVector       1001a210 f   Cinematica_MGI_sfun_registry.obj
 0001:00019270       _ssGetZcSignalZcEvents     1001a270 f   Cinematica_MGI_sfun_registry.obj
 0001:000192d0       _ssGetZcSignalName         1001a2d0 f   Cinematica_MGI_sfun_registry.obj
 0001:00019330       _ssGetZcSignalWidth        1001a330 f   Cinematica_MGI_sfun_registry.obj
 0001:00019390       _ssGetZcSignalZcEventType  1001a390 f   Cinematica_MGI_sfun_registry.obj
 0001:000193f0       _ssGetZcSignalType         1001a3f0 f   Cinematica_MGI_sfun_registry.obj
 0001:00019450       _ssGetZcSignalZcTol        1001a450 f   Cinematica_MGI_sfun_registry.obj
 0001:000194b0       _ssGetZcSignalNeedsEventNotification 1001a4b0 f   Cinematica_MGI_sfun_registry.obj
 0001:00019510       _ssGetZcSignalIsZcElementDisc 1001a510 f   Cinematica_MGI_sfun_registry.obj
 0001:00019590       _ssGetIsInputPortElementContinuous 1001a590 f   Cinematica_MGI_sfun_registry.obj
 0001:00019610       __ssGetInputPortSignalPtrsFcn 1001a610 f   Cinematica_MGI_sfun_registry.obj
 0001:00019810       __ssGetInputPortSignalFcn  1001a810 f   Cinematica_MGI_sfun_registry.obj
 0001:000199a0       __ssSetInputPortDirectFeedThroughFcn 1001a9a0 f   Cinematica_MGI_sfun_registry.obj
 0001:00019ad0       __ssSetInputPortReusableFcn 1001aad0 f   Cinematica_MGI_sfun_registry.obj
 0001:00019b60       __ssSetOutputPortReusableFcn 1001ab60 f   Cinematica_MGI_sfun_registry.obj
 0001:00019bf0       _ssGetDTypeIdFromMxArray   1001abf0 f   Cinematica_MGI_sfun_registry.obj
 0001:00019ce0       _ssWriteRTWStr             1001ace0 f   Cinematica_MGI_sfun_registry.obj
 0001:00019d20       _ssWriteRTWMxVectParam     1001ad20 f   Cinematica_MGI_sfun_registry.obj
 0001:00019d60       _ssWriteRTWMx2dMatParam    1001ad60 f   Cinematica_MGI_sfun_registry.obj
 0001:00019da0       _ssWriteRTWNameValuePair   1001ada0 f   Cinematica_MGI_sfun_registry.obj
 0001:0001a110       _ssWriteRTWParameters      1001b110 f   Cinematica_MGI_sfun_registry.obj
 0001:0001a4b0       _ssWriteRTWParamSettings   1001b4b0 f   Cinematica_MGI_sfun_registry.obj
 0001:0001a960       _ssWriteRTWWorkVect        1001b960 f   Cinematica_MGI_sfun_registry.obj
 0001:0001acf0       _mexFunction               1001bcf0 f   Cinematica_MGI_sfun_registry.obj
 0001:0001c3c0       _ProcessMexSfunctionEveryCall 1001d3c0 f   Cinematica_MGI_sfun_registry.obj
 0001:0001c4d0       _Cinematica_MGI_initializer 1001d4d0 f   Cinematica_MGI_sfun.obj
 0001:0001c4e0       _Cinematica_MGI_terminator 1001d4e0 f   Cinematica_MGI_sfun.obj
 0001:0001c4f0       _sf_Cinematica_MGI_method_dispatcher 1001d4f0 f   Cinematica_MGI_sfun.obj
 0001:0001c630       _sf_Cinematica_MGI_process_check_sum_call 1001d630 f   Cinematica_MGI_sfun.obj
 0001:0001ca90       _sf_Cinematica_MGI_autoinheritance_info 1001da90 f   Cinematica_MGI_sfun.obj
 0001:0001cc00       _sf_Cinematica_MGI_get_eml_resolved_functions_info 1001dc00 f   Cinematica_MGI_sfun.obj
 0001:0001ce90       _Cinematica_MGI_debug_initialize 1001de90 f   Cinematica_MGI_sfun.obj
 0001:0001cee0       _Cinematica_MGI_register_exported_symbols 1001dee0 f   Cinematica_MGI_sfun.obj
 0001:0001cf50       _sf_mex_mx_is_numeric      1001df50 f   sfc_mexmsvc80:sfc_mex.obj
 0001:0001cfb0       _strcmp_ignore_ws          1001dfb0 f   sfc_mexmsvc80:sfc_mex.obj
 0001:0001d0d0       _sf_mex_duplicatearraysafe 1001e0d0 f   sfc_mexmsvc80:sfc_mex.obj
 0001:0001d2b0       _sf_set_error_debugger_context_message_fcn 1001e2b0 f   sfc_mexmsvc80:sfc_mex.obj
 0001:0001d2c0       _sf_set_debugger_matlab_error_fcn 1001e2c0 f   sfc_mexmsvc80:sfc_mex.obj
 0001:0001d2e0       _sf_set_error_prefix_string 1001e2e0 f   sfc_mexmsvc80:sfc_mex.obj
 0001:0001d310       _sf_get_error_prefix_string 1001e310 f   sfc_mexmsvc80:sfc_mex.obj
 0001:0001d320       _sf_get_current_jmp_buf_ptr 1001e320 f   sfc_mexmsvc80:sfc_mex.obj
 0001:0001d330       _sf_set_current_jmp_buf_ptr 1001e330 f   sfc_mexmsvc80:sfc_mex.obj
 0001:0001d340       _sf_mex_set_halt_simulation 1001e340 f   sfc_mexmsvc80:sfc_mex.obj
 0001:0001d350       _sf_mex_get_halt_simulation 1001e350 f   sfc_mexmsvc80:sfc_mex.obj
 0001:0001d360       _sf_mex_clear_error_message 1001e360 f   sfc_mexmsvc80:sfc_mex.obj
 0001:0001d380       _sf_mex_get_error_message_for_read 1001e380 f   sfc_mexmsvc80:sfc_mex.obj
 0001:0001d390       _sf_mex_get_error_message_buffer_length 1001e390 f   sfc_mexmsvc80:sfc_mex.obj
 0001:0001d460       _sf_mex_warning_message    1001e460 f   sfc_mexmsvc80:sfc_mex.obj
 0001:0001d4b0       _sf_mex_v_errbuf_createf   1001e4b0 f   sfc_mexmsvc80:sfc_mex.obj
 0001:0001d4d0       _sf_mex_errbuf_createf     1001e4d0 f   sfc_mexmsvc80:sfc_mex.obj
 0001:0001d4f0       _sf_mex_v_errbuf_catf      1001e4f0 f   sfc_mexmsvc80:sfc_mex.obj
 0001:0001d530       _sf_mex_errbuf_catf        1001e530 f   sfc_mexmsvc80:sfc_mex.obj
 0001:0001d570       _sf_mex_errbuf_copy        1001e570 f   sfc_mexmsvc80:sfc_mex.obj
 0001:0001d590       _sf_mex_errbuf_clear       1001e590 f   sfc_mexmsvc80:sfc_mex.obj
 0001:0001d5a0       _sf_mex_errbuf_isempty     1001e5a0 f   sfc_mexmsvc80:sfc_mex.obj
 0001:0001d630       _sf_mex_set_error_status   1001e630 f   sfc_mexmsvc80:sfc_mex.obj
 0001:0001d660       _sf_mex_error_direct_call  1001e660 f   sfc_mexmsvc80:sfc_mex.obj
 0001:0001d680       _sf_mex_error_message_no_long_jump 1001e680 f   sfc_mexmsvc80:sfc_mex.obj
 0001:0001d6b0       _sf_mex_long_jump_on_error 1001e6b0 f   sfc_mexmsvc80:sfc_mex.obj
 0001:0001d6e0       _sf_mex_call_matlab        1001e6e0 f   sfc_mexmsvc80:sfc_mex.obj
 0001:0001d7b0       _sf_mex_check_builtin      1001e7b0 f   sfc_mexmsvc80:sfc_mex.obj
 0001:0001d7e0       _sf_mex_check_builtin_vs   1001e7e0 f   sfc_mexmsvc80:sfc_mex.obj
 0001:0001d820       _sf_mex_check_enum         1001e820 f   sfc_mexmsvc80:sfc_mex.obj
 0001:0001d850       _sf_mex_create_enum        1001e850 f   sfc_mexmsvc80:sfc_mex.obj
 0001:0001d870       _sf_mex_get_enum_element   1001e870 f   sfc_mexmsvc80:sfc_mex.obj
 0001:0001d880       _sf_mex_createcellarray    1001e880 f   sfc_mexmsvc80:sfc_mex.obj
 0001:0001d8a0       _sf_mex_setcell            1001e8a0 f   sfc_mexmsvc80:sfc_mex.obj
 0001:0001d8b0       _sf_mex_getcell            1001e8b0 f   sfc_mexmsvc80:sfc_mex.obj
 0001:0001d8c0       _sf_mex_dup                1001e8c0 f   sfc_mexmsvc80:sfc_mex.obj
 0001:0001d8f0       _sf_mex_assign             1001e8f0 f   sfc_mexmsvc80:sfc_mex.obj
 0001:0001d940       _sf_mex_destroy            1001e940 f   sfc_mexmsvc80:sfc_mex.obj
 0001:0001d960       _mx_array_has_fi_type      1001e960 f   sfc_mexmsvc80:sfc_mex.obj
 0001:0001d990       _sf_mex_convert_from_fi    1001e990 f   sfc_mexmsvc80:sfc_mex.obj
 0001:0001da10       _sf_mex_convert_to_double  1001ea10 f   sfc_mexmsvc80:sfc_mex.obj
 0001:0001da50       _sf_mex_import_fi_vs       1001ea50 f   sfc_mexmsvc80:sfc_mex.obj
 0001:0001dbb0       _sf_matrix_matrix_index_ok 1001ebb0 f   sfc_mexmsvc80:sfc_mex.obj
 0001:0001dc20       _sf_vector_vector_index_ok 1001ec20 f   sfc_mexmsvc80:sfc_mex.obj
 0001:0001dc50       _ssGetCurrentInputPortDimensions_wrapper 1001ec50 f   sfc_mexmsvc80:sfc_mex.obj
 0001:0001dc70       _ssGetCurrentOutputPortDimensions_wrapper 1001ec70 f   sfc_mexmsvc80:sfc_mex.obj
 0001:0001dc90       _sf_mex_emlrt_context_is_debug_mode 1001ec90 f   sfc_mexmsvc80:sfc_mex.obj
 0001:0001dca0       _sf_mex_emlrt_context_set_debug_mode 1001eca0 f   sfc_mexmsvc80:sfc_mex.obj
 0001:0001dcf0       _sf_clear_error_manager_info 1001ecf0 f   sfc_mexmsvc80:sfc_mex.obj
 0001:0001dd40       _sf_mex_stop_simulation_abruptly_wo_error 1001ed40 f   sfc_mexmsvc80:sfc_mex.obj
 0001:0001dd70       _sf_mex_error_message      1001ed70 f   sfc_mexmsvc80:sfc_mex.obj
 0001:0001ddc0       _sf_react_to_error_in_matlab_call 1001edc0 f   sfc_mexmsvc80:sfc_mex.obj
 0001:0001dde0       _sf_mex_addfield           1001ede0 f   sfc_mexmsvc80:sfc_mex.obj
 0001:0001de50       _sf_mex_getfield           1001ee50 f   sfc_mexmsvc80:sfc_mex.obj
 0001:0001e0d0       _sf_mex_check_class        1001f0d0 f   sfc_mexmsvc80:sfc_mex.obj
 0001:0001e140       _sf_mex_is_real            1001f140 f   sfc_mexmsvc80:sfc_mex.obj
 0001:0001e350       _sf_mex_decode_encoded_mx_struct_array 1001f350 f   sfc_mexmsvc80:sfc_mex.obj
 0001:0001e4f0       _sf_mex_lw_bounds_check    1001f4f0 f   sfc_mexmsvc80:sfc_mex.obj
 0001:0001e520       _sf_mex_lw_size_eq_check_1d 1001f520 f   sfc_mexmsvc80:sfc_mex.obj
 0001:0001e540       _sf_mex_lw_size_eq_check_nd 1001f540 f   sfc_mexmsvc80:sfc_mex.obj
 0001:0001e620       _sf_mex_lw_dim_size_eq_check 1001f620 f   sfc_mexmsvc80:sfc_mex.obj
 0001:0001e650       _sf_mex_lw_dim_size_geq_check 1001f650 f   sfc_mexmsvc80:sfc_mex.obj
 0001:0001e680       _sf_mex_lw_sub_assign_size_check_nd 1001f680 f   sfc_mexmsvc80:sfc_mex.obj
 0001:0001e7b0       _sf_mex_lw_runtime_error_msgid 1001f7b0 f   sfc_mexmsvc80:sfc_mex.obj
 0001:0001e860       _sf_mex_lw_matrix_matrix_index_check 1001f860 f   sfc_mexmsvc80:sfc_mex.obj
 0001:0001e890       _sf_mex_lw_vector_vector_index_check 1001f890 f   sfc_mexmsvc80:sfc_mex.obj
 0001:0001e8d0       _sf_mex_lw_non_negative_check 1001f8d0 f   sfc_mexmsvc80:sfc_mex.obj
 0001:0001e900       _sf_mex_overflow_error     1001f900 f   sfc_mexmsvc80:sfc_mex.obj
 0001:0001e910       _sf_mex_dividebyzero_error 1001f910 f   sfc_mexmsvc80:sfc_mex.obj
 0001:0001e920       _sf_mex_unsafe_enum_error  1001f920 f   sfc_mexmsvc80:sfc_mex.obj
 0001:0001e930       _sf_emlrtErrHandler        1001f930 f   sfc_mexmsvc80:sfc_mex.obj
 0001:0001e9e0       _sf_mex_printf             1001f9e0 f   sfc_mexmsvc80:sfc_mex.obj
 0001:0001eac0       _sf_mex_check_size         1001fac0 f   sfc_mexmsvc80:sfc_mex.obj
 0001:0001ed40       _sf_mex_check_struct       1001fd40 f   sfc_mexmsvc80:sfc_mex.obj
 0001:0001ef90       _sf_mex_check_struct_vs    1001ff90 f   sfc_mexmsvc80:sfc_mex.obj
 0001:0001efd0       _sf_mex_check_fi           1001ffd0 f   sfc_mexmsvc80:sfc_mex.obj
 0001:0001f0a0       _sf_mex_check_fi_vs        100200a0 f   sfc_mexmsvc80:sfc_mex.obj
 0001:0001f0f0       _sf_echo_expression        100200f0 f   sfc_mexmsvc80:sfc_mex.obj
 0001:0001f140       _sf_assertion_failed       10020140 f   sfc_mexmsvc80:sfc_mex.obj
 0001:0001f3d0       _sf_mex_evalin             100203d0 f   sfc_mexmsvc80:sfc_mex.obj
 0001:0001f630       _sf_mex_export             10020630 f   sfc_mexmsvc80:sfc_mex.obj
 0001:0001f6e0       _sf_mex_get_ml_var_no_error 100206e0 f   sfc_mexmsvc80:sfc_mex.obj
 0001:0001f840       _sf_mex_get_ml_var         10020840 f   sfc_mexmsvc80:sfc_mex.obj
 0001:0001fd10       _ml_set_element_value_in_array 10020d10 f   sfc_mexmsvc80:sfc_mex.obj
 0001:00020e40       _sf_mex_call_impl          10021e40 f   sfc_mexmsvc80:sfc_mex.obj
 0001:000211d0       _sf_mex_call_debug         100221d0 f   sfc_mexmsvc80:sfc_mex.obj
 0001:000211f0       _sf_mex_call               100221f0 f   sfc_mexmsvc80:sfc_mex.obj
 0001:00021900       _sf_mex_createstruct       10022900 f   sfc_mexmsvc80:sfc_mex.obj
 0001:000219a0       _sf_mex_createstructarray  100229a0 f   sfc_mexmsvc80:sfc_mex.obj
 0001:00021a00       _sf_mex_get_mx_datatype_from_sf_datatype 10022a00 f   sfc_mexmsvc80:sfc_mex.obj
 0001:00021c80       _sf_mex_ml_var_sub         10022c80 f   sfc_mexmsvc80:sfc_mex.obj
 0001:00021df0       _sf_mex_ml_var_subsasgn    10022df0 f   sfc_mexmsvc80:sfc_mex.obj
 0001:00022100       _sf_mex_sub                10023100 f   sfc_mexmsvc80:sfc_mex.obj
 0001:000222a0       _sf_mex_subsasgn           100232a0 f   sfc_mexmsvc80:sfc_mex.obj
 0001:00022680       _sf_mex_create             10023680 f   sfc_mexmsvc80:sfc_mex.obj
 0001:00022f70       _sf_mex_import_named       10023f70 f   sfc_mexmsvc80:sfc_mex.obj
 0001:00022fc0       _sf_mex_import             10023fc0 f   sfc_mexmsvc80:sfc_mex.obj
 0001:00023000       _sf_mex_import_vs          10024000 f   sfc_mexmsvc80:sfc_mex.obj
 0001:00023090       _sf_mex_lower_fixpt_mx_array 10024090 f   sfc_mexmsvc80:sfc_mex.obj
 0001:00023450       _sim_mode_is_rtw_gen       10024450 f   sfc_mexmsvc80:sfc_sf.obj
 0001:00023490       _sim_mode_is_external      10024490 f   sfc_mexmsvc80:sfc_sf.obj
 0001:000234b0       _sim_mode_is_modelref_sim  100244b0 f   sfc_mexmsvc80:sfc_sf.obj
 0001:000234e0       _mdlInitializeSizes        100244e0 f   sfc_mexmsvc80:sfc_sf.obj
 0001:00023500       _mdlInitializeSampleTimes  10024500 f   sfc_mexmsvc80:sfc_sf.obj
 0001:00023540       _mdlZeroCrossings          10024540 f   sfc_mexmsvc80:sfc_sf.obj
 0001:000235f0       _mdlDerivatives            100245f0 f   sfc_mexmsvc80:sfc_sf.obj
 0001:00023690       _mdl_initialize_conditions_processing 10024690 f   sfc_mexmsvc80:sfc_sf.obj
 0001:000236c0       _mdlInitializeConditions   100246c0 f   sfc_mexmsvc80:sfc_sf.obj
 0001:00023760       _mdlGetSimState            10024760 f   sfc_mexmsvc80:sfc_sf.obj
 0001:00023780       _mdlSetSimState            10024780 f   sfc_mexmsvc80:sfc_sf.obj
 0001:000237a0       _mdl_ext_mode_exec_processing 100247a0 f   sfc_mexmsvc80:sfc_sf.obj
 0001:000237c0       _mdlExtModeExec            100247c0 f   sfc_mexmsvc80:sfc_sf.obj
 0001:00023950       _mdlTerminate              10024950 f   sfc_mexmsvc80:sfc_sf.obj
 0001:000239b0       _mdlRTW                    100249b0 f   sfc_mexmsvc80:sfc_sf.obj
 0001:000239e0       _mdlSetWorkWidths          100249e0 f   sfc_mexmsvc80:sfc_sf.obj
 0001:00023a00       _mdlProcessParameters      10024a00 f   sfc_mexmsvc80:sfc_sf.obj
 0001:00023a20       _mdl_start_processing      10024a20 f   sfc_mexmsvc80:sfc_sf.obj
 0001:00023a60       _mdlStart                  10024a60 f   sfc_mexmsvc80:sfc_sf.obj
 0001:00023b30       _mdlEnable                 10024b30 f   sfc_mexmsvc80:sfc_sf.obj
 0001:00023be0       _mdlDisable                10024be0 f   sfc_mexmsvc80:sfc_sf.obj
 0001:00023c70       _sf_get_chart_instance_ptr 10024c70 f   sfc_mexmsvc80:sfc_sf.obj
 0001:00023c90       _sf_rtw_info_uint_prop     10024c90 f   sfc_mexmsvc80:sfc_sf.obj
 0001:00023dd0       _sf_is_chart_inlinable     10024dd0 f   sfc_mexmsvc80:sfc_sf.obj
 0001:00023e00       _sf_mark_output_events_with_multiple_callers 10024e00 f   sfc_mexmsvc80:sfc_sf.obj
 0001:00023f80       _sf_mark_chart_reusable_outputs 10024f80 f   sfc_mexmsvc80:sfc_sf.obj
 0001:00024110       _sf_mark_chart_expressionable_inputs 10025110 f   sfc_mexmsvc80:sfc_sf.obj
 0001:00024310       _sf_get_subchart_simstruct 10025310 f   sfc_mexmsvc80:sfc_sf.obj
 0001:00024350       _sf_write_symbol_mapping   10025350 f   sfc_mexmsvc80:sfc_sf.obj
 0001:00024530       _sf_get_fixpt_data_type_id 10025530 f   sfc_mexmsvc80:sfc_sf.obj
 0001:00024570       _sf_get_enum_data_type_id  10025570 f   sfc_mexmsvc80:sfc_sf.obj
 0001:000245b0       _sf_get_param_data_type_id 100255b0 f   sfc_mexmsvc80:sfc_sf.obj
 0001:000245e0       _sf_mex_listen_for_ctrl_c_force 100255e0 f   sfc_mexmsvc80:sfc_sf.obj
 0001:000246e0       _sf_mex_draw_now           100256e0 f   sfc_mexmsvc80:sfc_sf.obj
 0001:00024720       _sf_mex_set_debugger_sim_status_listener_fcn 10025720 f   sfc_mexmsvc80:sfc_sf.obj
 0001:00024730       _sf_mex_listen_for_ctrl_c  10025730 f   sfc_mexmsvc80:sfc_sf.obj
 0001:000247c0       _sf_mex_get_sfun_param     100257c0 f   sfc_mexmsvc80:sfc_sf.obj
 0001:00024810       _sf_get_runtime_param_data 10025810 f   sfc_mexmsvc80:sfc_sf.obj
 0001:00024850       _sf_call_output_fcn_call   10025850 f   sfc_mexmsvc80:sfc_sf.obj
 0001:00024970       _sf_call_output_fcn_enable 10025970 f   sfc_mexmsvc80:sfc_sf.obj
 0001:000249f0       _sf_call_output_fcn_disable 100259f0 f   sfc_mexmsvc80:sfc_sf.obj
 0001:00024a70       _sf_clear_rtw_identifier   10025a70 f   sfc_mexmsvc80:sfc_sf.obj
 0001:000252a0       _sf_set_encoded_dwork_info 100262a0 f   sfc_mexmsvc80:sfc_sf.obj
 0001:000252e0       _sf_get_dwork_info_from_mat_file 100262e0 f   sfc_mexmsvc80:sfc_sf.obj
 0001:00025450       _sf_set_rtw_dwork_info     10026450 f   sfc_mexmsvc80:sfc_sf.obj
 0001:00025580       _mdlOutputs                10026580 f   sfc_mexmsvc80:sfc_sf.obj
 0001:00025690       _sf_debug_disp             10026690 f   sfc_debugmsvc80:sfcdebug.obj
 0001:00025890       _sf_debug_data_runtime_size_mismatch_error_check 10026890 f   sfc_debugmsvc80:sfcdebug.obj
 0001:000258d0       _sf_debug_try_loading_machine 100268d0 f   sfc_debugmsvc80:sfcdebug.obj
 0001:000259a0       _sf_debug_reset_current_state_configuration 100269a0 f   sfc_debugmsvc80:sfcdebug.obj
 0001:000259e0       _sf_debug_store_current_state_configuration 100269e0 f   sfc_debugmsvc80:sfcdebug.obj
 0001:00025a20       _sf_debug_restore_previous_state_configuration 10026a20 f   sfc_debugmsvc80:sfcdebug.obj
 0001:00025a60       _sf_debug_restore_previous_state_configuration2 10026a60 f   sfc_debugmsvc80:sfcdebug.obj
 0001:00025aa0       _sf_debug_get_event_scope  10026aa0 f   sfc_debugmsvc80:sfcdebug.obj
 0001:00025bc0       _use_debugger_step_animation 10026bc0 f   sfc_debugmsvc80:sfcdebug.obj
 0001:00025be0       _sf_debug_get_script_id    10026be0 f   sfc_debugmsvc80:sfcdebug.obj
 0001:00025c70       _sf_debug_set_script_translation 10026c70 f   sfc_debugmsvc80:sfcdebug.obj
 0001:00025d00       _sf_debug_get_current_machine_id 10026d00 f   sfc_debugmsvc80:sfcdebug.obj
 0001:00025d20       _sf_debug_get_current_optional_integer 10026d20 f   sfc_debugmsvc80:sfcdebug.obj
 0001:00025d30       _sf_debug_get_current_machine_number 10026d30 f   sfc_debugmsvc80:sfcdebug.obj
 0001:00025d50       _sf_debug_get_current_machine_name 10026d50 f   sfc_debugmsvc80:sfcdebug.obj
 0001:00025d70       _sf_debug_get_current_chart_id 10026d70 f   sfc_debugmsvc80:sfcdebug.obj
 0001:00025da0       _sf_debug_get_current_chart_number 10026da0 f   sfc_debugmsvc80:sfcdebug.obj
 0001:00025db0       _sf_debug_get_current_instance_number 10026db0 f   sfc_debugmsvc80:sfcdebug.obj
 0001:00025dc0       _sf_debug_get_current_is_minor_time_step 10026dc0 f   sfc_debugmsvc80:sfcdebug.obj
 0001:00025e30       _sf_debug_get_current_object_type 10026e30 f   sfc_debugmsvc80:sfcdebug.obj
 0001:00025e40       _sf_debug_get_current_instance_handle 10026e40 f   sfc_debugmsvc80:sfcdebug.obj
 0001:00025e90       _sf_debug_get_current_event_type 10026e90 f   sfc_debugmsvc80:sfcdebug.obj
 0001:00025ea0       _sf_debug_get_current_object_id 10026ea0 f   sfc_debugmsvc80:sfcdebug.obj
 0001:00025ed0       _sf_debug_get_current_active_event_type 10026ed0 f   sfc_debugmsvc80:sfcdebug.obj
 0001:00025ee0       _sf_debug_get_current_active_event_id 10026ee0 f   sfc_debugmsvc80:sfcdebug.obj
 0001:00025f10       _sf_debug_get_current_tag_type 10026f10 f   sfc_debugmsvc80:sfcdebug.obj
 0001:00025f20       _sf_debug_get_current_simulation_time 10026f20 f   sfc_debugmsvc80:sfcdebug.obj
 0001:00025f30       _sf_debug_get_current_coverage_percentage 10026f30 f   sfc_debugmsvc80:sfcdebug.obj
 0001:00025f40       _sf_debug_current_statement_context 10026f40 f   sfc_debugmsvc80:sfcdebug.obj
 0001:00025fc0       _sf_debug_get_current_statement_info 10026fc0 f   sfc_debugmsvc80:sfcdebug.obj
 0001:00026100       _sf_debug_terminate_instance 10027100 f   sfc_debugmsvc80:sfcdebug.obj
 0001:00026380       _sf_debug_assertion_failed 10027380 f   sfc_debugmsvc80:sfcdebug.obj
 0001:00026550       _sf_debug_set_number_of_data_with_change_event_for_machine 10027550 f   sfc_debugmsvc80:sfcdebug.obj
 0001:00026590       _sf_debug_set_machine_event_thresholds 10027590 f   sfc_debugmsvc80:sfcdebug.obj
 0001:000265c0       _sf_debug_set_machine_event_scope 100275c0 f   sfc_debugmsvc80:sfcdebug.obj
 0001:00026600       _sf_debug_set_machine_data_thresholds 10027600 f   sfc_debugmsvc80:sfcdebug.obj
 0001:00026640       _sf_debug_set_machine_data_scope 10027640 f   sfc_debugmsvc80:sfcdebug.obj
 0001:000266c0       _sf_debug_set_machine_data_name 100276c0 f   sfc_debugmsvc80:sfcdebug.obj
 0001:00026710       _sf_debug_set_machine_data_size 10027710 f   sfc_debugmsvc80:sfcdebug.obj
 0001:00026800       _sf_debug_set_machine_data_type 10027800 f   sfc_debugmsvc80:sfcdebug.obj
 0001:00026920       _sf_debug_get_chart_data_number 10027920 f   sfc_debugmsvc80:sfcdebug.obj
 0001:00026950       _sf_debug_get_chart_event_number 10027950 f   sfc_debugmsvc80:sfcdebug.obj
 0001:00026980       _sf_debug_set_chart_state_info 10027980 f   sfc_debugmsvc80:sfcdebug.obj
 0001:00026a00       _sf_debug_set_chart_decomposition 10027a00 f   sfc_debugmsvc80:sfcdebug.obj
 0001:00026a70       _sf_debug_set_chart_substate_count 10027a70 f   sfc_debugmsvc80:sfcdebug.obj
 0001:00026b30       _sf_debug_set_chart_substate_index 10027b30 f   sfc_debugmsvc80:sfcdebug.obj
 0001:00026ba0       _sf_debug_set_chart_state_substate_count 10027ba0 f   sfc_debugmsvc80:sfcdebug.obj
 0001:00026c80       _sf_debug_set_chart_state_substate_index 10027c80 f   sfc_debugmsvc80:sfcdebug.obj
 0001:00026d00       _sf_debug_set_number_of_data_with_change_event_for_chart 10027d00 f   sfc_debugmsvc80:sfcdebug.obj
 0001:00026d80       _sf_debug_set_number_of_states_with_entry_event_for_chart 10027d80 f   sfc_debugmsvc80:sfcdebug.obj
 0001:00026df0       _sf_debug_set_number_of_states_with_exit_event_for_chart 10027df0 f   sfc_debugmsvc80:sfcdebug.obj
 0001:00026e60       _sf_debug_set_chart_disable_implicit_casting 10027e60 f   sfc_debugmsvc80:sfcdebug.obj
 0001:00026ed0       _sf_debug_set_chart_event_thresholds 10027ed0 f   sfc_debugmsvc80:sfcdebug.obj
 0001:00026f40       _sf_debug_set_chart_data_compiled_props 10027f40 f   sfc_debugmsvc80:sfcdebug.obj
 0001:000271b0       _sf_debug_set_chart_data_props 100281b0 f   sfc_debugmsvc80:sfcdebug.obj
 0001:00027420       _sf_debug_check_fi_license 10028420 f   sfc_debugmsvc80:sfcdebug.obj
 0001:000275b0       _sf_debug_symbol_scope_push 100285b0 f   sfc_debugmsvc80:sfcdebug.obj
 0001:000275f0       _sf_debug_symbol_scope_push_eml 100285f0 f   sfc_debugmsvc80:sfcdebug.obj
 0001:00027630       _sf_debug_symbol_scope_pop 10028630 f   sfc_debugmsvc80:sfcdebug.obj
 0001:00027660       _sf_debug_symbol_scope_add_importable 10028660 f   sfc_debugmsvc80:sfcdebug.obj
 0001:000276c0       _sf_debug_symbol_scope_add 100286c0 f   sfc_debugmsvc80:sfcdebug.obj
 0001:00027720       _sf_debug_symbol_scope_add_dyn_importable 10028720 f   sfc_debugmsvc80:sfcdebug.obj
 0001:00027790       _sf_debug_symbol_scope_add_dyn 10028790 f   sfc_debugmsvc80:sfcdebug.obj
 0001:000277c0       _sf_debug_symbol_scope_add_eml_importable 100287c0 f   sfc_debugmsvc80:sfcdebug.obj
 0001:000277f0       _sf_debug_symbol_scope_add_eml 100287f0 f   sfc_debugmsvc80:sfcdebug.obj
 0001:00027820       _sf_debug_symbol_scope_add_eml_dyn_importable 10028820 f   sfc_debugmsvc80:sfcdebug.obj
 0001:00027870       _sf_debug_symbol_scope_add_eml_dyn 10028870 f   sfc_debugmsvc80:sfcdebug.obj
 0001:000278c0       _sf_debug_symbol_switch    100288c0 f   sfc_debugmsvc80:sfcdebug.obj
 0001:000278e0       _sf_debug_symbol_scope_add_verbose 100288e0 f   sfc_debugmsvc80:sfcdebug.obj
 0001:00027950       _sf_debug_set_machine_data_value_ptr 10028950 f   sfc_debugmsvc80:sfcdebug.obj
 0001:00027990       _sf_debug_set_instance_data_value_ptr 10028990 f   sfc_debugmsvc80:sfcdebug.obj
 0001:000279f0       _sf_debug_unset_instance_data_value_ptr 100289f0 f   sfc_debugmsvc80:sfcdebug.obj
 0001:00027a40       _sf_debug_set_chart_event_scope 10028a40 f   sfc_debugmsvc80:sfcdebug.obj
 0001:00027ac0       _sf_debug_set_chart_transition_coverage_maps 10028ac0 f   sfc_debugmsvc80:sfcdebug.obj
 0001:00027b50       _sf_debug_set_chart_state_coverage_maps 10028b50 f   sfc_debugmsvc80:sfcdebug.obj
 0001:00027bd0       _sf_debug_set_instance_transition_coverage_weights 10028bd0 f   sfc_debugmsvc80:sfcdebug.obj
 0001:00027c40       _sf_debug_set_instance_state_coverage_weights 10028c40 f   sfc_debugmsvc80:sfcdebug.obj
 0001:00027e40       _sf_debug_unload_machine   10028e40 f   sfc_debugmsvc80:sfcdebug.obj
 0001:00027e90       _sf_debug_load_machine     10028e90 f   sfc_debugmsvc80:sfcdebug.obj
 0001:00027f40       _sf_debug_set_active_instance_in_data_dictionary 10028f40 f   sfc_debugmsvc80:sfcdebug.obj
 0001:000280c0       _sf_debug_set_active_instance 100290c0 f   sfc_debugmsvc80:sfcdebug.obj
 0001:000281b0       _sf_debug_chart_visiblity_change 100291b0 f   sfc_debugmsvc80:sfcdebug.obj
 0001:00028250       _sf_debug_select_chart     10029250 f   sfc_debugmsvc80:sfcdebug.obj
 0001:000282f0       _sf_debug_set_instance_cv_ids 100292f0 f   sfc_debugmsvc80:sfcdebug.obj
 0001:000284b0       _sf_debug_select_charts    100294b0 f   sfc_debugmsvc80:sfcdebug.obj
 0001:00028590       _sf_debug_initialized      10029590 f   sfc_debugmsvc80:sfcdebug.obj
 0001:000285a0       _sf_debug_is_uninterruptible 100295a0 f   sfc_debugmsvc80:sfcdebug.obj
 0001:000285d0       _sf_debug_initialize_debugger_gui 100295d0 f   sfc_debugmsvc80:sfcdebug.obj
 0001:00028950       _sf_debug_resume           10029950 f   sfc_debugmsvc80:sfcdebug.obj
 0001:00028970       _sf_debug_go               10029970 f   sfc_debugmsvc80:sfcdebug.obj
 0001:00028980       _sf_debug_break            10029980 f   sfc_debugmsvc80:sfcdebug.obj
 0001:00028990       _sf_debug_step_over        10029990 f   sfc_debugmsvc80:sfcdebug.obj
 0001:000289a0       _sf_debug_step_out         100299a0 f   sfc_debugmsvc80:sfcdebug.obj
 0001:000289b0       _sf_debug_set_disable_all_breakpoints 100299b0 f   sfc_debugmsvc80:sfcdebug.obj
 0001:000289c0       _sf_debug_disable_all_breakpoints_and_go 100299c0 f   sfc_debugmsvc80:sfcdebug.obj
 0001:000289d0       _sf_debug_break_on_chart_entry 100299d0 f   sfc_debugmsvc80:sfcdebug.obj
 0001:000289e0       _sf_debug_break_on_event_broadcast 100299e0 f   sfc_debugmsvc80:sfcdebug.obj
 0001:000289f0       _sf_debug_break_on_state_entry 100299f0 f   sfc_debugmsvc80:sfcdebug.obj
 0001:00028a00       _sf_debug_break_between_times 10029a00 f   sfc_debugmsvc80:sfcdebug.obj
 0001:00028a30       _sf_debug_browse_data      10029a30 f   sfc_debugmsvc80:sfcdebug.obj
 0001:00028a50       _sf_debug_watch_data       10029a50 f   sfc_debugmsvc80:sfcdebug.obj
 0001:00028a70       _sf_debug_assign_data      10029a70 f   sfc_debugmsvc80:sfcdebug.obj
 0001:00028a90       _sf_debug_whos             10029a90 f   sfc_debugmsvc80:sfcdebug.obj
 0001:00028ab0       _sf_debug_get_consistency_info 10029ab0 f   sfc_debugmsvc80:sfcdebug.obj
 0001:00028ad0       _sf_debug_browse_trace     10029ad0 f   sfc_debugmsvc80:sfcdebug.obj
 0001:00028af0       _sf_debug_set_breakpoints  10029af0 f   sfc_debugmsvc80:sfcdebug.obj
 0001:00028bb0       _sf_debug_set_eml_breakpoints 10029bb0 f   sfc_debugmsvc80:sfcdebug.obj
 0001:00028cc0       _sf_debug_set_script_breakpoints 10029cc0 f   sfc_debugmsvc80:sfcdebug.obj
 0001:00028d40       _sf_debug_add_script_breakpoints 10029d40 f   sfc_debugmsvc80:sfcdebug.obj
 0001:00028db0       _sf_debug_clear_script_breakpoints 10029db0 f   sfc_debugmsvc80:sfcdebug.obj
 0001:00028e20       _sf_debug_query_script_breakpoints 10029e20 f   sfc_debugmsvc80:sfcdebug.obj
 0001:00028ec0       _sf_debug_get_eml_script_id 10029ec0 f   sfc_debugmsvc80:sfcdebug.obj
 0001:00028f10       _sf_debug_set_watch        10029f10 f   sfc_debugmsvc80:sfcdebug.obj
 0001:000290a0       _sf_debug_get_coverage     1002a0a0 f   sfc_debugmsvc80:sfcdebug.obj
 0001:000290c0       _sf_debug_get_instance_handle 1002a0c0 f   sfc_debugmsvc80:sfcdebug.obj
 0001:00029140       _sf_debug_get_active_states 1002a140 f   sfc_debugmsvc80:sfcdebug.obj
 0001:00029160       _sf_debug_get_animation    1002a160 f   sfc_debugmsvc80:sfcdebug.obj
 0001:00029170       _sf_debug_set_animation    1002a170 f   sfc_debugmsvc80:sfcdebug.obj
 0001:00029180       _sf_debug_animate          1002a180 f   sfc_debugmsvc80:sfcdebug.obj
 0001:000291b0       _sf_debug_cycle_detection_check 1002a1b0 f   sfc_debugmsvc80:sfcdebug.obj
 0001:000291c0       _sf_debug_data_range_check 1002a1c0 f   sfc_debugmsvc80:sfcdebug.obj
 0001:000291d0       _sf_debug_transition_conflict_check 1002a1d0 f   sfc_debugmsvc80:sfcdebug.obj
 0001:000291e0       _sf_debug_state_consistency_check 1002a1e0 f   sfc_debugmsvc80:sfcdebug.obj
 0001:000291f0       _sf_debug_data_range_check_enabled 1002a1f0 f   sfc_debugmsvc80:sfcdebug.obj
 0001:00029200       _sf_debug_transition_conflict_check_enabled 1002a200 f   sfc_debugmsvc80:sfcdebug.obj
 0001:00029210       _sf_debug_transition_conflict_check_begin 1002a210 f   sfc_debugmsvc80:sfcdebug.obj
 0001:00029230       _sf_debug_transition_conflict_check_end 1002a230 f   sfc_debugmsvc80:sfcdebug.obj
 0001:00029250       _sf_debug_stop_debugging   1002a250 f   sfc_debugmsvc80:sfcdebug.obj
 0001:00029280       _sf_debug_is_cycle_detected 1002a280 f   sfc_debugmsvc80:sfcdebug.obj
 0001:00029290       _sf_debug_is_array_bounds_detected 1002a290 f   sfc_debugmsvc80:sfcdebug.obj
 0001:000292a0       _sf_debug_get_state_vectors_data_size 1002a2a0 f   sfc_debugmsvc80:sfcdebug.obj
 0001:000292e0       _sf_debug_get_state_vectors_data 1002a2e0 f   sfc_debugmsvc80:sfcdebug.obj
 0001:000293b0       _sf_debug_set_state_vectors_data 1002a3b0 f   sfc_debugmsvc80:sfcdebug.obj
 0001:000295e0       _sf_debug_get_script_index 1002a5e0 f   sfc_debugmsvc80:sfcdebug.obj
 0001:00029710       _sf_debug_add_script       1002a710 f   sfc_debugmsvc80:sfcdebug.obj
 0001:00029860       _cv_eval_point             1002a860 f   sfc_debugmsvc80:sfcdebug.obj
 0001:00029930       _sf_debug_cv_init_state    1002a930 f   sfc_debugmsvc80:sfcdebug.obj
 0001:000299c0       _sf_debug_cv_init_chart    1002a9c0 f   sfc_debugmsvc80:sfcdebug.obj
 0001:00029a40       _sf_debug_cv_init_trans    1002aa40 f   sfc_debugmsvc80:sfcdebug.obj
 0001:00029b20       _cv_eml_init_script        1002ab20 f   sfc_debugmsvc80:sfcdebug.obj
 0001:00029b90       _cv_eml_init_fcn           1002ab90 f   sfc_debugmsvc80:sfcdebug.obj
 0001:00029bf0       _cv_eml_init_testobjective 1002abf0 f   sfc_debugmsvc80:sfcdebug.obj
 0001:00029c50       _cv_eml_init_if            1002ac50 f   sfc_debugmsvc80:sfcdebug.obj
 0001:00029cb0       _cv_eml_init_for           1002acb0 f   sfc_debugmsvc80:sfcdebug.obj
 0001:00029d10       _cv_eml_init_while         1002ad10 f   sfc_debugmsvc80:sfcdebug.obj
 0001:00029d70       _cv_eml_init_mcdc          1002ad70 f   sfc_debugmsvc80:sfcdebug.obj
 0001:00029de0       _cv_eml_init_switch        1002ade0 f   sfc_debugmsvc80:sfcdebug.obj
 0001:00029e40       _cv_eml_eval               1002ae40 f   sfc_debugmsvc80:sfcdebug.obj
 0001:00029eb0       _sf_debug_bm_is_a_eml_breakpoint 1002aeb0 f   sfc_debugmsvc80:sfcdebug.obj
 0001:00029fe0       _sf_debug_temporal_threshold 1002afe0 f   sfc_debugmsvc80:sfcdebug.obj
 0001:0002a2d0       _sf_debug_transition_conflict_error 1002b2d0 f   sfc_debugmsvc80:sfcdebug.obj
 0001:0002a570       _sf_debug_state_inconsistency_error 1002b570 f   sfc_debugmsvc80:sfcdebug.obj
 0001:0002a660       _sf_debug_check_for_state_inconsistency 1002b660 f   sfc_debugmsvc80:sfcdebug.obj
 0001:0002a6a0       _sf_debug_cycle_detecton_error 1002b6a0 f   sfc_debugmsvc80:sfcdebug.obj
 0001:0002acd0       _sf_debug_size_eq_check_1d 1002bcd0 f   sfc_debugmsvc80:sfcdebug.obj
 0001:0002acf0       _sf_debug_size_eq_check_nd 1002bcf0 f   sfc_debugmsvc80:sfcdebug.obj
 0001:0002add0       _sf_debug_dim_size_eq_check 1002bdd0 f   sfc_debugmsvc80:sfcdebug.obj
 0001:0002ae00       _sf_debug_dim_size_geq_check 1002be00 f   sfc_debugmsvc80:sfcdebug.obj
 0001:0002ae30       _sf_debug_sub_assign_size_check_nd 1002be30 f   sfc_debugmsvc80:sfcdebug.obj
 0001:0002af50       _sf_debug_matrix_matrix_index_check 1002bf50 f   sfc_debugmsvc80:sfcdebug.obj
 0001:0002af90       _sf_debug_vector_vector_index_check 1002bf90 f   sfc_debugmsvc80:sfcdebug.obj
 0001:0002afd0       _sf_debug_runtime_error_msgid 1002bfd0 f   sfc_debugmsvc80:sfcdebug.obj
 0001:0002b060       _sf_debug_data_array_bounds_error_check 1002c060 f   sfc_debugmsvc80:sfcdebug.obj
 0001:0002b0c0       _sf_debug_eml_data_array_bounds_error_check 1002c0c0 f   sfc_debugmsvc80:sfcdebug.obj
 0001:0002b3b0       _sf_debug_integer_check    1002c3b0 f   sfc_debugmsvc80:sfcdebug.obj
 0001:0002b430       _sf_debug_not_nan_check    1002c430 f   sfc_debugmsvc80:sfcdebug.obj
 0001:0002b480       _sf_debug_non_negative_check 1002c480 f   sfc_debugmsvc80:sfcdebug.obj
 0001:0002b4e0       _sf_debug_overflow_detection 1002c4e0 f   sfc_debugmsvc80:sfcdebug.obj
 0001:0002ba00       _sf_debug_cast_to_real32_T 1002ca00 f   sfc_debugmsvc80:sfcdebug.obj
 0001:0002ba60       _sf_debug_cast_to_int8_T   1002ca60 f   sfc_debugmsvc80:sfcdebug.obj
 0001:0002bae0       _sf_debug_cast_to_uint8_T  1002cae0 f   sfc_debugmsvc80:sfcdebug.obj
 0001:0002bb70       _sf_debug_cast_to_int16_T  1002cb70 f   sfc_debugmsvc80:sfcdebug.obj
 0001:0002bbf0       _sf_debug_cast_to_uint16_T 1002cbf0 f   sfc_debugmsvc80:sfcdebug.obj
 0001:0002bc80       _sf_debug_cast_to_int32_T  1002cc80 f   sfc_debugmsvc80:sfcdebug.obj
 0001:0002bcf0       _sf_debug_cast_to_uint32_T 1002ccf0 f   sfc_debugmsvc80:sfcdebug.obj
 0001:0002bd80       _sf_debug_data_range_error 1002cd80 f   sfc_debugmsvc80:sfcdebug.obj
 0001:0002c0f0       _sf_debug_data_range_error_wrapper_min_max 1002d0f0 f   sfc_debugmsvc80:sfcdebug.obj
 0001:0002c160       _sf_debug_data_range_error_wrapper_min 1002d160 f   sfc_debugmsvc80:sfcdebug.obj
 0001:0002c1c0       _sf_debug_data_range_error_wrapper_max 1002d1c0 f   sfc_debugmsvc80:sfcdebug.obj
 0001:0002c220       _sf_debug_data_range_wrapper 1002d220 f   sfc_debugmsvc80:sfcdebug.obj
 0001:0002c270       _sf_debug_set_current_status_info 1002d270 f   sfc_debugmsvc80:sfcdebug.obj
 0001:0002c5d0       _sf_debug_call             1002d5d0 f   sfc_debugmsvc80:sfcdebug.obj
 0001:0002cfc0       _sf_debug_initialize_machine 1002dfc0 f   sfc_debugmsvc80:sfcdebug.obj
 0001:0002d260       _sf_debug_initialize_chart 1002e260 f   sfc_debugmsvc80:sfcdebug.obj
 0001:0002d5c0       _sf_debug_ensure_script    1002e5c0 f   sfc_debugmsvc80:sfcdebug.obj
 0001:0002d670       _cv_script_init_script     1002e670 f   sfc_debugmsvc80:sfcdebug.obj
 0001:0002d6d0       _cv_script_init_fcn        1002e6d0 f   sfc_debugmsvc80:sfcdebug.obj
 0001:0002d720       _cv_script_init_testobjective 1002e720 f   sfc_debugmsvc80:sfcdebug.obj
 0001:0002d770       _cv_script_init_if         1002e770 f   sfc_debugmsvc80:sfcdebug.obj
 0001:0002d7c0       _cv_script_init_for        1002e7c0 f   sfc_debugmsvc80:sfcdebug.obj
 0001:0002d810       _cv_script_init_while      1002e810 f   sfc_debugmsvc80:sfcdebug.obj
 0001:0002d860       _cv_script_init_mcdc       1002e860 f   sfc_debugmsvc80:sfcdebug.obj
 0001:0002d8c0       _cv_script_init_switch     1002e8c0 f   sfc_debugmsvc80:sfcdebug.obj
 0001:0002d920       _cv_script_eval            1002e920 f   sfc_debugmsvc80:sfcdebug.obj
 0001:0002d980       _eml_debug_line_call       1002e980 f   sfc_debugmsvc80:sfcdebug.obj
 0001:0002da80       _sf_debug_terminate        1002ea80 f   sfc_debugmsvc80:sfcdebug.obj
 0001:0002dbb0       _sf_debug_set_script_cv_ids 1002ebb0 f   sfc_debugmsvc80:sfcdebug.obj
 0001:0002dcc0       _sf_debug_api              1002ecc0 f   sfc_debugmsvc80:sfc_api.obj
 0001:0002f670       _sf_debug_sm_terminate     10030670 f   sfc_debugmsvc80:sfdb_animation.obj
 0001:0002f7e0       _sf_debug_reset_path_objects 100307e0 f   sfc_debugmsvc80:sfdb_animation.obj
 0001:0002f850       _sf_debug_sm_reset_object_selection_status 10030850 f   sfc_debugmsvc80:sfdb_animation.obj
 0001:0002f8f0       _sf_debug_sm_reset_state_buffer 100308f0 f   sfc_debugmsvc80:sfdb_animation.obj
 0001:0002f9b0       _sf_debug_sm_store_state_buffer 100309b0 f   sfc_debugmsvc80:sfdb_animation.obj
 0001:0002fa30       _sf_debug_sm_restore_state_buffer1 10030a30 f   sfc_debugmsvc80:sfdb_animation.obj
 0001:0002fa90       _sf_debug_sm_restore_state_buffer2 10030a90 f   sfc_debugmsvc80:sfdb_animation.obj
 0001:0002faf0       _sf_debug_sm_chart_active  10030af0 f   sfc_debugmsvc80:sfdb_animation.obj
 0001:0002fb40       _sf_debug_sm_select_active_objects 10030b40 f   sfc_debugmsvc80:sfdb_animation.obj
 0001:0002fec0       _sf_debug_sm_is_chart_active 10030ec0 f   sfc_debugmsvc80:sfdb_animation.obj
 0001:0002ff00       _sf_debug_sm_is_state_active 10030f00 f   sfc_debugmsvc80:sfdb_animation.obj
 0001:000300b0       _sf_debug_sm_get_active_states 100310b0 f   sfc_debugmsvc80:sfdb_animation.obj
 0001:000304e0       _sf_debug_sm_initialize_instance 100314e0 f   sfc_debugmsvc80:sfdb_animation.obj
 0001:00030700       _sf_debug_sm_change_object_selection_status 10031700 f   sfc_debugmsvc80:sfdb_animation.obj
 0001:000308f0       _cv_create_interface       100318f0 f   sfc_debugmsvc80:cv_sfinterface.obj
 0001:00030c00       _cv_init_trans             10031c00 f   sfc_debugmsvc80:cv_sfinterface.obj
 0001:00030c50       _cv_init_state             10031c50 f   sfc_debugmsvc80:cv_sfinterface.obj
 0001:00030cb0       _cv_init_chart             10031cb0 f   sfc_debugmsvc80:cv_sfinterface.obj
 0001:00030d00       _cv_dec_update_call        10031d00 f   sfc_debugmsvc80:cv_sfinterface.obj
 0001:00030d40       _cv_cond_update_call       10031d40 f   sfc_debugmsvc80:cv_sfinterface.obj
 0001:00030d80       _cv_sigrange_update        10031d80 f   sfc_debugmsvc80:cv_sfinterface.obj
 0001:00030dd0       _cvsf_eml_eval             10031dd0 f   sfc_debugmsvc80:cv_sfinterface.obj
 0001:00030eb0       _cvsf_eml_init_script      10031eb0 f   sfc_debugmsvc80:cv_sfinterface.obj
 0001:00030f10       _cvsf_eml_init_fcn         10031f10 f   sfc_debugmsvc80:cv_sfinterface.obj
 0001:00030f70       _cvsf_eml_init_testobjective 10031f70 f   sfc_debugmsvc80:cv_sfinterface.obj
 0001:00030fd0       _cvsf_eml_init_if          10031fd0 f   sfc_debugmsvc80:cv_sfinterface.obj
 0001:00031030       _cvsf_eml_init_for         10032030 f   sfc_debugmsvc80:cv_sfinterface.obj
 0001:00031090       _cvsf_eml_init_while       10032090 f   sfc_debugmsvc80:cv_sfinterface.obj
 0001:000310f0       _cvsf_eml_init_mcdc        100320f0 f   sfc_debugmsvc80:cv_sfinterface.obj
 0001:00031160       _cvsf_eml_init_switch      10032160 f   sfc_debugmsvc80:cv_sfinterface.obj
 0001:000311c0       _cvsf_script_eval          100321c0 f   sfc_debugmsvc80:cv_sfinterface.obj
 0001:000312a0       _cvsf_script_init_script   100322a0 f   sfc_debugmsvc80:cv_sfinterface.obj
 0001:00031300       _cvsf_script_init_fcn      10032300 f   sfc_debugmsvc80:cv_sfinterface.obj
 0001:00031360       _cvsf_script_init_testobjective 10032360 f   sfc_debugmsvc80:cv_sfinterface.obj
 0001:000313c0       _cvsf_script_init_if       100323c0 f   sfc_debugmsvc80:cv_sfinterface.obj
 0001:00031420       _cvsf_script_init_for      10032420 f   sfc_debugmsvc80:cv_sfinterface.obj
 0001:00031470       _cvsf_script_init_while    10032470 f   sfc_debugmsvc80:cv_sfinterface.obj
 0001:000314c0       _cvsf_script_init_mcdc     100324c0 f   sfc_debugmsvc80:cv_sfinterface.obj
 0001:00031530       _cvsf_script_init_switch   10032530 f   sfc_debugmsvc80:cv_sfinterface.obj
 0001:00031590       _cv_destroy_interface      10032590 f   sfc_debugmsvc80:cv_sfinterface.obj
 0001:000315b0       _cv_create_instance_objects 100325b0 f   sfc_debugmsvc80:cv_sfinterface.obj
 0001:000318f0       _cv_is_enabled             100328f0 f   sfc_debugmsvc80:cv_sfinterface.obj
 0001:00031900       _sf_debug_cv_initialize_script 10032900 f   sfc_debugmsvc80:cv_sfinterface.obj
 0001:00031a90       _sf_debug_cv_initialize_instance 10032a90 f   sfc_debugmsvc80:cv_sfinterface.obj
 0001:00031d90       _sf_debug_cv_terminate_chart 10032d90 f   sfc_debugmsvc80:cv_sfinterface.obj
 0001:00031e80       _cv_call_trans_test        10032e80 f   sfc_debugmsvc80:cv_sfinterface.obj
 0001:00031e90       _cv_call_sub_cond_test     10032e90 f   sfc_debugmsvc80:cv_sfinterface.obj
 0001:00031fa0       _sf_debug_hm_initialize_instance 10032fa0 f   sfc_debugmsvc80:sfdb_handle_management.obj
 0001:00032480       _sf_debug_hm_get_object_id 10033480 f   sfc_debugmsvc80:sfdb_handle_management.obj
 0001:00033f30       _sf_debug_object_is_eml_function 10034f30 f   sfc_debugmsvc80:sfdb_handle_management.obj
 0001:00033f90       _sf_debug_hm_initialize_ids_in_machine 10034f90 f   sfc_debugmsvc80:sfdb_handle_management.obj
 0001:000340e0       _sf_debug_hm_initialize_ids_in_chart 100350e0 f   sfc_debugmsvc80:sfdb_handle_management.obj
 0001:00034200       _sf_debug_hm_initialize_chart 10035200 f   sfc_debugmsvc80:sfdb_handle_management.obj
 0001:000348b0       _sf_debug_hm_terminate     100358b0 f   sfc_debugmsvc80:sfdb_handle_management.obj
 0001:00034910       _sf_debug_hm_initialize_machine 10035910 f   sfc_debugmsvc80:sfdb_handle_management.obj
 0001:00034fd0       _sf_debug_st_initialize_machine 10035fd0 f   sfc_debugmsvc80:sfdb_data_browse.obj
 0001:00035080       _sf_debug_st_initialize_instance 10036080 f   sfc_debugmsvc80:sfdb_data_browse.obj
 0001:00035240       _sf_debug_st_terminate     10036240 f   sfc_debugmsvc80:sfdb_data_browse.obj
 0001:000353a0       _sf_debug_st_set_data_value_ptr_in_machine 100363a0 f   sfc_debugmsvc80:sfdb_data_browse.obj
 0001:00035410       _sf_debug_st_set_data_value_ptr_in_instance 10036410 f   sfc_debugmsvc80:sfdb_data_browse.obj
 0001:000354c0       _sf_debug_st_unset_data_value_ptr_in_machine 100364c0 f   sfc_debugmsvc80:sfdb_data_browse.obj
 0001:00035520       _sf_debug_st_unset_data_value_ptr_in_instance 10036520 f   sfc_debugmsvc80:sfdb_data_browse.obj
 0001:00035830       _sf_debug_mx_value         10036830 f   sfc_debugmsvc80:sfdb_data_browse.obj
 0001:00035880       _sf_debug_mx_packed_vector 10036880 f   sfc_debugmsvc80:sfdb_data_browse.obj
 0001:00035920       _sf_debug_mx_uint_vector   10036920 f   sfc_debugmsvc80:sfdb_data_browse.obj
 0001:000359a0       _sf_debug_st_get_double_value_from_void_ptr_vector 100369a0 f   sfc_debugmsvc80:sfdb_data_browse.obj
 0001:000361a0       _sf_debug_st_browse_data   100371a0 f   sfc_debugmsvc80:sfdb_data_browse.obj
 0001:000367a0       _sf_debug_ss_initialize    100377a0 f   sfc_debugmsvc80:sfdb_symbol_scope.obj
 0001:000367c0       _sf_debug_ss_terminate     100377c0 f   sfc_debugmsvc80:sfdb_symbol_scope.obj
 0001:00036840       _sf_debug_ss_push_symbol_scope 10037840 f   sfc_debugmsvc80:sfdb_symbol_scope.obj
 0001:00036900       _sf_debug_ss_push_symbol_scope_eml 10037900 f   sfc_debugmsvc80:sfdb_symbol_scope.obj
 0001:00036950       _sf_debug_ss_pop_symbol_scope 10037950 f   sfc_debugmsvc80:sfdb_symbol_scope.obj
 0001:000369f0       _sf_debug_ss_add_symbol    100379f0 f   sfc_debugmsvc80:sfdb_symbol_scope.obj
 0001:00036ae0       _sf_debug_ss_add_symbol_eml 10037ae0 f   sfc_debugmsvc80:sfdb_symbol_scope.obj
 0001:00037400       _sf_debug_ss_set_data_value 10038400 f   sfc_debugmsvc80:sfdb_symbol_scope.obj
 0001:00037740       _sf_debug_ss_watch_data    10038740 f   sfc_debugmsvc80:sfdb_symbol_scope.obj
 0001:000377c0       _sf_debug_ss_assign_data   100387c0 f   sfc_debugmsvc80:sfdb_symbol_scope.obj
 0001:00038060       _get_data_entry_name       10039060 f   sfc_debugmsvc80:sfdb_symbol_scope.obj
 0001:000380b0       _sf_debug_ss_whos          100390b0 f   sfc_debugmsvc80:sfdb_symbol_scope.obj
 0001:00038550       _sf_debug_cc_initialize_chart 10039550 f   sfc_debugmsvc80:sfdb_coverage.obj
 0001:00038f20       _sf_debug_cc_initialize_instance 10039f20 f   sfc_debugmsvc80:sfdb_coverage.obj
 0001:00039b30       _sf_debug_cc_terminate     1003ab30 f   sfc_debugmsvc80:sfdb_coverage.obj
 0001:00039c00       _sf_debug_cc_set_transition_maps 1003ac00 f   sfc_debugmsvc80:sfdb_coverage.obj
 0001:00039d00       _sf_debug_cc_set_state_maps 1003ad00 f   sfc_debugmsvc80:sfdb_coverage.obj
 0001:00039dd0       _sf_debug_cc_set_transition_weights 1003add0 f   sfc_debugmsvc80:sfdb_coverage.obj
 0001:00039ff0       _sf_debug_cc_set_state_weights 1003aff0 f   sfc_debugmsvc80:sfdb_coverage.obj
 0001:0003a230       _sf_debug_cc_mark_transition_guard 1003b230 f   sfc_debugmsvc80:sfdb_coverage.obj
 0001:0003a2b0       _sf_debug_cc_mark_transition_trigger 1003b2b0 f   sfc_debugmsvc80:sfdb_coverage.obj
 0001:0003a330       _sf_debug_cc_mark_transition_decision 1003b330 f   sfc_debugmsvc80:sfdb_coverage.obj
 0001:0003a390       _sf_debug_cc_mark_transition_condition_action 1003b390 f   sfc_debugmsvc80:sfdb_coverage.obj
 0001:0003a3e0       _sf_debug_cc_mark_transition_transition_action 1003b3e0 f   sfc_debugmsvc80:sfdb_coverage.obj
 0001:0003a430       _sf_debug_cc_mark_state_entry 1003b430 f   sfc_debugmsvc80:sfdb_coverage.obj
 0001:0003a480       _sf_debug_cc_mark_state_during 1003b480 f   sfc_debugmsvc80:sfdb_coverage.obj
 0001:0003a4d0       _sf_debug_cc_mark_state_exit 1003b4d0 f   sfc_debugmsvc80:sfdb_coverage.obj
 0001:0003aae0       _sf_debug_cc_get_coverage  1003bae0 f   sfc_debugmsvc80:sfdb_coverage.obj
 0001:0003af50       _sf_debug_bm_clear_script_breakpoints 1003bf50 f   sfc_debugmsvc80:sfdb_breakpoints.obj
 0001:0003af90       _sf_debug_bm_set_script_breakpoint 1003bf90 f   sfc_debugmsvc80:sfdb_breakpoints.obj
 0001:0003b000       _sf_debug_bm_clear_single_script_breakpoint 1003c000 f   sfc_debugmsvc80:sfdb_breakpoints.obj
 0001:0003b070       _sf_debug_bm_query_script_breakpoint 1003c070 f   sfc_debugmsvc80:sfdb_breakpoints.obj
 0001:0003b0c0       _sf_debug_bm_initialize_scripts 1003c0c0 f   sfc_debugmsvc80:sfdb_breakpoints.obj
 0001:0003b660       _sf_debug_bm_terminate     1003c660 f   sfc_debugmsvc80:sfdb_breakpoints.obj
 0001:0003b920       _sf_debug_bm_remove_all_breakpoints_in_machine 1003c920 f   sfc_debugmsvc80:sfdb_breakpoints.obj
 0001:0003b970       _sf_debug_bm_remove_all_breakpoints_in_chart 1003c970 f   sfc_debugmsvc80:sfdb_breakpoints.obj
 0001:0003baa0       _sf_debug_bm_initialize_global_breakpoints 1003caa0 f   sfc_debugmsvc80:sfdb_breakpoints.obj
 0001:0003bc50       _sf_debug_bm_set_breakpoint 1003cc50 f   sfc_debugmsvc80:sfdb_breakpoints.obj
 0001:0003c1b0       _sf_debug_bm_set_eml_breakpoint 1003d1b0 f   sfc_debugmsvc80:sfdb_breakpoints.obj
 0001:0003c230       _sf_debug_bm_initialize_machine_breakpoint_map 1003d230 f   sfc_debugmsvc80:sfdb_breakpoints.obj
 0001:0003c5d0       _sf_debug_bm_is_a_breakpoint 1003d5d0 f   sfc_debugmsvc80:sfdb_breakpoints.obj
 0001:0003c9f0       _sf_debug_bm_get_all_breakpoints_in_machine 1003d9f0 f   sfc_debugmsvc80:sfdb_breakpoints.obj
 0001:0003cc90       _sf_debug_bm_get_all_breakpoints_in_chart 1003dc90 f   sfc_debugmsvc80:sfdb_breakpoints.obj
 0001:0003d6c0       _sf_debug_bm_initialize_machine 1003e6c0 f   sfc_debugmsvc80:sfdb_breakpoints.obj
 0001:0003d760       _sf_debug_bm_initialize_chart 1003e760 f   sfc_debugmsvc80:sfdb_breakpoints.obj
 0001:0003daf0       _sf_debug_sc_terminate     1003eaf0 f   sfc_debugmsvc80:sfdb_state_consistency.obj
 0001:0003dd70       _sf_debug_sc_is_chart_consistent 1003ed70 f   sfc_debugmsvc80:sfdb_state_consistency.obj
 0001:0003df50       _sf_debug_sc_get_consistency_error_info 1003ef50 f   sfc_debugmsvc80:sfdb_state_consistency.obj
 0001:0003e2b0       _sf_debug_tm_terminate     1003f2b0 f   sfc_debugmsvc80:sfdb_call_stack.obj
 0001:0003e350       _sf_debug_tm_push_chart_instance 1003f350 f   sfc_debugmsvc80:sfdb_call_stack.obj
 0001:0003e480       _sf_debug_tm_pop_chart_instance 1003f480 f   sfc_debugmsvc80:sfdb_call_stack.obj
 0001:0003e4e0       _sf_debug_tm_push_trace_node 1003f4e0 f   sfc_debugmsvc80:sfdb_call_stack.obj
 0001:0003e5f0       _sf_debug_tm_pop_trace_node 1003f5f0 f   sfc_debugmsvc80:sfdb_call_stack.obj
 0001:0003e670       _sf_debug_tm_get_current_global_trace_index 1003f670 f   sfc_debugmsvc80:sfdb_call_stack.obj
 0001:0003e690       _sf_debug_tm_get_current_local_trace_index 1003f690 f   sfc_debugmsvc80:sfdb_call_stack.obj
 0001:0003e6c0       _sf_debug_tm_set_cycle_detected_flag 1003f6c0 f   sfc_debugmsvc80:sfdb_call_stack.obj
 0001:0003e710       _sf_debug_tm_set_cycle_started_flag 1003f710 f   sfc_debugmsvc80:sfdb_call_stack.obj
 0001:0003e760       _sf_debug_tm_get_chart_number_from_stack 1003f760 f   sfc_debugmsvc80:sfdb_call_stack.obj
 0001:0003e900       _sf_debug_tm_browse_trace  1003f900 f   sfc_debugmsvc80:sfdb_call_stack.obj
 0001:0003eb70       _sf_debug_cd_initialize_instance 1003fb70 f   sfc_debugmsvc80:sfdb_cycle_detection.obj
 0001:0003eda0       _sf_debug_cd_mark_processed_transition_in_instance 1003fda0 f   sfc_debugmsvc80:sfdb_cycle_detection.obj
 0001:0003ee20       _sf_debug_cd_checksum_push 1003fe20 f   sfc_debugmsvc80:sfdb_cycle_detection.obj
 0001:0003f120       _sf_debug_cd_checksum_pop  10040120 f   sfc_debugmsvc80:sfdb_cycle_detection.obj
 0001:0003f180       _sf_debug_cd_turn_off_cycle_detection 10040180 f   sfc_debugmsvc80:sfdb_cycle_detection.obj
 0001:0003f1d0       _sf_debug_cd_terminate     100401d0 f   sfc_debugmsvc80:sfdb_cycle_detection.obj
 0001:0003f3a0       _md5_initialize_state      100403a0 f   sfc_debugmsvc80:ckmd5.obj
 0001:0003fc30       _md5_update_state          10040c30 f   sfc_debugmsvc80:ckmd5.obj
 0001:0003fc50       _md5_get_hash              10040c50 f   sfc_debugmsvc80:ckmd5.obj
 0001:0003fc70       _md5_get_hash_for_a_single_string 10040c70 f   sfc_debugmsvc80:ckmd5.obj
 0001:0003fcda       _mxGetPr                   10040cda f   libmx:libmx.dll
 0001:0003fce0       _mxCreateDoubleScalar      10040ce0 f   libmx:libmx.dll
 0001:0003fce6       _mxSetField_730            10040ce6 f   libmx:libmx.dll
 0001:0003fcec       _mxCreateDoubleMatrix_730  10040cec f   libmx:libmx.dll
 0001:0003fcf2       _mxCreateStructMatrix_730  10040cf2 f   libmx:libmx.dll
 0001:0003fcf8       _mxDestroyArray            10040cf8 f   libmx:libmx.dll
 0001:0003fcfe       _mxCreateString            10040cfe f   libmx:libmx.dll
 0001:0003fd04       _mxDuplicateArray          10040d04 f   libmx:libmx.dll
 0001:0003fd0a       _mxGetInf                  10040d0a f   libmx:libmx.dll
 0001:0003fd10       _mxGetNaN                  10040d10 f   libmx:libmx.dll
 0001:0003fd16       _mxGetString_730           10040d16 f   libmx:libmx.dll
 0001:0003fd1c       _mxIsChar                  10040d1c f   libmx:libmx.dll
 0001:0003fd22       _mxGetClassID              10040d22 f   libmx:libmx.dll
 0001:0003fd28       _mxIsNumeric               10040d28 f   libmx:libmx.dll
 0001:0003fd2e       _mxIsComplex               10040d2e f   libmx:libmx.dll
 0001:0003fd34       _mxGetN                    10040d34 f   libmx:libmx.dll
 0001:0003fd3a       _mxGetM                    10040d3a f   libmx:libmx.dll
 0001:0003fd40       _mxCalloc                  10040d40 f   libmx:libmx.dll
 0001:0003fd46       _mxGetScalar               10040d46 f   libmx:libmx.dll
 0001:0003fd4c       _mxIsLogical               10040d4c f   libmx:libmx.dll
 0001:0003fd52       _mxCreateDoubleMatrix_700  10040d52 f   libmx:libmx.dll
 0001:0003fd58       _mxFree                    10040d58 f   libmx:libmx.dll
 0001:0003fd5e       _mxArrayToString           10040d5e f   libmx:libmx.dll
 0001:0003fd64       _mxCreateCellMatrix_700    10040d64 f   libmx:libmx.dll
 0001:0003fd6a       _mxSetCell_700             10040d6a f   libmx:libmx.dll
 0001:0003fd70       _mxGetCell_700             10040d70 f   libmx:libmx.dll
 0001:0003fd76       _mxGetClassName            10040d76 f   libmx:libmx.dll
 0001:0003fd7c       _mxSetField_700            10040d7c f   libmx:libmx.dll
 0001:0003fd82       _mxAddField                10040d82 f   libmx:libmx.dll
 0001:0003fd88       _mxGetField_700            10040d88 f   libmx:libmx.dll
 0001:0003fd8e       _mxGetNumberOfElements     10040d8e f   libmx:libmx.dll
 0001:0003fd94       _mxIsStruct                10040d94 f   libmx:libmx.dll
 0001:0003fd9a       _mxIsClass                 10040d9a f   libmx:libmx.dll
 0001:0003fda0       _mxGetLogicals             10040da0 f   libmx:libmx.dll
 0001:0003fda6       _mxIsSparse                10040da6 f   libmx:libmx.dll
 0001:0003fdac       _mxSetFieldByNumber_700    10040dac f   libmx:libmx.dll
 0001:0003fdb2       _mxGetFieldByNumber_700    10040db2 f   libmx:libmx.dll
 0001:0003fdb8       _mxGetFieldNameByNumber    10040db8 f   libmx:libmx.dll
 0001:0003fdbe       _mxGetNumberOfFields       10040dbe f   libmx:libmx.dll
 0001:0003fdc4       _mxCreateStructMatrix_700  10040dc4 f   libmx:libmx.dll
 0001:0003fdca       _mxGetFieldNumber          10040dca f   libmx:libmx.dll
 0001:0003fdd0       _mxIsNaN                   10040dd0 f   libmx:libmx.dll
 0001:0003fdd6       _mxIsEmpty                 10040dd6 f   libmx:libmx.dll
 0001:0003fddc       _mxGetData                 10040ddc f   libmx:libmx.dll
 0001:0003fde2       _mxGetImagData             10040de2 f   libmx:libmx.dll
 0001:0003fde8       _mxArrayClassIDName        10040de8 f   libmx:libmx.dll
 0001:0003fdee       _mxCreateNumericMatrix_700 10040dee f   libmx:libmx.dll
 0001:0003fdf4       _mxCreateStructArray_700   10040df4 f   libmx:libmx.dll
 0001:0003fdfa       _mxCalcSingleSubscript_700 10040dfa f   libmx:libmx.dll
 0001:0003fe00       _mxGetDimensions_700       10040e00 f   libmx:libmx.dll
 0001:0003fe06       _mxGetNumberOfDimensions_700 10040e06 f   libmx:libmx.dll
 0001:0003fe0c       _mxCreateNumericArray_700  10040e0c f   libmx:libmx.dll
 0001:0003fe12       _mxGetElementSize          10040e12 f   libmx:libmx.dll
 0001:0003fe18       _mxCreateStringFromNChars_700 10040e18 f   libmx:libmx.dll
 0001:0003fe1e       _mxGetString_700           10040e1e f   libmx:libmx.dll
 0001:0003fe24       _mxIsLogicalScalarTrue     10040e24 f   libmx:libmx.dll
 0001:0003fe2a       _mxCreateLogicalScalar     10040e2a f   libmx:libmx.dll
 0001:0003fe30       _mexUnlock                 10040e30 f   libmex:libmex.dll
 0001:0003fe36       _mexIsLocked               10040e36 f   libmex:libmex.dll
 0001:0003fe3c       _mexWarnMsgTxt             10040e3c f   libmex:libmex.dll
 0001:0003fe42       _mexCallMATLAB             10040e42 f   libmex:libmex.dll
 0001:0003fe48       _mexErrMsgTxt              10040e48 f   libmex:libmex.dll
 0001:0003fe4e       _mexSetTrapFlag            10040e4e f   libmex:libmex.dll
 0001:0003fe54       _mexMakeArrayPersistent    10040e54 f   libmex:libmex.dll
 0001:0003fe5a       _mexPutVariable            10040e5a f   libmex:libmex.dll
 0001:0003fe60       _mexGetVariable            10040e60 f   libmex:libmex.dll
 0001:0003fe66       _mexLock                   10040e66 f   libmex:libmex.dll
 0001:0003fe6c       _mexMakeMemoryPersistent   10040e6c f   libmex:libmex.dll
 0001:0003fe72       _mexFunctionName           10040e72 f   libmex:libmex.dll
 0001:0003fe78       _ssRegisterDataTypeFxpFSlopeFixExpBias 10040e78 f   libfixedpoint:libfixedpoint.dll
 0001:0003fe7e       _utVSNprintf               10040e7e f   libut:libut.dll
 0001:0003fe84       _utCPUtime                 10040e84 f   libut:libut.dll
 0001:0003fe8a       _utFree                    10040e8a f   libut:libut.dll
 0001:0003fe90       _utMalloc                  10040e90 f   libut:libut.dll
 0001:0003fe96       _muDoubleScalarSin         10040e96 f   libmwmathutil:libmwmathutil.dll
 0001:0003fe9c       _muDoubleScalarCos         10040e9c f   libmwmathutil:libmwmathutil.dll
 0001:0003fea2       _muDoubleScalarIsInf       10040ea2 f   libmwmathutil:libmwmathutil.dll
 0001:0003fea8       _muDoubleScalarIsNaN       10040ea8 f   libmwmathutil:libmwmathutil.dll
 0001:0003feae       _muDoubleScalarSqrt        10040eae f   libmwmathutil:libmwmathutil.dll
 0001:0003feb4       _muDoubleScalarAbs         10040eb4 f   libmwmathutil:libmwmathutil.dll
 0001:0003feba       _muDoubleScalarAtan        10040eba f   libmwmathutil:libmwmathutil.dll
 0001:0003fec0       _muDoubleScalarPower       10040ec0 f   libmwmathutil:libmwmathutil.dll
 0001:0003fec6       _muDoubleScalarFloor       10040ec6 f   libmwmathutil:libmwmathutil.dll
 0001:0003fecc       _muDoubleScalarAtan2       10040ecc f   libmwmathutil:libmwmathutil.dll
 0001:0003fed2       _muDoubleScalarLog         10040ed2 f   libmwmathutil:libmwmathutil.dll
 0001:0003fed8       _emlrtCheckBuiltInCtxR2011a 10040ed8 f   libemlrt:libemlrt.dll
 0001:0003fede       _emlrtCheckVsBuiltInCtxR2011a 10040ede f   libemlrt:libemlrt.dll
 0001:0003fee4       _emlrtCheckEnumR2009a      10040ee4 f   libemlrt:libemlrt.dll
 0001:0003feea       _emlrtCreateEnumR2010a     10040eea f   libemlrt:libemlrt.dll
 0001:0003fef0       _emlrtGetEnumElementR2009a 10040ef0 f   libemlrt:libemlrt.dll
 0001:0003fef6       _emlrtCreateReference      10040ef6 f   libemlrt:libemlrt.dll
 0001:0003fefc       _emlrtImportVsFiArrayR2009b 10040efc f   libemlrt:libemlrt.dll
 0001:0003ff02       _emlrtExtractMessageId     10040f02 f   libemlrt:libemlrt.dll
 0001:0003ff08       _emlrtTranslateMessageIDtoLCPstring 10040f08 f   libemlrt:libemlrt.dll
 0001:0003ff0e       _emlrtGetEnumUnderlyingArrayR2009a 10040f0e f   libemlrt:libemlrt.dll
 0001:0003ff14       _emlrtIsEnumR2009a         10040f14 f   libemlrt:libemlrt.dll
 0001:0003ff1a       _strlen                    10040f1a f   MSVCRT:MSVCR100.dll
 0001:0003ff20       @__security_check_cookie@4 10040f20 f   MSVCRT:secchk.obj
 0001:0003ff30       _memset                    10040f30 f   MSVCRT:MSVCR100.dll
 0001:0003ff36       _malloc                    10040f36 f   MSVCRT:MSVCR100.dll
 0001:0003ff3c       _free                      10040f3c f   MSVCRT:MSVCR100.dll
 0001:0003ff42       _strcmp                    10040f42 f   MSVCRT:MSVCR100.dll
 0001:0003ff48       _sprintf                   10040f48 f   MSVCRT:MSVCR100.dll
 0001:0003ff4e       _strcat                    10040f4e f   MSVCRT:MSVCR100.dll
 0001:0003ff60       __ftol2_sse                10040f60 f   MSVCRT:ftol2.obj
 0001:0003ff69       __ftol2_pentium4           10040f69 f   MSVCRT:ftol2.obj
 0001:0003ff7c       __ftol2_sse_excpt          10040f7c f   MSVCRT:ftol2.obj
 0001:0003ff96       __ftol2                    10040f96 f   MSVCRT:ftol2.obj
 0001:0004000c       _memcpy                    1004100c f   MSVCRT:MSVCR100.dll
 0001:00040012       _NtCurrentTeb              10041012 f i MSVCRT:crtdll.obj
 0001:00040067       __CRT_INIT@12              10041067 f   MSVCRT:crtdll.obj
 0001:00040387       __DllMainCRTStartup@12     10041387 f   MSVCRT:crtdll.obj
 0001:000403aa       _strncpy                   100413aa f   MSVCRT:MSVCR100.dll
 0001:000403b0       __chkstk                   100413b0 f   MSVCRT:chkstk.obj
 0001:000403b0       __alloca_probe             100413b0     MSVCRT:chkstk.obj
 0001:000403dc       _longjmp                   100413dc f   MSVCRT:MSVCR100.dll
 0001:000403e2       _strncmp                   100413e2 f   MSVCRT:MSVCR100.dll
 0001:000403e8       _ceil                      100413e8 f   MSVCRT:MSVCR100.dll
 0001:000403ee       _strrchr                   100413ee f   MSVCRT:MSVCR100.dll
 0001:000403f4       __setjmp3                  100413f4 f   MSVCRT:MSVCR100.dll
 0001:000403fa       _calloc                    100413fa f   MSVCRT:MSVCR100.dll
 0001:00040400       _realloc                   10041400 f   MSVCRT:MSVCR100.dll
 0001:00040406       _ldexp                     10041406 f   MSVCRT:MSVCR100.dll
 0001:0004040c       ___report_gsfailure        1004140c f   MSVCRT:gs_report.obj
 0001:00040512       ___sse2_available_init     10041512 f   MSVCRT:cpu_disp.obj
 0001:00040522       ___clean_type_info_names   10041522 f   MSVCRT:tncleanup.obj
 0001:0004052e       __onexit                   1004152e f   MSVCRT:atonexit.obj
 0001:000405cf       _atexit                    100415cf f   MSVCRT:atonexit.obj
 0001:000405e6       __RTC_Initialize           100415e6 f   MSVCRT:_initsect_.obj
 0001:0004060c       __RTC_Terminate            1004160c f   MSVCRT:_initsect_.obj
 0001:00040632       __malloc_crt               10041632 f   MSVCRT:MSVCR100.dll
 0001:00040638       __encoded_null             10041638 f   MSVCRT:MSVCR100.dll
 0001:00040640       __ValidateImageBase        10041640 f   MSVCRT:pesect.obj
 0001:00040680       __FindPESection            10041680 f   MSVCRT:pesect.obj
 0001:000406d0       __IsNonwritableInCurrentImage 100416d0 f   MSVCRT:pesect.obj
 0001:0004078c       __initterm                 1004178c f   MSVCRT:MSVCR100.dll
 0001:00040792       __initterm_e               10041792 f   MSVCRT:MSVCR100.dll
 0001:00040798       __amsg_exit                10041798 f   MSVCRT:MSVCR100.dll
 0001:0004079e       ___CppXcptFilter           1004179e f   MSVCRT:MSVCR100.dll
 0001:000407a4       _DllMain@12                100417a4 f   MSVCRT:dllmain.obj
 0001:000407d0       __SEH_prolog4              100417d0 f   MSVCRT:sehprolg4.obj
 0001:00040815       __SEH_epilog4              10041815 f   MSVCRT:sehprolg4.obj
 0001:00040829       __except_handler4          10041829 f   MSVCRT:chandler4gs.obj
 0001:0004084e       ___security_init_cookie    1004184e f   MSVCRT:gs_support.obj
 0001:000408ea       __crt_debugger_hook        100418ea f   MSVCRT:MSVCR100.dll
 0001:000408f0       ___clean_type_info_names_internal 100418f0 f   MSVCRT:MSVCR100.dll
 0001:000408f6       __unlock                   100418f6 f   MSVCRT:MSVCR100.dll
 0001:000408fc       ___dllonexit               100418fc f   MSVCRT:MSVCR100.dll
 0001:00040902       __lock                     10041902 f   MSVCRT:MSVCR100.dll
 0001:00040908       __except_handler4_common   10041908 f   MSVCRT:MSVCR100.dll
 0001:0004090e       _EncodePointer@4           1004190e f   kernel32:KERNEL32.dll
 0001:00040914       _DecodePointer@4           10041914 f   kernel32:KERNEL32.dll
 0001:0004091a       _InterlockedExchange@8     1004191a f   kernel32:KERNEL32.dll
 0001:00040920       _Sleep@4                   10041920 f   kernel32:KERNEL32.dll
 0001:00040926       _InterlockedCompareExchange@12 10041926 f   kernel32:KERNEL32.dll
 0001:0004092c       _TerminateProcess@8        1004192c f   kernel32:KERNEL32.dll
 0001:00040932       _GetCurrentProcess@0       10041932 f   kernel32:KERNEL32.dll
 0001:00040938       _UnhandledExceptionFilter@4 10041938 f   kernel32:KERNEL32.dll
 0001:0004093e       _SetUnhandledExceptionFilter@4 1004193e f   kernel32:KERNEL32.dll
 0001:00040944       _IsDebuggerPresent@0       10041944 f   kernel32:KERNEL32.dll
 0001:0004094a       _IsProcessorFeaturePresent@4 1004194a f   kernel32:KERNEL32.dll
 0001:00040950       _DisableThreadLibraryCalls@4 10041950 f   kernel32:KERNEL32.dll
 0001:00040956       _QueryPerformanceCounter@4 10041956 f   kernel32:KERNEL32.dll
 0001:0004095c       _GetTickCount@0            1004195c f   kernel32:KERNEL32.dll
 0001:00040962       _GetCurrentThreadId@0      10041962 f   kernel32:KERNEL32.dll
 0001:00040968       _GetCurrentProcessId@0     10041968 f   kernel32:KERNEL32.dll
 0001:0004096e       _GetSystemTimeAsFileTime@4 1004196e f   kernel32:KERNEL32.dll
 0002:00000000       __imp__DisableThreadLibraryCalls@4 10042000     kernel32:KERNEL32.dll
 0002:00000004       __imp__IsProcessorFeaturePresent@4 10042004     kernel32:KERNEL32.dll
 0002:00000008       __imp__IsDebuggerPresent@0 10042008     kernel32:KERNEL32.dll
 0002:0000000c       __imp__SetUnhandledExceptionFilter@4 1004200c     kernel32:KERNEL32.dll
 0002:00000010       __imp__UnhandledExceptionFilter@4 10042010     kernel32:KERNEL32.dll
 0002:00000014       __imp__GetCurrentProcess@0 10042014     kernel32:KERNEL32.dll
 0002:00000018       __imp__TerminateProcess@8  10042018     kernel32:KERNEL32.dll
 0002:0000001c       __imp__InterlockedCompareExchange@12 1004201c     kernel32:KERNEL32.dll
 0002:00000020       __imp__Sleep@4             10042020     kernel32:KERNEL32.dll
 0002:00000024       __imp__InterlockedExchange@8 10042024     kernel32:KERNEL32.dll
 0002:00000028       __imp__DecodePointer@4     10042028     kernel32:KERNEL32.dll
 0002:0000002c       __imp__EncodePointer@4     1004202c     kernel32:KERNEL32.dll
 0002:00000030       __imp__GetTickCount@0      10042030     kernel32:KERNEL32.dll
 0002:00000034       __imp__GetCurrentThreadId@0 10042034     kernel32:KERNEL32.dll
 0002:00000038       __imp__GetCurrentProcessId@0 10042038     kernel32:KERNEL32.dll
 0002:0000003c       __imp__GetSystemTimeAsFileTime@4 1004203c     kernel32:KERNEL32.dll
 0002:00000040       __imp__QueryPerformanceCounter@4 10042040     kernel32:KERNEL32.dll
 0002:00000044       \177KERNEL32_NULL_THUNK_DATA 10042044     kernel32:KERNEL32.dll
 0002:00000048       __imp___except_handler4_common 10042048     MSVCRT:MSVCR100.dll
 0002:0000004c       __imp___onexit             1004204c     MSVCRT:MSVCR100.dll
 0002:00000050       __imp___lock               10042050     MSVCRT:MSVCR100.dll
 0002:00000054       __imp____dllonexit         10042054     MSVCRT:MSVCR100.dll
 0002:00000058       __imp___unlock             10042058     MSVCRT:MSVCR100.dll
 0002:0000005c       __imp____clean_type_info_names_internal 1004205c     MSVCRT:MSVCR100.dll
 0002:00000060       __imp___crt_debugger_hook  10042060     MSVCRT:MSVCR100.dll
 0002:00000064       __imp____CppXcptFilter     10042064     MSVCRT:MSVCR100.dll
 0002:00000068       __imp___amsg_exit          10042068     MSVCRT:MSVCR100.dll
 0002:0000006c       __imp___initterm_e         1004206c     MSVCRT:MSVCR100.dll
 0002:00000070       __imp___initterm           10042070     MSVCRT:MSVCR100.dll
 0002:00000074       __imp___encoded_null       10042074     MSVCRT:MSVCR100.dll
 0002:00000078       __imp___malloc_crt         10042078     MSVCRT:MSVCR100.dll
 0002:0000007c       __imp__ldexp               1004207c     MSVCRT:MSVCR100.dll
 0002:00000080       __imp__realloc             10042080     MSVCRT:MSVCR100.dll
 0002:00000084       __imp__calloc              10042084     MSVCRT:MSVCR100.dll
 0002:00000088       __imp___setjmp3            10042088     MSVCRT:MSVCR100.dll
 0002:0000008c       __imp__strrchr             1004208c     MSVCRT:MSVCR100.dll
 0002:00000090       __imp__ceil                10042090     MSVCRT:MSVCR100.dll
 0002:00000094       __imp__strncmp             10042094     MSVCRT:MSVCR100.dll
 0002:00000098       __imp__longjmp             10042098     MSVCRT:MSVCR100.dll
 0002:0000009c       __imp__strncpy             1004209c     MSVCRT:MSVCR100.dll
 0002:000000a0       __imp__memcpy              100420a0     MSVCRT:MSVCR100.dll
 0002:000000a4       __imp__strcat              100420a4     MSVCRT:MSVCR100.dll
 0002:000000a8       __imp__sprintf             100420a8     MSVCRT:MSVCR100.dll
 0002:000000ac       __imp__strcmp              100420ac     MSVCRT:MSVCR100.dll
 0002:000000b0       __imp__free                100420b0     MSVCRT:MSVCR100.dll
 0002:000000b4       __imp__malloc              100420b4     MSVCRT:MSVCR100.dll
 0002:000000b8       __imp__memset              100420b8     MSVCRT:MSVCR100.dll
 0002:000000bc       __imp__strlen              100420bc     MSVCRT:MSVCR100.dll
 0002:000000c0       \177MSVCR100_NULL_THUNK_DATA 100420c0     MSVCRT:MSVCR100.dll
 0002:000000c4       __imp__emlrtIsEnumR2009a   100420c4     libemlrt:libemlrt.dll
 0002:000000c8       __imp__emlrtGetEnumUnderlyingArrayR2009a 100420c8     libemlrt:libemlrt.dll
 0002:000000cc       __imp__emlrtTranslateMessageIDtoLCPstring 100420cc     libemlrt:libemlrt.dll
 0002:000000d0       __imp__emlrtExtractMessageId 100420d0     libemlrt:libemlrt.dll
 0002:000000d4       __imp__emlrtImportVsFiArrayR2009b 100420d4     libemlrt:libemlrt.dll
 0002:000000d8       __imp__emlrtCreateReference 100420d8     libemlrt:libemlrt.dll
 0002:000000dc       __imp__emlrtGetEnumElementR2009a 100420dc     libemlrt:libemlrt.dll
 0002:000000e0       __imp__emlrtCreateEnumR2010a 100420e0     libemlrt:libemlrt.dll
 0002:000000e4       __imp__emlrtCheckVsBuiltInCtxR2011a 100420e4     libemlrt:libemlrt.dll
 0002:000000e8       __imp__emlrtCheckEnumR2009a 100420e8     libemlrt:libemlrt.dll
 0002:000000ec       __imp__emlrtCheckBuiltInCtxR2011a 100420ec     libemlrt:libemlrt.dll
 0002:000000f0       \177libemlrt_NULL_THUNK_DATA 100420f0     libemlrt:libemlrt.dll
 0002:000000f4       __imp__ssRegisterDataTypeFxpFSlopeFixExpBias 100420f4     libfixedpoint:libfixedpoint.dll
 0002:000000f8       \177libfixedpoint_NULL_THUNK_DATA 100420f8     libfixedpoint:libfixedpoint.dll
 0002:000000fc       __imp__mexSetTrapFlag      100420fc     libmex:libmex.dll
 0002:00000100       __imp__mexMakeArrayPersistent 10042100     libmex:libmex.dll
 0002:00000104       __imp__mexPutVariable      10042104     libmex:libmex.dll
 0002:00000108       __imp__mexWarnMsgTxt       10042108     libmex:libmex.dll
 0002:0000010c       __imp__mexLock             1004210c     libmex:libmex.dll
 0002:00000110       __imp__mexMakeMemoryPersistent 10042110     libmex:libmex.dll
 0002:00000114       __imp__mexFunctionName     10042114     libmex:libmex.dll
 0002:00000118       __imp__mexGetVariable      10042118     libmex:libmex.dll
 0002:0000011c       __imp__mexCallMATLAB       1004211c     libmex:libmex.dll
 0002:00000120       __imp__mexIsLocked         10042120     libmex:libmex.dll
[...]
 0001:0001f180       _check_array_dimensions    10020180 f   sfc_mexmsvc80:sfc_mex.obj
 0001:0001f1d0       _check_input_mxarray       100201d0 f   sfc_mexmsvc80:sfc_mex.obj
 0001:0001f870       _sf_numeric_value_to_double 10020870 f   sfc_mexmsvc80:sfc_mex.obj
 0001:0001f8b0       _ml_generic_out_of_bounds_check 100208b0 f   sfc_mexmsvc80:sfc_mex.obj
 0001:0001fa40       _ml_get_element_value_from_array 10020a40 f   sfc_mexmsvc80:sfc_mex.obj
 0001:0001ff10       __ml_generic_castability_check 10020f10 f   sfc_mexmsvc80:sfc_mex.obj
 0001:000207a0       _ml_generic_castability_check 100217a0 f   sfc_mexmsvc80:sfc_mex.obj
 0001:00020800       _ml_check_mx_array_for_single_castability 10021800 f   sfc_mexmsvc80:sfc_mex.obj
 0001:00020870       _ml_check_mx_array_for_logical_castability 10021870 f   sfc_mexmsvc80:sfc_mex.obj
 0001:000208d0       _ml_check_mx_array_for_int8_castability 100218d0 f   sfc_mexmsvc80:sfc_mex.obj
 0001:00020960       _ml_check_mx_array_for_uint8_castability 10021960 f   sfc_mexmsvc80:sfc_mex.obj
 0001:000209d0       _ml_check_mx_array_for_int16_castability 100219d0 f   sfc_mexmsvc80:sfc_mex.obj
 0001:00020a40       _ml_check_mx_array_for_uint16_castability 10021a40 f   sfc_mexmsvc80:sfc_mex.obj
 0001:00020ab0       _ml_check_mx_array_for_int32_castability 10021ab0 f   sfc_mexmsvc80:sfc_mex.obj
 0001:00020b20       _ml_check_mx_array_for_uint32_castability 10021b20 f   sfc_mexmsvc80:sfc_mex.obj
 0001:00020b90       _ml_check_mx_array_for_castability 10021b90 f   sfc_mexmsvc80:sfc_mex.obj
 0001:00021210       _set_data_value            10022210 f   sfc_mexmsvc80:sfc_mex.obj
 0001:000216e0       _get_data_value            100226e0 f   sfc_mexmsvc80:sfc_mex.obj
 0001:000217e0       _get_next_element_address  100227e0 f   sfc_mexmsvc80:sfc_mex.obj
 0001:00021880       _sf_normalize_index        10022880 f   sfc_mexmsvc80:sfc_mex.obj
 0001:00021b10       _ml_array_index_bound_check 10022b10 f   sfc_mexmsvc80:sfc_mex.obj
 0001:000223e0       _mx_value                  100233e0 f   sfc_mexmsvc80:sfc_mex.obj
 0001:00022430       _sf_create_numeric_array   10023430 f   sfc_mexmsvc80:sfc_mex.obj
 0001:000224b0       _sf_mex_assign_to_mx_array 100234b0 f   sfc_mexmsvc80:sfc_mex.obj
 0001:00022710       _assign_from_mx_array      10023710 f   sfc_mexmsvc80:sfc_mex.obj
 0001:00022ed0       _sf_mex_import_v           10023ed0 f   sfc_mexmsvc80:sfc_mex.obj
 0001:00023250       _get_machine_and_chart_file_number 10024250 f   sfc_mexmsvc80:sfc_sf.obj
 0001:00023310       _get_sfun_block_specialization 10024310 f   sfc_mexmsvc80:sfc_sf.obj
 0001:00023370       _call_sf_machine_global_method_dispatcher 10024370 f   sfc_mexmsvc80:sfc_sf.obj
 0001:00023520       _mdl_zeroCrossings_processing 10024520 f   sfc_mexmsvc80:sfc_sf.obj
 0001:000235d0       _mdl_derivatives_processing 100245d0 f   sfc_mexmsvc80:sfc_sf.obj
 0001:00023850       _mdl_outputs_continuous_legacy 10024850 f   sfc_mexmsvc80:sfc_sf.obj
 0001:000238d0       _mdl_outputs_processing    100248d0 f   sfc_mexmsvc80:sfc_sf.obj
 0001:00023b10       _mdl_enable_processing     10024b10 f   sfc_mexmsvc80:sfc_sf.obj
 0001:00023bc0       _mdl_disable_processing    10024bc0 f   sfc_mexmsvc80:sfc_sf.obj
 0001:00024290       _write_symbol_mapping      10025290 f   sfc_mexmsvc80:sfc_sf.obj
 0001:000248c0       _sf_call_output_fcn_enable_disable 100258c0 f   sfc_mexmsvc80:sfc_sf.obj
 0001:00024ae0       _set_dwork_information_from_mx_array 10025ae0 f   sfc_mexmsvc80:sfc_sf.obj
 0001:000253e0       _ptr2mxStruct              100263e0 f   sfc_mexmsvc80:sfc_sf.obj
 0001:00025600       _SNPRINTF_WRAPPER          10026600 f   sfc_debugmsvc80:sfcdebug.obj
 0001:00025620       _sf_debug_chart_instance_initialized_quick 10026620 f   sfc_debugmsvc80:sfcdebug.obj
 0001:00025630       _sf_debug_chart_instance_initialized 10026630 f   sfc_debugmsvc80:sfcdebug.obj
 0001:000257b0       _sfrtAddSize               100267b0 f   sfc_debugmsvc80:sfcdebug.obj
 0001:00025860       _sfrtGenSizeString         10026860 f   sfc_debugmsvc80:sfcdebug.obj
 0001:00025ce0       _sf_debug_sim_status_listener 10026ce0 f   sfc_debugmsvc80:sfcdebug.obj
 0001:00026150       _sf_debug_form_mask_bits   10027150 f   sfc_debugmsvc80:sfcdebug.obj
 0001:00026190       _sf_debug_form_sf_data_type_offsets 10027190 f   sfc_debugmsvc80:sfcdebug.obj
 0001:00026220       _sf_debug_free_all         10027220 f   sfc_debugmsvc80:sfcdebug.obj
 0001:000263a0       _sf_debug_append_debugger_context 100273a0 f   sfc_debugmsvc80:sfcdebug.obj
 0001:00026680       _local_strdup              10027680 f   sfc_debugmsvc80:sfcdebug.obj
 0001:000272e0       _sf_debug_em_terminate     100282e0 f   sfc_debugmsvc80:sfcdebug.obj
 0001:00027320       _sf_debug_push_eml_function 10028320 f   sfc_debugmsvc80:sfcdebug.obj
 0001:000273b0       _sf_debug_pop_eml_function 100283b0 f   sfc_debugmsvc80:sfcdebug.obj
 0001:00027c90       _sf_debug_get_machine_number_from_id_or_name 10028c90 f   sfc_debugmsvc80:sfcdebug.obj
 0001:00027df0       _sf_debug_get_chart_number_from_id 10028df0 f   sfc_debugmsvc80:sfcdebug.obj
 0001:00028710       _sf_debug_transfer_control_to_debugger_GUI 10029710 f   sfc_debugmsvc80:sfcdebug.obj
 0001:00029480       _sf_debug_scripts_rehash   1002a480 f   sfc_debugmsvc80:sfcdebug.obj
 0001:00029630       _sf_debug_get_script_line_count 1002a630 f   sfc_debugmsvc80:sfcdebug.obj
 0001:00029ad0       _cv_eml_state_cvId         1002aad0 f   sfc_debugmsvc80:sfcdebug.obj
 0001:0002a790       _sf_debug_data_array_bounds_error 1002b790 f   sfc_debugmsvc80:sfcdebug.obj
 0001:0002aaa0       _eml_debug_runtime_error_doclink 1002baa0 f   sfc_debugmsvc80:sfcdebug.obj
 0001:0002abe0       _sf_debug_runtime_error    1002bbe0 f   sfc_debugmsvc80:sfcdebug.obj
 0001:0002ac30       _sf_debug_matlab_error     1002bc30 f   sfc_debugmsvc80:sfcdebug.obj
 0001:0002b140       _sf_debug_data_value_error 1002c140 f   sfc_debugmsvc80:sfcdebug.obj
 0001:0002b740       _sf_debug_data_loss_error  1002c740 f   sfc_debugmsvc80:sfcdebug.obj
 0001:0002c000       _call_cv_range_check       1002d000 f   sfc_debugmsvc80:sfcdebug.obj
 0001:0002c570       _sf_debug_invoke_cycle_detection_code 1002d570 f   sfc_debugmsvc80:sfcdebug.obj
 0001:0002cf30       _sf_reset_debug_info_struct 1002df30 f   sfc_debugmsvc80:sfcdebug.obj
 0001:0002d600       _cv_script_cvId            1002e600 f   sfc_debugmsvc80:sfcdebug.obj
 0001:0002ddf0       _sfc_api_chart_visible     1002edf0 f   sfc_debugmsvc80:sfc_api.obj
 0001:0002dea0       _sfc_api_active_instance   1002eea0 f   sfc_debugmsvc80:sfc_api.obj
 0001:0002df40       _sfc_api_machine_load      1002ef40 f   sfc_debugmsvc80:sfc_api.obj
 0001:0002e040       _sfc_api_debugger_alive    1002f040 f   sfc_debugmsvc80:sfc_api.obj
 0001:0002e050       _sfc_api_go                1002f050 f   sfc_debugmsvc80:sfc_api.obj
 0001:0002e060       _sfc_api_step_over         1002f060 f   sfc_debugmsvc80:sfc_api.obj
 0001:0002e070       _sfc_api_step_out          1002f070 f   sfc_debugmsvc80:sfc_api.obj
 0001:0002e080       _sfc_api_resume            1002f080 f   sfc_debugmsvc80:sfc_api.obj
 0001:0002e090       _sfc_api_break             1002f090 f   sfc_debugmsvc80:sfc_api.obj
 0001:0002e0a0       _sfc_api_stop_debugging    1002f0a0 f   sfc_debugmsvc80:sfc_api.obj
 0001:0002e0f0       _sfc_api_is_cycle_detected 1002f0f0 f   sfc_debugmsvc80:sfc_api.obj
 0001:0002e140       _sfc_api_is_array_bounds_detected 1002f140 f   sfc_debugmsvc80:sfc_api.obj
 0001:0002e190       _sfc_api_set_disable_all_breakpoints 1002f190 f   sfc_debugmsvc80:sfc_api.obj
 0001:0002e220       _sfc_api_disable_all_breakpoints_and_go 1002f220 f   sfc_debugmsvc80:sfc_api.obj
 0001:0002e230       _sfc_api_close             1002f230 f   sfc_debugmsvc80:sfc_api.obj
 0001:0002e240       _sfc_api_browse_data       1002f240 f   sfc_debugmsvc80:sfc_api.obj
 0001:0002e2c0       _sfc_api_watch_data        1002f2c0 f   sfc_debugmsvc80:sfc_api.obj
 0001:0002e340       _sfc_api_assign_data       1002f340 f   sfc_debugmsvc80:sfc_api.obj
 0001:0002e3c0       _sfc_api_whos              1002f3c0 f   sfc_debugmsvc80:sfc_api.obj
 0001:0002e450       _sfc_api_get_consistency_info 1002f450 f   sfc_debugmsvc80:sfc_api.obj
 0001:0002e470       _sfc_api_browse_trace      1002f470 f   sfc_debugmsvc80:sfc_api.obj
 0001:0002e490       _sfc_api_break_on_chart_entry 1002f490 f   sfc_debugmsvc80:sfc_api.obj
 0001:0002e4d0       _sfc_api_break_on_event_broadcast 1002f4d0 f   sfc_debugmsvc80:sfc_api.obj
 0001:0002e510       _sfc_api_break_on_state_entry 1002f510 f   sfc_debugmsvc80:sfc_api.obj
 0001:0002e550       _sfc_api_set_watch         1002f550 f   sfc_debugmsvc80:sfc_api.obj
 0001:0002e630       _sfc_api_set_breakpoints   1002f630 f   sfc_debugmsvc80:sfc_api.obj
 0001:0002e710       _sfc_api_set_eml_breakpoints 1002f710 f   sfc_debugmsvc80:sfc_api.obj
 0001:0002e7c0       _sfc_api_set_script_breakpoints 1002f7c0 f   sfc_debugmsvc80:sfc_api.obj
 0001:0002e820       _sfc_api_add_script_breakpoints 1002f820 f   sfc_debugmsvc80:sfc_api.obj
 0001:0002e880       _sfc_api_clear_script_breakpoints 1002f880 f   sfc_debugmsvc80:sfc_api.obj
 0001:0002e8e0       _sfc_api_query_script_breakpoints 1002f8e0 f   sfc_debugmsvc80:sfc_api.obj
 0001:0002e950       _sfc_api_get_script_id     1002f950 f   sfc_debugmsvc80:sfc_api.obj
 0001:0002e9f0       _sfc_api_get_active_states 1002f9f0 f   sfc_debugmsvc80:sfc_api.obj
 0001:0002ea60       _sfc_api_break_between_times 1002fa60 f   sfc_debugmsvc80:sfc_api.obj
 0001:0002eac0       _sfc_api_get_instance_handle 1002fac0 f   sfc_debugmsvc80:sfc_api.obj
 0001:0002eba0       _sfc_api_get_coverage      1002fba0 f   sfc_debugmsvc80:sfc_api.obj
 0001:0002ec10       _sfc_api_set_animation     1002fc10 f   sfc_debugmsvc80:sfc_api.obj
 0001:0002ec70       _sfc_api_select_chart      1002fc70 f   sfc_debugmsvc80:sfc_api.obj
 0001:0002ed00       _sfc_api_select_charts     1002fd00 f   sfc_debugmsvc80:sfc_api.obj
 0001:0002ed30       _sfc_api_cycle_detection_check 1002fd30 f   sfc_debugmsvc80:sfc_api.obj
 0001:0002ed90       _sfc_api_data_range_check  1002fd90 f   sfc_debugmsvc80:sfc_api.obj
 0001:0002edf0       _sfc_api_transition_conflict_check 1002fdf0 f   sfc_debugmsvc80:sfc_api.obj
 0001:0002ee50       _sfc_api_state_consistency_check 1002fe50 f   sfc_debugmsvc80:sfc_api.obj
 0001:0002eeb0       _sfc_api_set_instance_cv_ids 1002feb0 f   sfc_debugmsvc80:sfc_api.obj
 0001:0002efe0       _sfc_api_set_script_cv_ids 1002ffe0 f   sfc_debugmsvc80:sfc_api.obj
 0001:0002f080       _sfc_api_get_current_machine_id 10030080 f   sfc_debugmsvc80:sfc_api.obj
 0001:0002f0b0       _sfc_api_get_current_machine_number 100300b0 f   sfc_debugmsvc80:sfc_api.obj
 0001:0002f0e0       _sfc_api_get_current_chart_number 100300e0 f   sfc_debugmsvc80:sfc_api.obj
 0001:0002f110       _sfc_api_get_current_instance_number 10030110 f   sfc_debugmsvc80:sfc_api.obj
 0001:0002f140       _sfc_api_get_current_instance_handle 10030140 f   sfc_debugmsvc80:sfc_api.obj
 0001:0002f160       _sfc_api_get_current_is_minor_time_step 10030160 f   sfc_debugmsvc80:sfc_api.obj
 0001:0002f190       _sfc_api_get_current_machine_name 10030190 f   sfc_debugmsvc80:sfc_api.obj
 0001:0002f1b0       _sfc_api_get_current_chart_id 100301b0 f   sfc_debugmsvc80:sfc_api.obj
 0001:0002f1e0       _sfc_api_get_current_object_type 100301e0 f   sfc_debugmsvc80:sfc_api.obj
 0001:0002f210       _sfc_api_get_current_event_type 10030210 f   sfc_debugmsvc80:sfc_api.obj
 0001:0002f240       _sfc_api_get_current_object_id 10030240 f   sfc_debugmsvc80:sfc_api.obj
 0001:0002f270       _sfc_get_current_active_event_type 10030270 f   sfc_debugmsvc80:sfc_api.obj
 0001:0002f2a0       _sfc_api_get_current_active_event_id 100302a0 f   sfc_debugmsvc80:sfc_api.obj
 0001:0002f2d0       _sfc_api_get_current_simulation_time 100302d0 f   sfc_debugmsvc80:sfc_api.obj
 0001:0002f2f0       _sfc_get_current_tag_type  100302f0 f   sfc_debugmsvc80:sfc_api.obj
 0001:0002f320       _sfc_get_current_coverage_percentage 10030320 f   sfc_debugmsvc80:sfc_api.obj
 0001:0002f340       _sfc_get_current_statement_context 10030340 f   sfc_debugmsvc80:sfc_api.obj
 0001:0002f360       _sfc_get_current_optional_integer 10030360 f   sfc_debugmsvc80:sfc_api.obj
 0001:0002f390       _sfc_get_current_statement_info 10030390 f   sfc_debugmsvc80:sfc_api.obj
 0001:0002f430       _sfc_api_get               10030430 f   sfc_debugmsvc80:sfc_api.obj
 0001:0002f530       _sf_debug_sm_is_using_unified_editors 10030530 f   sfc_debugmsvc80:sfdb_animation.obj
 0001:0002f5b0       _sf_debug_sm_is_chart_visible_in_unified_editors 100305b0 f   sfc_debugmsvc80:sfdb_animation.obj
 0001:0002f650       _sf_debug_sm_check_if_chart_is_visible 10030650 f   sfc_debugmsvc80:sfdb_animation.obj
 0001:0002ff70       _sf_debug_sm_fill_state_activity_data 10030f70 f   sfc_debugmsvc80:sfdb_animation.obj
 0001:00031ed0       _sf_debug_hm_get_simulink_handle 10032ed0 f   sfc_debugmsvc80:sfdb_handle_management.obj
 0001:00032890       _sf_debug_hm_initialize_globals 10033890 f   sfc_debugmsvc80:sfdb_handle_management.obj
 0001:00032980       _sf_debug_hm_get_machine_debug_flag 10033980 f   sfc_debugmsvc80:sfdb_handle_management.obj
 0001:00032ad0       _sf_debug_hm_get_machine_id 10033ad0 f   sfc_debugmsvc80:sfdb_handle_management.obj
 0001:00032be0       _sf_debug_hm_get_chart_id  10033be0 f   sfc_debugmsvc80:sfdb_handle_management.obj
 0001:00032d50       _sf_debug_hm_register_executing_SFunction 10033d50 f   sfc_debugmsvc80:sfdb_handle_management.obj
 0001:00032ea0       _sf_debug_hm_get_chart_active_instance 10033ea0 f   sfc_debugmsvc80:sfdb_handle_management.obj
 0001:00032fd0       _sf_debug_hm_get_chart_visibility 10033fd0 f   sfc_debugmsvc80:sfdb_handle_management.obj
 0001:00033110       _sf_debug_hm_form_object_boolean_properties 10034110 f   sfc_debugmsvc80:sfdb_handle_management.obj
 0001:00033380       _sf_debug_hm_form_object_properties 10034380 f   sfc_debugmsvc80:sfdb_handle_management.obj
 0001:00033580       _sf_debug_hm_terminate_charts 10034580 f   sfc_debugmsvc80:sfdb_handle_management.obj
 0001:00033b90       _sf_debug_hm_terminate_machines 10034b90 f   sfc_debugmsvc80:sfdb_handle_management.obj
 0001:00035160       _void_ptr_stack_vector_free_total 10036160 f   sfc_debugmsvc80:sfdb_data_browse.obj
 0001:000351c0       _sf_debug_st_terminate_machine 100361c0 f   sfc_debugmsvc80:sfdb_data_browse.obj
 0001:000351f0       _sf_debug_st_terminate_instance 100361f0 f   sfc_debugmsvc80:sfdb_data_browse.obj
 0001:00035370       _push_on_to_void_ptr_stack 10036370 f   sfc_debugmsvc80:sfdb_data_browse.obj
 0001:000354a0       _pop_from_void_ptr_stack   100364a0 f   sfc_debugmsvc80:sfdb_data_browse.obj
 0001:000355a0       _sf_debug_st_get_data_value 100365a0 f   sfc_debugmsvc80:sfdb_data_browse.obj
 0001:00035a40       _mx_value                  10036a40 f   sfc_debugmsvc80:sfdb_data_browse.obj
 0001:00035a70       _sf_debug_st_fill_data_struct 10036a70 f   sfc_debugmsvc80:sfdb_data_browse.obj
 0001:00035d40       _data_type_format_strings  10036d40 f   sfc_debugmsvc80:sfdb_data_browse.obj
 0001:00035db0       _sf_debug_st_fill_data     10036db0 f   sfc_debugmsvc80:sfdb_data_browse.obj
 0001:00036b70       _sf_debug_ss_copy_dimension 10037b70 f   sfc_debugmsvc80:sfdb_symbol_scope.obj
 0001:00036be0       _sf_debug_ss_get_number_elements 10037be0 f   sfc_debugmsvc80:sfdb_symbol_scope.obj
 0001:00036c00       _sf_debug_ss_fill_data_struct 10037c00 f   sfc_debugmsvc80:sfdb_symbol_scope.obj
 0001:00036df0       _sf_debug_ss_reset_data_info 10037df0 f   sfc_debugmsvc80:sfdb_symbol_scope.obj
 0001:00036e40       _sf_debug_fill_data_info_by_symbol_scope_entry 10037e40 f   sfc_debugmsvc80:sfdb_symbol_scope.obj
 0001:00036ef0       _sf_debug_fill_data_info_by_data_vector 10037ef0 f   sfc_debugmsvc80:sfdb_symbol_scope.obj
 0001:000370b0       _sf_debug_ss_get_data_info 100380b0 f   sfc_debugmsvc80:sfdb_symbol_scope.obj
 0001:000372f0       _sf_debug_select_mex_function 100382f0 f   sfc_debugmsvc80:sfdb_symbol_scope.obj
 0001:00037320       _sf_debug_is_dyn_matrix_initialized 10038320 f   sfc_debugmsvc80:sfdb_symbol_scope.obj
 0001:00037340       _sf_debug_ss_set_data_value_try 10038340 f   sfc_debugmsvc80:sfdb_symbol_scope.obj
 0001:00037470       _sf_debug_ss_get_data_value 10038470 f   sfc_debugmsvc80:sfdb_symbol_scope.obj
 0001:00037850       _sf_debug_ss_data_bytes_string 10038850 f   sfc_debugmsvc80:sfdb_symbol_scope.obj
 0001:000378c0       _sf_debug_ss_data_class_string 100388c0 f   sfc_debugmsvc80:sfdb_symbol_scope.obj
 0001:00037c10       _sf_debug_ss_data_size_string 10038c10 f   sfc_debugmsvc80:sfdb_symbol_scope.obj
 0001:00037cd0       _sf_debug_ss_data_create_data_info_struct 10038cd0 f   sfc_debugmsvc80:sfdb_symbol_scope.obj
 0001:00037f30       _sf_debug_ss_data_create_name_value_pair 10038f30 f   sfc_debugmsvc80:sfdb_symbol_scope.obj
 0001:00037f90       _sf_debug_ss_data_get_whos_info 10038f90 f   sfc_debugmsvc80:sfdb_symbol_scope.obj
 0001:00037fc0       _same_named_data_in_data_array 10038fc0 f   sfc_debugmsvc80:sfdb_symbol_scope.obj
 0001:000394e0       _sf_debug_cc_terminate_chart 1003a4e0 f   sfc_debugmsvc80:sfdb_coverage.obj
 0001:000397c0       _sf_debug_cc_terminate_instance 1003a7c0 f   sfc_debugmsvc80:sfdb_coverage.obj
 0001:0003a1d0       _sf_debug_cc_mark_object_if_needed 1003b1d0 f   sfc_debugmsvc80:sfdb_coverage.obj
 0001:0003a520       _sf_debug_cc_fill_transition_coverage_data 1003b520 f   sfc_debugmsvc80:sfdb_coverage.obj
 0001:0003a650       _sf_debug_cc_fill_transition_coverage_map 1003b650 f   sfc_debugmsvc80:sfdb_coverage.obj
 0001:0003a830       _sf_debug_cc_fill_state_coverage_map 1003b830 f   sfc_debugmsvc80:sfdb_coverage.obj
 0001:0003a9d0       _sf_debug_cc_fill_state_coverage_data 1003b9d0 f   sfc_debugmsvc80:sfdb_coverage.obj
 0001:0003b380       _sf_debug_bm_initialize_eml 1003c380 f   sfc_debugmsvc80:sfdb_breakpoints.obj
 0001:0003c360       _sf_debug_bm_map_debug_tag_to_breakpoint_tag 1003d360 f   sfc_debugmsvc80:sfdb_breakpoints.obj
 0001:0003c400       _sf_debug_bm_is_a_eml_breakpoint_impl 1003d400 f   sfc_debugmsvc80:sfdb_breakpoints.obj
 0001:0003d9a0       _sf_debug_sc_push_on_error_stack 1003e9a0 f   sfc_debugmsvc80:sfdb_state_consistency.obj
 0001:0003dab0       _sf_debug_sc_reset_error_stack 1003eab0 f   sfc_debugmsvc80:sfdb_state_consistency.obj
 0001:0003dc00       _sf_debug_sc_is_state_inconsistent 1003ec00 f   sfc_debugmsvc80:sfdb_state_consistency.obj
 0001:0003de20       _sf_debug_sc_fill_consistency_info 1003ee20 f   sfc_debugmsvc80:sfdb_state_consistency.obj
 0001:0003e2a0       _void_assertion_fcn        1003f2a0 f   sfc_debugmsvc80:sfdb_call_stack.obj
 0001:0003e790       _sf_debug_tm_fill_local_trace 1003f790 f   sfc_debugmsvc80:sfdb_call_stack.obj
 0001:0003ec10       _sf_debug_cd_terminate_instance 1003fc10 f   sfc_debugmsvc80:sfdb_cycle_detection.obj
 0001:0003ec70       _sf_debug_cd_free_checksum_stack 1003fc70 f   sfc_debugmsvc80:sfdb_cycle_detection.obj
 0001:0003eca0       _sf_debug_cd_reset_pack_strings 1003fca0 f   sfc_debugmsvc80:sfdb_cycle_detection.obj
 0001:0003f2f0       _md5file_clear             100402f0 f   sfc_debugmsvc80:ckmd5.obj
 0001:0003f320       _Encode                    10040320 f   sfc_debugmsvc80:ckmd5.obj
 0001:0003f360       _Decode                    10040360 f   sfc_debugmsvc80:ckmd5.obj
 0001:0003f3e0       _MD5Transform              100403e0 f   sfc_debugmsvc80:ckmd5.obj
 0001:0003faa0       _md5file_addn              10040aa0 f   sfc_debugmsvc80:ckmd5.obj
 0001:0003fb50       _md5file_hash              10040b50 f   sfc_debugmsvc80:ckmd5.obj
 0001:00040019       _pre_c_init                10041019 f   MSVCRT:crtdll.obj
 0001:00040271       ___DllMainCRTStartup       10041271 f   MSVCRT:crtdll.obj
