 SIMULACION_FALANGE_PROXIMAL_sfun

 Timestamp is 4fa99da3 (Tue May 08 17:26:43 2012)

 Preferred load address is 10000000

 Start         Length     Name                   Class
 0001:00000000 0002d8a4H .text                   CODE
 0002:00000000 0000023cH .idata$5                DATA
 0002:0000023c 00000004H .CRT$XCA                DATA
 0002:00000240 00000004H .CRT$XCZ                DATA
 0002:00000244 00000004H .CRT$XIA                DATA
 0002:00000248 00000004H .CRT$XIAA               DATA
 0002:0000024c 00000004H .CRT$XIC                DATA
 0002:00000250 00000004H .CRT$XIZ                DATA
 0002:00000258 00004540H .rdata                  DATA
 0002:000047a0 00000004H .rdata$sxdata           DATA
 0002:000047a4 00000004H .rtc$IAA                DATA
 0002:000047a8 00000004H .rtc$IZZ                DATA
 0002:000047ac 00000004H .rtc$TAA                DATA
 0002:000047b0 00000004H .rtc$TZZ                DATA
 0002:000047b8 00000064H .xdata$x                DATA
 0002:0000481c 000000a0H .idata$2                DATA
 0002:000048bc 00000014H .idata$3                DATA
 0002:000048d0 0000023cH .idata$4                DATA
 0002:00004b0c 00000a4eH .idata$6                DATA
 0002:00005560 00000066H .edata                  DATA
 0003:00000000 00002190H .data                   DATA
 0003:000021a0 00002328H .bss                    DATA

  Address         Publics by Value              Rva+Base       Lib:Object

 0000:00000000       __except_list              00000000     <absolute>
 0000:00000001       ___safe_se_handler_count   00000001     <absolute>
 0000:00009876       __fltused                  00009876     <absolute>
 0000:00009876       __ldused                   00009876     <absolute>
 0000:00000000       ___ImageBase               10000000     <linker-defined>
 0001:00000000       _sf_c2_SIMULACION_FALANGE_PROXIMAL_get_eml_resolved_functions_info 10001000 f   c2_SIMULACION_FALANGE_PROXIMAL.obj
 0001:000008f0       _sf_c2_SIMULACION_FALANGE_PROXIMAL_get_check_sum 100018f0 f   c2_SIMULACION_FALANGE_PROXIMAL.obj
 0001:00000950       _sf_c2_SIMULACION_FALANGE_PROXIMAL_get_autoinheritance_info 10001950 f   c2_SIMULACION_FALANGE_PROXIMAL.obj
 0001:00001640       _sf_internal_get_sim_state_c2_SIMULACION_FALANGE_PROXIMAL 10002640 f   c2_SIMULACION_FALANGE_PROXIMAL.obj
 0001:000019c0       _sf_internal_set_sim_state_c2_SIMULACION_FALANGE_PROXIMAL 100029c0 f   c2_SIMULACION_FALANGE_PROXIMAL.obj
 0001:00001ea0       _c2_SIMULACION_FALANGE_PROXIMAL_method_dispatcher 10002ea0 f   c2_SIMULACION_FALANGE_PROXIMAL.obj
 0001:00005630       _sf_process_check_sum_call 10006630 f   SIMULACION_FALANGE_PROXIMAL_sfun_registry.obj
 0001:00005660       _sf_process_autoinheritance_call 10006660 f   SIMULACION_FALANGE_PROXIMAL_sfun_registry.obj
 0001:00005780       _sf_process_get_eml_resolved_functions_info_call 10006780 f   SIMULACION_FALANGE_PROXIMAL_sfun_registry.obj
 0001:000058a0       _sf_mex_unlock_call        100068a0 f   SIMULACION_FALANGE_PROXIMAL_sfun_registry.obj
 0001:00005930       _sf_machine_global_initializer_called 10006930 f   SIMULACION_FALANGE_PROXIMAL_sfun_registry.obj
 0001:00005950       _sf_machine_global_method_dispatcher 10006950 f   SIMULACION_FALANGE_PROXIMAL_sfun_registry.obj
 0001:00005990       _sf_machine_global_terminator 10006990 f   SIMULACION_FALANGE_PROXIMAL_sfun_registry.obj
 0001:000059c0       _sf_register_machine_exported_symbols 100069c0 f   SIMULACION_FALANGE_PROXIMAL_sfun_registry.obj
 0001:000059e0       _callCustomFcn             100069e0 f   SIMULACION_FALANGE_PROXIMAL_sfun_registry.obj
 0001:000059f0       _sf_machine_global_initializer 100069f0 f   SIMULACION_FALANGE_PROXIMAL_sfun_registry.obj
 0001:00005a50       __ssSetStateAbsTol         10006a50 f   SIMULACION_FALANGE_PROXIMAL_sfun_registry.obj
 0001:00005af0       __ssGetAbsTol              10006af0 f   SIMULACION_FALANGE_PROXIMAL_sfun_registry.obj
 0001:00005b40       __ssSetInputPortMatrixDimensions 10006b40 f   SIMULACION_FALANGE_PROXIMAL_sfun_registry.obj
 0001:00005bf0       __ssSetOutputPortMatrixDimensions 10006bf0 f   SIMULACION_FALANGE_PROXIMAL_sfun_registry.obj
 0001:00005ca0       __ssSetInputPortVectorDimension 10006ca0 f   SIMULACION_FALANGE_PROXIMAL_sfun_registry.obj
 0001:00005d20       __ssSetOutputPortVectorDimension 10006d20 f   SIMULACION_FALANGE_PROXIMAL_sfun_registry.obj
 0001:00005da0       _ssIsRunTimeParamTunable   10006da0 f   SIMULACION_FALANGE_PROXIMAL_sfun_registry.obj
 0001:00005e00       _ssGetSFuncBlockHandle     10006e00 f   SIMULACION_FALANGE_PROXIMAL_sfun_registry.obj
 0001:00005e50       __ssGetCurrentInputPortWidth 10006e50 f   SIMULACION_FALANGE_PROXIMAL_sfun_registry.obj
 0001:00005f20       __ssGetCurrentOutputPortWidth 10006f20 f   SIMULACION_FALANGE_PROXIMAL_sfun_registry.obj
 0001:00005ff0       __ssGetCallSystemNumFcnCallDestinations 10006ff0 f   SIMULACION_FALANGE_PROXIMAL_sfun_registry.obj
 0001:00006050       _ssWarning                 10007050 f   SIMULACION_FALANGE_PROXIMAL_sfun_registry.obj
 0001:00006130       _ssGetIsZeroCrossControlDisabled 10007130 f   SIMULACION_FALANGE_PROXIMAL_sfun_registry.obj
 0001:00006190       _ssSetIsInputPortUsedForContZcSignal 10007190 f   SIMULACION_FALANGE_PROXIMAL_sfun_registry.obj
 0001:000061e0       _ssSetZcSignalIsZcElementDisc 100071e0 f   SIMULACION_FALANGE_PROXIMAL_sfun_registry.obj
 0001:00006260       _ssSetZcSignalName         10007260 f   SIMULACION_FALANGE_PROXIMAL_sfun_registry.obj
 0001:000062b0       _ssSetZcSignalWidth        100072b0 f   SIMULACION_FALANGE_PROXIMAL_sfun_registry.obj
 0001:00006300       _ssSetZcSignalZcEventType  10007300 f   SIMULACION_FALANGE_PROXIMAL_sfun_registry.obj
 0001:00006350       _ssSetZcSignalType         10007350 f   SIMULACION_FALANGE_PROXIMAL_sfun_registry.obj
 0001:000063a0       _ssSetZcSignalZcTol        100073a0 f   SIMULACION_FALANGE_PROXIMAL_sfun_registry.obj
 0001:000063f0       _ssSetZcSignalNeedsEventNotification 100073f0 f   SIMULACION_FALANGE_PROXIMAL_sfun_registry.obj
 0001:00006440       _ssCreateAndAddZcSignalInfo 10007440 f   SIMULACION_FALANGE_PROXIMAL_sfun_registry.obj
 0001:000064a0       _ssCloneAndAddZcSignalInfo 100074a0 f   SIMULACION_FALANGE_PROXIMAL_sfun_registry.obj
 0001:00006500       _ssGetNumZcSignals         10007500 f   SIMULACION_FALANGE_PROXIMAL_sfun_registry.obj
 0001:00006560       _ssGetZcSignalVector       10007560 f   SIMULACION_FALANGE_PROXIMAL_sfun_registry.obj
 0001:000065c0       _ssGetZcSignalZcEvents     100075c0 f   SIMULACION_FALANGE_PROXIMAL_sfun_registry.obj
 0001:00006620       _ssGetZcSignalName         10007620 f   SIMULACION_FALANGE_PROXIMAL_sfun_registry.obj
 0001:00006680       _ssGetZcSignalWidth        10007680 f   SIMULACION_FALANGE_PROXIMAL_sfun_registry.obj
 0001:000066e0       _ssGetZcSignalZcEventType  100076e0 f   SIMULACION_FALANGE_PROXIMAL_sfun_registry.obj
 0001:00006740       _ssGetZcSignalType         10007740 f   SIMULACION_FALANGE_PROXIMAL_sfun_registry.obj
 0001:000067a0       _ssGetZcSignalZcTol        100077a0 f   SIMULACION_FALANGE_PROXIMAL_sfun_registry.obj
 0001:00006800       _ssGetZcSignalNeedsEventNotification 10007800 f   SIMULACION_FALANGE_PROXIMAL_sfun_registry.obj
 0001:00006860       _ssGetZcSignalIsZcElementDisc 10007860 f   SIMULACION_FALANGE_PROXIMAL_sfun_registry.obj
 0001:000068e0       _ssGetIsInputPortElementContinuous 100078e0 f   SIMULACION_FALANGE_PROXIMAL_sfun_registry.obj
 0001:00006960       __ssGetInputPortSignalPtrsFcn 10007960 f   SIMULACION_FALANGE_PROXIMAL_sfun_registry.obj
 0001:00006b60       __ssGetInputPortSignalFcn  10007b60 f   SIMULACION_FALANGE_PROXIMAL_sfun_registry.obj
 0001:00006cf0       __ssSetInputPortDirectFeedThroughFcn 10007cf0 f   SIMULACION_FALANGE_PROXIMAL_sfun_registry.obj
 0001:00006e20       __ssSetInputPortReusableFcn 10007e20 f   SIMULACION_FALANGE_PROXIMAL_sfun_registry.obj
 0001:00006eb0       __ssSetOutputPortReusableFcn 10007eb0 f   SIMULACION_FALANGE_PROXIMAL_sfun_registry.obj
 0001:00006f40       _ssGetDTypeIdFromMxArray   10007f40 f   SIMULACION_FALANGE_PROXIMAL_sfun_registry.obj
 0001:00007030       _ssWriteRTWStr             10008030 f   SIMULACION_FALANGE_PROXIMAL_sfun_registry.obj
 0001:00007070       _ssWriteRTWMxVectParam     10008070 f   SIMULACION_FALANGE_PROXIMAL_sfun_registry.obj
 0001:000070b0       _ssWriteRTWMx2dMatParam    100080b0 f   SIMULACION_FALANGE_PROXIMAL_sfun_registry.obj
 0001:000070f0       _ssWriteRTWNameValuePair   100080f0 f   SIMULACION_FALANGE_PROXIMAL_sfun_registry.obj
 0001:00007460       _ssWriteRTWParameters      10008460 f   SIMULACION_FALANGE_PROXIMAL_sfun_registry.obj
 0001:00007800       _ssWriteRTWParamSettings   10008800 f   SIMULACION_FALANGE_PROXIMAL_sfun_registry.obj
 0001:00007cb0       _ssWriteRTWWorkVect        10008cb0 f   SIMULACION_FALANGE_PROXIMAL_sfun_registry.obj
 0001:00008040       _mexFunction               10009040 f   SIMULACION_FALANGE_PROXIMAL_sfun_registry.obj
 0001:00009710       _ProcessMexSfunctionEveryCall 1000a710 f   SIMULACION_FALANGE_PROXIMAL_sfun_registry.obj
 0001:00009820       _SIMULACION_FALANGE_PROXIMAL_initializer 1000a820 f   SIMULACION_FALANGE_PROXIMAL_sfun.obj
 0001:00009830       _SIMULACION_FALANGE_PROXIMAL_terminator 1000a830 f   SIMULACION_FALANGE_PROXIMAL_sfun.obj
 0001:00009840       _sf_SIMULACION_FALANGE_PROXIMAL_method_dispatcher 1000a840 f   SIMULACION_FALANGE_PROXIMAL_sfun.obj
 0001:00009870       _sf_SIMULACION_FALANGE_PROXIMAL_process_check_sum_call 1000a870 f   SIMULACION_FALANGE_PROXIMAL_sfun.obj
 0001:00009c20       _sf_SIMULACION_FALANGE_PROXIMAL_autoinheritance_info 1000ac20 f   SIMULACION_FALANGE_PROXIMAL_sfun.obj
 0001:00009cf0       _sf_SIMULACION_FALANGE_PROXIMAL_get_eml_resolved_functions_info 1000acf0 f   SIMULACION_FALANGE_PROXIMAL_sfun.obj
 0001:00009de0       _SIMULACION_FALANGE_PROXIMAL_debug_initialize 1000ade0 f   SIMULACION_FALANGE_PROXIMAL_sfun.obj
 0001:00009e30       _SIMULACION_FALANGE_PROXIMAL_register_exported_symbols 1000ae30 f   SIMULACION_FALANGE_PROXIMAL_sfun.obj
 0001:00009ea0       _sf_mex_mx_is_numeric      1000aea0 f   sfc_mexmsvc80:sfc_mex.obj
 0001:00009ee0       _strcmp_ignore_ws          1000aee0 f   sfc_mexmsvc80:sfc_mex.obj
 0001:0000a000       _sf_mex_duplicatearraysafe 1000b000 f   sfc_mexmsvc80:sfc_mex.obj
 0001:0000a1e0       _sf_set_error_debugger_context_message_fcn 1000b1e0 f   sfc_mexmsvc80:sfc_mex.obj
 0001:0000a1f0       _sf_set_debugger_matlab_error_fcn 1000b1f0 f   sfc_mexmsvc80:sfc_mex.obj
 0001:0000a210       _sf_set_error_prefix_string 1000b210 f   sfc_mexmsvc80:sfc_mex.obj
 0001:0000a240       _sf_get_error_prefix_string 1000b240 f   sfc_mexmsvc80:sfc_mex.obj
 0001:0000a250       _sf_get_current_jmp_buf_ptr 1000b250 f   sfc_mexmsvc80:sfc_mex.obj
 0001:0000a260       _sf_set_current_jmp_buf_ptr 1000b260 f   sfc_mexmsvc80:sfc_mex.obj
 0001:0000a270       _sf_mex_set_halt_simulation 1000b270 f   sfc_mexmsvc80:sfc_mex.obj
 0001:0000a280       _sf_mex_get_halt_simulation 1000b280 f   sfc_mexmsvc80:sfc_mex.obj
 0001:0000a290       _sf_mex_clear_error_message 1000b290 f   sfc_mexmsvc80:sfc_mex.obj
 0001:0000a2b0       _sf_mex_get_error_message_for_read 1000b2b0 f   sfc_mexmsvc80:sfc_mex.obj
 0001:0000a2c0       _sf_mex_get_error_message_buffer_length 1000b2c0 f   sfc_mexmsvc80:sfc_mex.obj
 0001:0000a390       _sf_mex_warning_message    1000b390 f   sfc_mexmsvc80:sfc_mex.obj
 0001:0000a3e0       _sf_mex_v_errbuf_createf   1000b3e0 f   sfc_mexmsvc80:sfc_mex.obj
 0001:0000a400       _sf_mex_errbuf_createf     1000b400 f   sfc_mexmsvc80:sfc_mex.obj
 0001:0000a420       _sf_mex_v_errbuf_catf      1000b420 f   sfc_mexmsvc80:sfc_mex.obj
 0001:0000a460       _sf_mex_errbuf_catf        1000b460 f   sfc_mexmsvc80:sfc_mex.obj
 0001:0000a4a0       _sf_mex_errbuf_copy        1000b4a0 f   sfc_mexmsvc80:sfc_mex.obj
 0001:0000a4c0       _sf_mex_errbuf_clear       1000b4c0 f   sfc_mexmsvc80:sfc_mex.obj
 0001:0000a4d0       _sf_mex_errbuf_isempty     1000b4d0 f   sfc_mexmsvc80:sfc_mex.obj
 0001:0000a560       _sf_mex_set_error_status   1000b560 f   sfc_mexmsvc80:sfc_mex.obj
 0001:0000a590       _sf_mex_error_direct_call  1000b590 f   sfc_mexmsvc80:sfc_mex.obj
 0001:0000a5b0       _sf_mex_error_message_no_long_jump 1000b5b0 f   sfc_mexmsvc80:sfc_mex.obj
 0001:0000a5e0       _sf_mex_long_jump_on_error 1000b5e0 f   sfc_mexmsvc80:sfc_mex.obj
 0001:0000a610       _sf_mex_call_matlab        1000b610 f   sfc_mexmsvc80:sfc_mex.obj
 0001:0000a6e0       _sf_mex_check_builtin      1000b6e0 f   sfc_mexmsvc80:sfc_mex.obj
 0001:0000a710       _sf_mex_check_builtin_vs   1000b710 f   sfc_mexmsvc80:sfc_mex.obj
 0001:0000a750       _sf_mex_check_enum         1000b750 f   sfc_mexmsvc80:sfc_mex.obj
 0001:0000a780       _sf_mex_create_enum        1000b780 f   sfc_mexmsvc80:sfc_mex.obj
 0001:0000a7a0       _sf_mex_get_enum_element   1000b7a0 f   sfc_mexmsvc80:sfc_mex.obj
 0001:0000a7b0       _sf_mex_createcellarray    1000b7b0 f   sfc_mexmsvc80:sfc_mex.obj
 0001:0000a7d0       _sf_mex_setcell            1000b7d0 f   sfc_mexmsvc80:sfc_mex.obj
 0001:0000a7e0       _sf_mex_getcell            1000b7e0 f   sfc_mexmsvc80:sfc_mex.obj
 0001:0000a7f0       _sf_mex_dup                1000b7f0 f   sfc_mexmsvc80:sfc_mex.obj
 0001:0000a820       _sf_mex_assign             1000b820 f   sfc_mexmsvc80:sfc_mex.obj
 0001:0000a870       _sf_mex_destroy            1000b870 f   sfc_mexmsvc80:sfc_mex.obj
 0001:0000a890       _mx_array_has_fi_type      1000b890 f   sfc_mexmsvc80:sfc_mex.obj
 0001:0000a8c0       _sf_mex_convert_from_fi    1000b8c0 f   sfc_mexmsvc80:sfc_mex.obj
 0001:0000a940       _sf_mex_convert_to_double  1000b940 f   sfc_mexmsvc80:sfc_mex.obj
 0001:0000a980       _sf_mex_import_fi_vs       1000b980 f   sfc_mexmsvc80:sfc_mex.obj
 0001:0000aae0       _sf_matrix_matrix_index_ok 1000bae0 f   sfc_mexmsvc80:sfc_mex.obj
 0001:0000ab50       _sf_vector_vector_index_ok 1000bb50 f   sfc_mexmsvc80:sfc_mex.obj
 0001:0000ab80       _ssGetCurrentInputPortDimensions_wrapper 1000bb80 f   sfc_mexmsvc80:sfc_mex.obj
 0001:0000aba0       _ssGetCurrentOutputPortDimensions_wrapper 1000bba0 f   sfc_mexmsvc80:sfc_mex.obj
 0001:0000abc0       _sf_mex_emlrt_context_is_debug_mode 1000bbc0 f   sfc_mexmsvc80:sfc_mex.obj
 0001:0000abd0       _sf_mex_emlrt_context_set_debug_mode 1000bbd0 f   sfc_mexmsvc80:sfc_mex.obj
 0001:0000ac20       _sf_clear_error_manager_info 1000bc20 f   sfc_mexmsvc80:sfc_mex.obj
 0001:0000ac70       _sf_mex_stop_simulation_abruptly_wo_error 1000bc70 f   sfc_mexmsvc80:sfc_mex.obj
 0001:0000aca0       _sf_mex_error_message      1000bca0 f   sfc_mexmsvc80:sfc_mex.obj
 0001:0000acf0       _sf_react_to_error_in_matlab_call 1000bcf0 f   sfc_mexmsvc80:sfc_mex.obj
 0001:0000ad10       _sf_mex_addfield           1000bd10 f   sfc_mexmsvc80:sfc_mex.obj
 0001:0000ad80       _sf_mex_getfield           1000bd80 f   sfc_mexmsvc80:sfc_mex.obj
 0001:0000b000       _sf_mex_check_class        1000c000 f   sfc_mexmsvc80:sfc_mex.obj
 0001:0000b070       _sf_mex_is_real            1000c070 f   sfc_mexmsvc80:sfc_mex.obj
 0001:0000b280       _sf_mex_decode_encoded_mx_struct_array 1000c280 f   sfc_mexmsvc80:sfc_mex.obj
 0001:0000b420       _sf_mex_lw_bounds_check    1000c420 f   sfc_mexmsvc80:sfc_mex.obj
 0001:0000b450       _sf_mex_lw_size_eq_check_1d 1000c450 f   sfc_mexmsvc80:sfc_mex.obj
 0001:0000b470       _sf_mex_lw_size_eq_check_nd 1000c470 f   sfc_mexmsvc80:sfc_mex.obj
 0001:0000b550       _sf_mex_lw_dim_size_eq_check 1000c550 f   sfc_mexmsvc80:sfc_mex.obj
 0001:0000b580       _sf_mex_lw_dim_size_geq_check 1000c580 f   sfc_mexmsvc80:sfc_mex.obj
 0001:0000b5b0       _sf_mex_lw_sub_assign_size_check_nd 1000c5b0 f   sfc_mexmsvc80:sfc_mex.obj
 0001:0000b6e0       _sf_mex_lw_runtime_error_msgid 1000c6e0 f   sfc_mexmsvc80:sfc_mex.obj
 0001:0000b790       _sf_mex_lw_matrix_matrix_index_check 1000c790 f   sfc_mexmsvc80:sfc_mex.obj
 0001:0000b7c0       _sf_mex_lw_vector_vector_index_check 1000c7c0 f   sfc_mexmsvc80:sfc_mex.obj
 0001:0000b800       _sf_mex_lw_non_negative_check 1000c800 f   sfc_mexmsvc80:sfc_mex.obj
 0001:0000b830       _sf_mex_overflow_error     1000c830 f   sfc_mexmsvc80:sfc_mex.obj
 0001:0000b840       _sf_mex_dividebyzero_error 1000c840 f   sfc_mexmsvc80:sfc_mex.obj
 0001:0000b850       _sf_mex_unsafe_enum_error  1000c850 f   sfc_mexmsvc80:sfc_mex.obj
 0001:0000b860       _sf_emlrtErrHandler        1000c860 f   sfc_mexmsvc80:sfc_mex.obj
 0001:0000b910       _sf_mex_printf             1000c910 f   sfc_mexmsvc80:sfc_mex.obj
 0001:0000b9f0       _sf_mex_check_size         1000c9f0 f   sfc_mexmsvc80:sfc_mex.obj
 0001:0000bc70       _sf_mex_check_struct       1000cc70 f   sfc_mexmsvc80:sfc_mex.obj
 0001:0000bec0       _sf_mex_check_struct_vs    1000cec0 f   sfc_mexmsvc80:sfc_mex.obj
 0001:0000bf00       _sf_mex_check_fi           1000cf00 f   sfc_mexmsvc80:sfc_mex.obj
 0001:0000bfd0       _sf_mex_check_fi_vs        1000cfd0 f   sfc_mexmsvc80:sfc_mex.obj
 0001:0000c020       _sf_echo_expression        1000d020 f   sfc_mexmsvc80:sfc_mex.obj
 0001:0000c070       _sf_assertion_failed       1000d070 f   sfc_mexmsvc80:sfc_mex.obj
 0001:0000c300       _sf_mex_evalin             1000d300 f   sfc_mexmsvc80:sfc_mex.obj
 0001:0000c560       _sf_mex_export             1000d560 f   sfc_mexmsvc80:sfc_mex.obj
 0001:0000c610       _sf_mex_get_ml_var_no_error 1000d610 f   sfc_mexmsvc80:sfc_mex.obj
 0001:0000c770       _sf_mex_get_ml_var         1000d770 f   sfc_mexmsvc80:sfc_mex.obj
 0001:0000cc40       _ml_set_element_value_in_array 1000dc40 f   sfc_mexmsvc80:sfc_mex.obj
 0001:0000dd70       _sf_mex_call_impl          1000ed70 f   sfc_mexmsvc80:sfc_mex.obj
 0001:0000e100       _sf_mex_call_debug         1000f100 f   sfc_mexmsvc80:sfc_mex.obj
 0001:0000e120       _sf_mex_call               1000f120 f   sfc_mexmsvc80:sfc_mex.obj
 0001:0000e830       _sf_mex_createstruct       1000f830 f   sfc_mexmsvc80:sfc_mex.obj
 0001:0000e8d0       _sf_mex_createstructarray  1000f8d0 f   sfc_mexmsvc80:sfc_mex.obj
 0001:0000e930       _sf_mex_get_mx_datatype_from_sf_datatype 1000f930 f   sfc_mexmsvc80:sfc_mex.obj
 0001:0000ebb0       _sf_mex_ml_var_sub         1000fbb0 f   sfc_mexmsvc80:sfc_mex.obj
 0001:0000ed20       _sf_mex_ml_var_subsasgn    1000fd20 f   sfc_mexmsvc80:sfc_mex.obj
 0001:0000f030       _sf_mex_sub                10010030 f   sfc_mexmsvc80:sfc_mex.obj
 0001:0000f1d0       _sf_mex_subsasgn           100101d0 f   sfc_mexmsvc80:sfc_mex.obj
 0001:0000f5b0       _sf_mex_create             100105b0 f   sfc_mexmsvc80:sfc_mex.obj
 0001:0000fea0       _sf_mex_import_named       10010ea0 f   sfc_mexmsvc80:sfc_mex.obj
 0001:0000fef0       _sf_mex_import             10010ef0 f   sfc_mexmsvc80:sfc_mex.obj
 0001:0000ff30       _sf_mex_import_vs          10010f30 f   sfc_mexmsvc80:sfc_mex.obj
 0001:0000ffc0       _sf_mex_lower_fixpt_mx_array 10010fc0 f   sfc_mexmsvc80:sfc_mex.obj
 0001:00010380       _sim_mode_is_rtw_gen       10011380 f   sfc_mexmsvc80:sfc_sf.obj
 0001:000103c0       _sim_mode_is_external      100113c0 f   sfc_mexmsvc80:sfc_sf.obj
 0001:000103e0       _sim_mode_is_modelref_sim  100113e0 f   sfc_mexmsvc80:sfc_sf.obj
 0001:00010410       _mdlInitializeSizes        10011410 f   sfc_mexmsvc80:sfc_sf.obj
 0001:00010430       _mdlInitializeSampleTimes  10011430 f   sfc_mexmsvc80:sfc_sf.obj
 0001:00010470       _mdlZeroCrossings          10011470 f   sfc_mexmsvc80:sfc_sf.obj
 0001:00010520       _mdlDerivatives            10011520 f   sfc_mexmsvc80:sfc_sf.obj
 0001:000105c0       _mdl_initialize_conditions_processing 100115c0 f   sfc_mexmsvc80:sfc_sf.obj
 0001:000105f0       _mdlInitializeConditions   100115f0 f   sfc_mexmsvc80:sfc_sf.obj
 0001:00010690       _mdlGetSimState            10011690 f   sfc_mexmsvc80:sfc_sf.obj
 0001:000106b0       _mdlSetSimState            100116b0 f   sfc_mexmsvc80:sfc_sf.obj
 0001:000106d0       _mdl_ext_mode_exec_processing 100116d0 f   sfc_mexmsvc80:sfc_sf.obj
 0001:000106f0       _mdlExtModeExec            100116f0 f   sfc_mexmsvc80:sfc_sf.obj
 0001:00010880       _mdlTerminate              10011880 f   sfc_mexmsvc80:sfc_sf.obj
 0001:000108e0       _mdlRTW                    100118e0 f   sfc_mexmsvc80:sfc_sf.obj
 0001:00010910       _mdlSetWorkWidths          10011910 f   sfc_mexmsvc80:sfc_sf.obj
 0001:00010930       _mdlProcessParameters      10011930 f   sfc_mexmsvc80:sfc_sf.obj
 0001:00010950       _mdl_start_processing      10011950 f   sfc_mexmsvc80:sfc_sf.obj
 0001:00010990       _mdlStart                  10011990 f   sfc_mexmsvc80:sfc_sf.obj
 0001:00010a60       _mdlEnable                 10011a60 f   sfc_mexmsvc80:sfc_sf.obj
 0001:00010b10       _mdlDisable                10011b10 f   sfc_mexmsvc80:sfc_sf.obj
 0001:00010ba0       _sf_get_chart_instance_ptr 10011ba0 f   sfc_mexmsvc80:sfc_sf.obj
 0001:00010bc0       _sf_rtw_info_uint_prop     10011bc0 f   sfc_mexmsvc80:sfc_sf.obj
 0001:00010d00       _sf_is_chart_inlinable     10011d00 f   sfc_mexmsvc80:sfc_sf.obj
 0001:00010d30       _sf_mark_output_events_with_multiple_callers 10011d30 f   sfc_mexmsvc80:sfc_sf.obj
 0001:00010eb0       _sf_mark_chart_reusable_outputs 10011eb0 f   sfc_mexmsvc80:sfc_sf.obj
 0001:00011040       _sf_mark_chart_expressionable_inputs 10012040 f   sfc_mexmsvc80:sfc_sf.obj
 0001:00011240       _sf_get_subchart_simstruct 10012240 f   sfc_mexmsvc80:sfc_sf.obj
 0001:00011280       _sf_write_symbol_mapping   10012280 f   sfc_mexmsvc80:sfc_sf.obj
 0001:00011460       _sf_get_fixpt_data_type_id 10012460 f   sfc_mexmsvc80:sfc_sf.obj
 0001:000114a0       _sf_get_enum_data_type_id  100124a0 f   sfc_mexmsvc80:sfc_sf.obj
 0001:000114e0       _sf_get_param_data_type_id 100124e0 f   sfc_mexmsvc80:sfc_sf.obj
 0001:00011510       _sf_mex_listen_for_ctrl_c_force 10012510 f   sfc_mexmsvc80:sfc_sf.obj
 0001:00011610       _sf_mex_draw_now           10012610 f   sfc_mexmsvc80:sfc_sf.obj
 0001:00011650       _sf_mex_set_debugger_sim_status_listener_fcn 10012650 f   sfc_mexmsvc80:sfc_sf.obj
 0001:00011660       _sf_mex_listen_for_ctrl_c  10012660 f   sfc_mexmsvc80:sfc_sf.obj
 0001:000116f0       _sf_mex_get_sfun_param     100126f0 f   sfc_mexmsvc80:sfc_sf.obj
 0001:00011740       _sf_get_runtime_param_data 10012740 f   sfc_mexmsvc80:sfc_sf.obj
 0001:00011780       _sf_call_output_fcn_call   10012780 f   sfc_mexmsvc80:sfc_sf.obj
 0001:000118a0       _sf_call_output_fcn_enable 100128a0 f   sfc_mexmsvc80:sfc_sf.obj
 0001:00011920       _sf_call_output_fcn_disable 10012920 f   sfc_mexmsvc80:sfc_sf.obj
 0001:000119a0       _sf_clear_rtw_identifier   100129a0 f   sfc_mexmsvc80:sfc_sf.obj
 0001:000121d0       _sf_set_encoded_dwork_info 100131d0 f   sfc_mexmsvc80:sfc_sf.obj
 0001:00012210       _sf_get_dwork_info_from_mat_file 10013210 f   sfc_mexmsvc80:sfc_sf.obj
 0001:00012380       _sf_set_rtw_dwork_info     10013380 f   sfc_mexmsvc80:sfc_sf.obj
 0001:000124b0       _mdlOutputs                100134b0 f   sfc_mexmsvc80:sfc_sf.obj
 0001:000125c0       _sf_debug_disp             100135c0 f   sfc_debugmsvc80:sfcdebug.obj
 0001:000127c0       _sf_debug_data_runtime_size_mismatch_error_check 100137c0 f   sfc_debugmsvc80:sfcdebug.obj
 0001:00012800       _sf_debug_try_loading_machine 10013800 f   sfc_debugmsvc80:sfcdebug.obj
 0001:000128d0       _sf_debug_reset_current_state_configuration 100138d0 f   sfc_debugmsvc80:sfcdebug.obj
 0001:00012910       _sf_debug_store_current_state_configuration 10013910 f   sfc_debugmsvc80:sfcdebug.obj
 0001:00012950       _sf_debug_restore_previous_state_configuration 10013950 f   sfc_debugmsvc80:sfcdebug.obj
 0001:00012990       _sf_debug_restore_previous_state_configuration2 10013990 f   sfc_debugmsvc80:sfcdebug.obj
 0001:000129d0       _sf_debug_get_event_scope  100139d0 f   sfc_debugmsvc80:sfcdebug.obj
 0001:00012af0       _use_debugger_step_animation 10013af0 f   sfc_debugmsvc80:sfcdebug.obj
 0001:00012b10       _sf_debug_get_script_id    10013b10 f   sfc_debugmsvc80:sfcdebug.obj
 0001:00012ba0       _sf_debug_set_script_translation 10013ba0 f   sfc_debugmsvc80:sfcdebug.obj
 0001:00012c30       _sf_debug_get_current_machine_id 10013c30 f   sfc_debugmsvc80:sfcdebug.obj
 0001:00012c50       _sf_debug_get_current_optional_integer 10013c50 f   sfc_debugmsvc80:sfcdebug.obj
 0001:00012c60       _sf_debug_get_current_machine_number 10013c60 f   sfc_debugmsvc80:sfcdebug.obj
 0001:00012c80       _sf_debug_get_current_machine_name 10013c80 f   sfc_debugmsvc80:sfcdebug.obj
 0001:00012ca0       _sf_debug_get_current_chart_id 10013ca0 f   sfc_debugmsvc80:sfcdebug.obj
 0001:00012cd0       _sf_debug_get_current_chart_number 10013cd0 f   sfc_debugmsvc80:sfcdebug.obj
 0001:00012ce0       _sf_debug_get_current_instance_number 10013ce0 f   sfc_debugmsvc80:sfcdebug.obj
 0001:00012cf0       _sf_debug_get_current_is_minor_time_step 10013cf0 f   sfc_debugmsvc80:sfcdebug.obj
 0001:00012d60       _sf_debug_get_current_object_type 10013d60 f   sfc_debugmsvc80:sfcdebug.obj
 0001:00012d70       _sf_debug_get_current_instance_handle 10013d70 f   sfc_debugmsvc80:sfcdebug.obj
 0001:00012dc0       _sf_debug_get_current_event_type 10013dc0 f   sfc_debugmsvc80:sfcdebug.obj
 0001:00012dd0       _sf_debug_get_current_object_id 10013dd0 f   sfc_debugmsvc80:sfcdebug.obj
 0001:00012e00       _sf_debug_get_current_active_event_type 10013e00 f   sfc_debugmsvc80:sfcdebug.obj
 0001:00012e10       _sf_debug_get_current_active_event_id 10013e10 f   sfc_debugmsvc80:sfcdebug.obj
 0001:00012e40       _sf_debug_get_current_tag_type 10013e40 f   sfc_debugmsvc80:sfcdebug.obj
 0001:00012e50       _sf_debug_get_current_simulation_time 10013e50 f   sfc_debugmsvc80:sfcdebug.obj
 0001:00012e60       _sf_debug_get_current_coverage_percentage 10013e60 f   sfc_debugmsvc80:sfcdebug.obj
 0001:00012e70       _sf_debug_current_statement_context 10013e70 f   sfc_debugmsvc80:sfcdebug.obj
 0001:00012ef0       _sf_debug_get_current_statement_info 10013ef0 f   sfc_debugmsvc80:sfcdebug.obj
 0001:00013030       _sf_debug_terminate_instance 10014030 f   sfc_debugmsvc80:sfcdebug.obj
 0001:000132b0       _sf_debug_assertion_failed 100142b0 f   sfc_debugmsvc80:sfcdebug.obj
 0001:00013480       _sf_debug_set_number_of_data_with_change_event_for_machine 10014480 f   sfc_debugmsvc80:sfcdebug.obj
 0001:000134c0       _sf_debug_set_machine_event_thresholds 100144c0 f   sfc_debugmsvc80:sfcdebug.obj
 0001:000134f0       _sf_debug_set_machine_event_scope 100144f0 f   sfc_debugmsvc80:sfcdebug.obj
 0001:00013530       _sf_debug_set_machine_data_thresholds 10014530 f   sfc_debugmsvc80:sfcdebug.obj
 0001:00013570       _sf_debug_set_machine_data_scope 10014570 f   sfc_debugmsvc80:sfcdebug.obj
 0001:000135f0       _sf_debug_set_machine_data_name 100145f0 f   sfc_debugmsvc80:sfcdebug.obj
 0001:00013640       _sf_debug_set_machine_data_size 10014640 f   sfc_debugmsvc80:sfcdebug.obj
 0001:00013730       _sf_debug_set_machine_data_type 10014730 f   sfc_debugmsvc80:sfcdebug.obj
 0001:00013850       _sf_debug_get_chart_data_number 10014850 f   sfc_debugmsvc80:sfcdebug.obj
 0001:00013880       _sf_debug_get_chart_event_number 10014880 f   sfc_debugmsvc80:sfcdebug.obj
 0001:000138b0       _sf_debug_set_chart_state_info 100148b0 f   sfc_debugmsvc80:sfcdebug.obj
 0001:00013930       _sf_debug_set_chart_decomposition 10014930 f   sfc_debugmsvc80:sfcdebug.obj
 0001:000139a0       _sf_debug_set_chart_substate_count 100149a0 f   sfc_debugmsvc80:sfcdebug.obj
 0001:00013a60       _sf_debug_set_chart_substate_index 10014a60 f   sfc_debugmsvc80:sfcdebug.obj
 0001:00013ad0       _sf_debug_set_chart_state_substate_count 10014ad0 f   sfc_debugmsvc80:sfcdebug.obj
 0001:00013bb0       _sf_debug_set_chart_state_substate_index 10014bb0 f   sfc_debugmsvc80:sfcdebug.obj
 0001:00013c30       _sf_debug_set_number_of_data_with_change_event_for_chart 10014c30 f   sfc_debugmsvc80:sfcdebug.obj
 0001:00013cb0       _sf_debug_set_number_of_states_with_entry_event_for_chart 10014cb0 f   sfc_debugmsvc80:sfcdebug.obj
 0001:00013d20       _sf_debug_set_number_of_states_with_exit_event_for_chart 10014d20 f   sfc_debugmsvc80:sfcdebug.obj
 0001:00013d90       _sf_debug_set_chart_disable_implicit_casting 10014d90 f   sfc_debugmsvc80:sfcdebug.obj
 0001:00013e00       _sf_debug_set_chart_event_thresholds 10014e00 f   sfc_debugmsvc80:sfcdebug.obj
 0001:00013e70       _sf_debug_set_chart_data_compiled_props 10014e70 f   sfc_debugmsvc80:sfcdebug.obj
 0001:000140e0       _sf_debug_set_chart_data_props 100150e0 f   sfc_debugmsvc80:sfcdebug.obj
 0001:00014350       _sf_debug_check_fi_license 10015350 f   sfc_debugmsvc80:sfcdebug.obj
 0001:000144e0       _sf_debug_symbol_scope_push 100154e0 f   sfc_debugmsvc80:sfcdebug.obj
 0001:00014520       _sf_debug_symbol_scope_push_eml 10015520 f   sfc_debugmsvc80:sfcdebug.obj
 0001:00014560       _sf_debug_symbol_scope_pop 10015560 f   sfc_debugmsvc80:sfcdebug.obj
 0001:00014590       _sf_debug_symbol_scope_add_importable 10015590 f   sfc_debugmsvc80:sfcdebug.obj
 0001:000145f0       _sf_debug_symbol_scope_add 100155f0 f   sfc_debugmsvc80:sfcdebug.obj
 0001:00014650       _sf_debug_symbol_scope_add_dyn_importable 10015650 f   sfc_debugmsvc80:sfcdebug.obj
 0001:000146c0       _sf_debug_symbol_scope_add_dyn 100156c0 f   sfc_debugmsvc80:sfcdebug.obj
 0001:000146f0       _sf_debug_symbol_scope_add_eml_importable 100156f0 f   sfc_debugmsvc80:sfcdebug.obj
 0001:00014720       _sf_debug_symbol_scope_add_eml 10015720 f   sfc_debugmsvc80:sfcdebug.obj
 0001:00014750       _sf_debug_symbol_scope_add_eml_dyn_importable 10015750 f   sfc_debugmsvc80:sfcdebug.obj
 0001:000147a0       _sf_debug_symbol_scope_add_eml_dyn 100157a0 f   sfc_debugmsvc80:sfcdebug.obj
 0001:000147f0       _sf_debug_symbol_switch    100157f0 f   sfc_debugmsvc80:sfcdebug.obj
 0001:00014810       _sf_debug_symbol_scope_add_verbose 10015810 f   sfc_debugmsvc80:sfcdebug.obj
 0001:00014880       _sf_debug_set_machine_data_value_ptr 10015880 f   sfc_debugmsvc80:sfcdebug.obj
 0001:000148c0       _sf_debug_set_instance_data_value_ptr 100158c0 f   sfc_debugmsvc80:sfcdebug.obj
 0001:00014920       _sf_debug_unset_instance_data_value_ptr 10015920 f   sfc_debugmsvc80:sfcdebug.obj
 0001:00014970       _sf_debug_set_chart_event_scope 10015970 f   sfc_debugmsvc80:sfcdebug.obj
 0001:000149f0       _sf_debug_set_chart_transition_coverage_maps 100159f0 f   sfc_debugmsvc80:sfcdebug.obj
 0001:00014a80       _sf_debug_set_chart_state_coverage_maps 10015a80 f   sfc_debugmsvc80:sfcdebug.obj
 0001:00014b00       _sf_debug_set_instance_transition_coverage_weights 10015b00 f   sfc_debugmsvc80:sfcdebug.obj
 0001:00014b70       _sf_debug_set_instance_state_coverage_weights 10015b70 f   sfc_debugmsvc80:sfcdebug.obj
 0001:00014d70       _sf_debug_unload_machine   10015d70 f   sfc_debugmsvc80:sfcdebug.obj
 0001:00014dc0       _sf_debug_load_machine     10015dc0 f   sfc_debugmsvc80:sfcdebug.obj
 0001:00014e70       _sf_debug_set_active_instance_in_data_dictionary 10015e70 f   sfc_debugmsvc80:sfcdebug.obj
 0001:00014ff0       _sf_debug_set_active_instance 10015ff0 f   sfc_debugmsvc80:sfcdebug.obj
 0001:000150e0       _sf_debug_chart_visiblity_change 100160e0 f   sfc_debugmsvc80:sfcdebug.obj
 0001:00015180       _sf_debug_select_chart     10016180 f   sfc_debugmsvc80:sfcdebug.obj
 0001:00015220       _sf_debug_set_instance_cv_ids 10016220 f   sfc_debugmsvc80:sfcdebug.obj
 0001:000153e0       _sf_debug_select_charts    100163e0 f   sfc_debugmsvc80:sfcdebug.obj
 0001:000154c0       _sf_debug_initialized      100164c0 f   sfc_debugmsvc80:sfcdebug.obj
 0001:000154d0       _sf_debug_is_uninterruptible 100164d0 f   sfc_debugmsvc80:sfcdebug.obj
 0001:00015500       _sf_debug_initialize_debugger_gui 10016500 f   sfc_debugmsvc80:sfcdebug.obj
 0001:00015880       _sf_debug_resume           10016880 f   sfc_debugmsvc80:sfcdebug.obj
 0001:000158a0       _sf_debug_go               100168a0 f   sfc_debugmsvc80:sfcdebug.obj
 0001:000158b0       _sf_debug_break            100168b0 f   sfc_debugmsvc80:sfcdebug.obj
 0001:000158c0       _sf_debug_step_over        100168c0 f   sfc_debugmsvc80:sfcdebug.obj
 0001:000158d0       _sf_debug_step_out         100168d0 f   sfc_debugmsvc80:sfcdebug.obj
 0001:000158e0       _sf_debug_set_disable_all_breakpoints 100168e0 f   sfc_debugmsvc80:sfcdebug.obj
 0001:000158f0       _sf_debug_disable_all_breakpoints_and_go 100168f0 f   sfc_debugmsvc80:sfcdebug.obj
 0001:00015900       _sf_debug_break_on_chart_entry 10016900 f   sfc_debugmsvc80:sfcdebug.obj
 0001:00015910       _sf_debug_break_on_event_broadcast 10016910 f   sfc_debugmsvc80:sfcdebug.obj
 0001:00015920       _sf_debug_break_on_state_entry 10016920 f   sfc_debugmsvc80:sfcdebug.obj
 0001:00015930       _sf_debug_break_between_times 10016930 f   sfc_debugmsvc80:sfcdebug.obj
 0001:00015960       _sf_debug_browse_data      10016960 f   sfc_debugmsvc80:sfcdebug.obj
 0001:00015980       _sf_debug_watch_data       10016980 f   sfc_debugmsvc80:sfcdebug.obj
 0001:000159a0       _sf_debug_assign_data      100169a0 f   sfc_debugmsvc80:sfcdebug.obj
 0001:000159c0       _sf_debug_whos             100169c0 f   sfc_debugmsvc80:sfcdebug.obj
 0001:000159e0       _sf_debug_get_consistency_info 100169e0 f   sfc_debugmsvc80:sfcdebug.obj
 0001:00015a00       _sf_debug_browse_trace     10016a00 f   sfc_debugmsvc80:sfcdebug.obj
 0001:00015a20       _sf_debug_set_breakpoints  10016a20 f   sfc_debugmsvc80:sfcdebug.obj
 0001:00015ae0       _sf_debug_set_eml_breakpoints 10016ae0 f   sfc_debugmsvc80:sfcdebug.obj
 0001:00015bf0       _sf_debug_set_script_breakpoints 10016bf0 f   sfc_debugmsvc80:sfcdebug.obj
 0001:00015c70       _sf_debug_add_script_breakpoints 10016c70 f   sfc_debugmsvc80:sfcdebug.obj
 0001:00015ce0       _sf_debug_clear_script_breakpoints 10016ce0 f   sfc_debugmsvc80:sfcdebug.obj
 0001:00015d50       _sf_debug_query_script_breakpoints 10016d50 f   sfc_debugmsvc80:sfcdebug.obj
 0001:00015df0       _sf_debug_get_eml_script_id 10016df0 f   sfc_debugmsvc80:sfcdebug.obj
 0001:00015e40       _sf_debug_set_watch        10016e40 f   sfc_debugmsvc80:sfcdebug.obj
 0001:00015fd0       _sf_debug_get_coverage     10016fd0 f   sfc_debugmsvc80:sfcdebug.obj
 0001:00015ff0       _sf_debug_get_instance_handle 10016ff0 f   sfc_debugmsvc80:sfcdebug.obj
 0001:00016070       _sf_debug_get_active_states 10017070 f   sfc_debugmsvc80:sfcdebug.obj
 0001:00016090       _sf_debug_get_animation    10017090 f   sfc_debugmsvc80:sfcdebug.obj
 0001:000160a0       _sf_debug_set_animation    100170a0 f   sfc_debugmsvc80:sfcdebug.obj
 0001:000160b0       _sf_debug_animate          100170b0 f   sfc_debugmsvc80:sfcdebug.obj
 0001:000160e0       _sf_debug_cycle_detection_check 100170e0 f   sfc_debugmsvc80:sfcdebug.obj
 0001:000160f0       _sf_debug_data_range_check 100170f0 f   sfc_debugmsvc80:sfcdebug.obj
 0001:00016100       _sf_debug_transition_conflict_check 10017100 f   sfc_debugmsvc80:sfcdebug.obj
 0001:00016110       _sf_debug_state_consistency_check 10017110 f   sfc_debugmsvc80:sfcdebug.obj
 0001:00016120       _sf_debug_data_range_check_enabled 10017120 f   sfc_debugmsvc80:sfcdebug.obj
 0001:00016130       _sf_debug_transition_conflict_check_enabled 10017130 f   sfc_debugmsvc80:sfcdebug.obj
 0001:00016140       _sf_debug_transition_conflict_check_begin 10017140 f   sfc_debugmsvc80:sfcdebug.obj
 0001:00016160       _sf_debug_transition_conflict_check_end 10017160 f   sfc_debugmsvc80:sfcdebug.obj
 0001:00016180       _sf_debug_stop_debugging   10017180 f   sfc_debugmsvc80:sfcdebug.obj
 0001:000161b0       _sf_debug_is_cycle_detected 100171b0 f   sfc_debugmsvc80:sfcdebug.obj
 0001:000161c0       _sf_debug_is_array_bounds_detected 100171c0 f   sfc_debugmsvc80:sfcdebug.obj
 0001:000161d0       _sf_debug_get_state_vectors_data_size 100171d0 f   sfc_debugmsvc80:sfcdebug.obj
 0001:00016210       _sf_debug_get_state_vectors_data 10017210 f   sfc_debugmsvc80:sfcdebug.obj
 0001:000162e0       _sf_debug_set_state_vectors_data 100172e0 f   sfc_debugmsvc80:sfcdebug.obj
 0001:00016510       _sf_debug_get_script_index 10017510 f   sfc_debugmsvc80:sfcdebug.obj
 0001:00016640       _sf_debug_add_script       10017640 f   sfc_debugmsvc80:sfcdebug.obj
 0001:00016790       _cv_eval_point             10017790 f   sfc_debugmsvc80:sfcdebug.obj
 0001:00016860       _sf_debug_cv_init_state    10017860 f   sfc_debugmsvc80:sfcdebug.obj
 0001:000168f0       _sf_debug_cv_init_chart    100178f0 f   sfc_debugmsvc80:sfcdebug.obj
 0001:00016970       _sf_debug_cv_init_trans    10017970 f   sfc_debugmsvc80:sfcdebug.obj
 0001:00016a50       _cv_eml_init_script        10017a50 f   sfc_debugmsvc80:sfcdebug.obj
 0001:00016ac0       _cv_eml_init_fcn           10017ac0 f   sfc_debugmsvc80:sfcdebug.obj
 0001:00016b20       _cv_eml_init_testobjective 10017b20 f   sfc_debugmsvc80:sfcdebug.obj
 0001:00016b80       _cv_eml_init_if            10017b80 f   sfc_debugmsvc80:sfcdebug.obj
 0001:00016be0       _cv_eml_init_for           10017be0 f   sfc_debugmsvc80:sfcdebug.obj
 0001:00016c40       _cv_eml_init_while         10017c40 f   sfc_debugmsvc80:sfcdebug.obj
 0001:00016ca0       _cv_eml_init_mcdc          10017ca0 f   sfc_debugmsvc80:sfcdebug.obj
 0001:00016d10       _cv_eml_init_switch        10017d10 f   sfc_debugmsvc80:sfcdebug.obj
 0001:00016d70       _cv_eml_eval               10017d70 f   sfc_debugmsvc80:sfcdebug.obj
 0001:00016de0       _sf_debug_bm_is_a_eml_breakpoint 10017de0 f   sfc_debugmsvc80:sfcdebug.obj
 0001:00016f10       _sf_debug_temporal_threshold 10017f10 f   sfc_debugmsvc80:sfcdebug.obj
 0001:00017200       _sf_debug_transition_conflict_error 10018200 f   sfc_debugmsvc80:sfcdebug.obj
 0001:000174a0       _sf_debug_state_inconsistency_error 100184a0 f   sfc_debugmsvc80:sfcdebug.obj
 0001:00017590       _sf_debug_check_for_state_inconsistency 10018590 f   sfc_debugmsvc80:sfcdebug.obj
 0001:000175d0       _sf_debug_cycle_detecton_error 100185d0 f   sfc_debugmsvc80:sfcdebug.obj
 0001:00017c00       _sf_debug_size_eq_check_1d 10018c00 f   sfc_debugmsvc80:sfcdebug.obj
 0001:00017c20       _sf_debug_size_eq_check_nd 10018c20 f   sfc_debugmsvc80:sfcdebug.obj
 0001:00017d00       _sf_debug_dim_size_eq_check 10018d00 f   sfc_debugmsvc80:sfcdebug.obj
 0001:00017d30       _sf_debug_dim_size_geq_check 10018d30 f   sfc_debugmsvc80:sfcdebug.obj
 0001:00017d60       _sf_debug_sub_assign_size_check_nd 10018d60 f   sfc_debugmsvc80:sfcdebug.obj
 0001:00017e80       _sf_debug_matrix_matrix_index_check 10018e80 f   sfc_debugmsvc80:sfcdebug.obj
 0001:00017ec0       _sf_debug_vector_vector_index_check 10018ec0 f   sfc_debugmsvc80:sfcdebug.obj
 0001:00017f00       _sf_debug_runtime_error_msgid 10018f00 f   sfc_debugmsvc80:sfcdebug.obj
 0001:00017f90       _sf_debug_data_array_bounds_error_check 10018f90 f   sfc_debugmsvc80:sfcdebug.obj
 0001:00017ff0       _sf_debug_eml_data_array_bounds_error_check 10018ff0 f   sfc_debugmsvc80:sfcdebug.obj
 0001:000182e0       _sf_debug_integer_check    100192e0 f   sfc_debugmsvc80:sfcdebug.obj
 0001:00018360       _sf_debug_not_nan_check    10019360 f   sfc_debugmsvc80:sfcdebug.obj
 0001:000183b0       _sf_debug_non_negative_check 100193b0 f   sfc_debugmsvc80:sfcdebug.obj
 0001:00018410       _sf_debug_overflow_detection 10019410 f   sfc_debugmsvc80:sfcdebug.obj
 0001:00018930       _sf_debug_cast_to_real32_T 10019930 f   sfc_debugmsvc80:sfcdebug.obj
 0001:00018990       _sf_debug_cast_to_int8_T   10019990 f   sfc_debugmsvc80:sfcdebug.obj
 0001:00018a10       _sf_debug_cast_to_uint8_T  10019a10 f   sfc_debugmsvc80:sfcdebug.obj
 0001:00018aa0       _sf_debug_cast_to_int16_T  10019aa0 f   sfc_debugmsvc80:sfcdebug.obj
 0001:00018b20       _sf_debug_cast_to_uint16_T 10019b20 f   sfc_debugmsvc80:sfcdebug.obj
 0001:00018bb0       _sf_debug_cast_to_int32_T  10019bb0 f   sfc_debugmsvc80:sfcdebug.obj
 0001:00018c20       _sf_debug_cast_to_uint32_T 10019c20 f   sfc_debugmsvc80:sfcdebug.obj
 0001:00018cb0       _sf_debug_data_range_error 10019cb0 f   sfc_debugmsvc80:sfcdebug.obj
 0001:00019020       _sf_debug_data_range_error_wrapper_min_max 1001a020 f   sfc_debugmsvc80:sfcdebug.obj
 0001:00019090       _sf_debug_data_range_error_wrapper_min 1001a090 f   sfc_debugmsvc80:sfcdebug.obj
 0001:000190f0       _sf_debug_data_range_error_wrapper_max 1001a0f0 f   sfc_debugmsvc80:sfcdebug.obj
 0001:00019150       _sf_debug_data_range_wrapper 1001a150 f   sfc_debugmsvc80:sfcdebug.obj
 0001:000191a0       _sf_debug_set_current_status_info 1001a1a0 f   sfc_debugmsvc80:sfcdebug.obj
 0001:00019500       _sf_debug_call             1001a500 f   sfc_debugmsvc80:sfcdebug.obj
 0001:00019f00       _sf_debug_initialize_machine 1001af00 f   sfc_debugmsvc80:sfcdebug.obj
 0001:0001a1a0       _sf_debug_initialize_chart 1001b1a0 f   sfc_debugmsvc80:sfcdebug.obj
 0001:0001a500       _sf_debug_ensure_script    1001b500 f   sfc_debugmsvc80:sfcdebug.obj
 0001:0001a5b0       _cv_script_init_script     1001b5b0 f   sfc_debugmsvc80:sfcdebug.obj
 0001:0001a610       _cv_script_init_fcn        1001b610 f   sfc_debugmsvc80:sfcdebug.obj
 0001:0001a660       _cv_script_init_testobjective 1001b660 f   sfc_debugmsvc80:sfcdebug.obj
 0001:0001a6b0       _cv_script_init_if         1001b6b0 f   sfc_debugmsvc80:sfcdebug.obj
 0001:0001a700       _cv_script_init_for        1001b700 f   sfc_debugmsvc80:sfcdebug.obj
 0001:0001a750       _cv_script_init_while      1001b750 f   sfc_debugmsvc80:sfcdebug.obj
 0001:0001a7a0       _cv_script_init_mcdc       1001b7a0 f   sfc_debugmsvc80:sfcdebug.obj
 0001:0001a800       _cv_script_init_switch     1001b800 f   sfc_debugmsvc80:sfcdebug.obj
 0001:0001a860       _cv_script_eval            1001b860 f   sfc_debugmsvc80:sfcdebug.obj
 0001:0001a8c0       _eml_debug_line_call       1001b8c0 f   sfc_debugmsvc80:sfcdebug.obj
 0001:0001a9c0       _sf_debug_terminate        1001b9c0 f   sfc_debugmsvc80:sfcdebug.obj
 0001:0001aaf0       _sf_debug_set_script_cv_ids 1001baf0 f   sfc_debugmsvc80:sfcdebug.obj
 0001:0001ac00       _sf_debug_api              1001bc00 f   sfc_debugmsvc80:sfc_api.obj
 0001:0001c5b0       _sf_debug_sm_terminate     1001d5b0 f   sfc_debugmsvc80:sfdb_animation.obj
 0001:0001c720       _sf_debug_reset_path_objects 1001d720 f   sfc_debugmsvc80:sfdb_animation.obj
 0001:0001c790       _sf_debug_sm_reset_object_selection_status 1001d790 f   sfc_debugmsvc80:sfdb_animation.obj
 0001:0001c830       _sf_debug_sm_reset_state_buffer 1001d830 f   sfc_debugmsvc80:sfdb_animation.obj
 0001:0001c8f0       _sf_debug_sm_store_state_buffer 1001d8f0 f   sfc_debugmsvc80:sfdb_animation.obj
 0001:0001c970       _sf_debug_sm_restore_state_buffer1 1001d970 f   sfc_debugmsvc80:sfdb_animation.obj
 0001:0001c9d0       _sf_debug_sm_restore_state_buffer2 1001d9d0 f   sfc_debugmsvc80:sfdb_animation.obj
 0001:0001ca30       _sf_debug_sm_chart_active  1001da30 f   sfc_debugmsvc80:sfdb_animation.obj
 0001:0001ca80       _sf_debug_sm_select_active_objects 1001da80 f   sfc_debugmsvc80:sfdb_animation.obj
 0001:0001ce00       _sf_debug_sm_is_chart_active 1001de00 f   sfc_debugmsvc80:sfdb_animation.obj
 0001:0001ce40       _sf_debug_sm_is_state_active 1001de40 f   sfc_debugmsvc80:sfdb_animation.obj
 0001:0001cff0       _sf_debug_sm_get_active_states 1001dff0 f   sfc_debugmsvc80:sfdb_animation.obj
 0001:0001d420       _sf_debug_sm_initialize_instance 1001e420 f   sfc_debugmsvc80:sfdb_animation.obj
 0001:0001d640       _sf_debug_sm_change_object_selection_status 1001e640 f   sfc_debugmsvc80:sfdb_animation.obj
 0001:0001d830       _cv_create_interface       1001e830 f   sfc_debugmsvc80:cv_sfinterface.obj
 0001:0001db40       _cv_init_trans             1001eb40 f   sfc_debugmsvc80:cv_sfinterface.obj
 0001:0001db90       _cv_init_state             1001eb90 f   sfc_debugmsvc80:cv_sfinterface.obj
 0001:0001dbf0       _cv_init_chart             1001ebf0 f   sfc_debugmsvc80:cv_sfinterface.obj
 0001:0001dc40       _cv_dec_update_call        1001ec40 f   sfc_debugmsvc80:cv_sfinterface.obj
 0001:0001dc80       _cv_cond_update_call       1001ec80 f   sfc_debugmsvc80:cv_sfinterface.obj
 0001:0001dcc0       _cv_sigrange_update        1001ecc0 f   sfc_debugmsvc80:cv_sfinterface.obj
 0001:0001dd10       _cvsf_eml_eval             1001ed10 f   sfc_debugmsvc80:cv_sfinterface.obj
 0001:0001ddf0       _cvsf_eml_init_script      1001edf0 f   sfc_debugmsvc80:cv_sfinterface.obj
 0001:0001de50       _cvsf_eml_init_fcn         1001ee50 f   sfc_debugmsvc80:cv_sfinterface.obj
 0001:0001deb0       _cvsf_eml_init_testobjective 1001eeb0 f   sfc_debugmsvc80:cv_sfinterface.obj
 0001:0001df10       _cvsf_eml_init_if          1001ef10 f   sfc_debugmsvc80:cv_sfinterface.obj
 0001:0001df70       _cvsf_eml_init_for         1001ef70 f   sfc_debugmsvc80:cv_sfinterface.obj
 0001:0001dfd0       _cvsf_eml_init_while       1001efd0 f   sfc_debugmsvc80:cv_sfinterface.obj
 0001:0001e030       _cvsf_eml_init_mcdc        1001f030 f   sfc_debugmsvc80:cv_sfinterface.obj
 0001:0001e0a0       _cvsf_eml_init_switch      1001f0a0 f   sfc_debugmsvc80:cv_sfinterface.obj
 0001:0001e100       _cvsf_script_eval          1001f100 f   sfc_debugmsvc80:cv_sfinterface.obj
 0001:0001e1e0       _cvsf_script_init_script   1001f1e0 f   sfc_debugmsvc80:cv_sfinterface.obj
 0001:0001e240       _cvsf_script_init_fcn      1001f240 f   sfc_debugmsvc80:cv_sfinterface.obj
 0001:0001e2a0       _cvsf_script_init_testobjective 1001f2a0 f   sfc_debugmsvc80:cv_sfinterface.obj
 0001:0001e300       _cvsf_script_init_if       1001f300 f   sfc_debugmsvc80:cv_sfinterface.obj
 0001:0001e360       _cvsf_script_init_for      1001f360 f   sfc_debugmsvc80:cv_sfinterface.obj
 0001:0001e3b0       _cvsf_script_init_while    1001f3b0 f   sfc_debugmsvc80:cv_sfinterface.obj
 0001:0001e400       _cvsf_script_init_mcdc     1001f400 f   sfc_debugmsvc80:cv_sfinterface.obj
 0001:0001e470       _cvsf_script_init_switch   1001f470 f   sfc_debugmsvc80:cv_sfinterface.obj
 0001:0001e4d0       _cv_destroy_interface      1001f4d0 f   sfc_debugmsvc80:cv_sfinterface.obj
 0001:0001e4f0       _cv_create_instance_objects 1001f4f0 f   sfc_debugmsvc80:cv_sfinterface.obj
 0001:0001e830       _cv_is_enabled             1001f830 f   sfc_debugmsvc80:cv_sfinterface.obj
 0001:0001e840       _sf_debug_cv_initialize_script 1001f840 f   sfc_debugmsvc80:cv_sfinterface.obj
 0001:0001e9d0       _sf_debug_cv_initialize_instance 1001f9d0 f   sfc_debugmsvc80:cv_sfinterface.obj
 0001:0001ecd0       _sf_debug_cv_terminate_chart 1001fcd0 f   sfc_debugmsvc80:cv_sfinterface.obj
 0001:0001edc0       _cv_call_trans_test        1001fdc0 f   sfc_debugmsvc80:cv_sfinterface.obj
 0001:0001edd0       _cv_call_sub_cond_test     1001fdd0 f   sfc_debugmsvc80:cv_sfinterface.obj
 0001:0001eee0       _sf_debug_hm_initialize_instance 1001fee0 f   sfc_debugmsvc80:sfdb_handle_management.obj
 0001:0001f3c0       _sf_debug_hm_get_object_id 100203c0 f   sfc_debugmsvc80:sfdb_handle_management.obj
 0001:00020e80       _sf_debug_object_is_eml_function 10021e80 f   sfc_debugmsvc80:sfdb_handle_management.obj
 0001:00020ee0       _sf_debug_hm_initialize_ids_in_machine 10021ee0 f   sfc_debugmsvc80:sfdb_handle_management.obj
 0001:00021030       _sf_debug_hm_initialize_ids_in_chart 10022030 f   sfc_debugmsvc80:sfdb_handle_management.obj
 0001:00021150       _sf_debug_hm_initialize_chart 10022150 f   sfc_debugmsvc80:sfdb_handle_management.obj
 0001:00021800       _sf_debug_hm_terminate     10022800 f   sfc_debugmsvc80:sfdb_handle_management.obj
 0001:00021860       _sf_debug_hm_initialize_machine 10022860 f   sfc_debugmsvc80:sfdb_handle_management.obj
 0001:00021f20       _sf_debug_st_initialize_machine 10022f20 f   sfc_debugmsvc80:sfdb_data_browse.obj
 0001:00021fd0       _sf_debug_st_initialize_instance 10022fd0 f   sfc_debugmsvc80:sfdb_data_browse.obj
 0001:00022190       _sf_debug_st_terminate     10023190 f   sfc_debugmsvc80:sfdb_data_browse.obj
 0001:000222f0       _sf_debug_st_set_data_value_ptr_in_machine 100232f0 f   sfc_debugmsvc80:sfdb_data_browse.obj
 0001:00022360       _sf_debug_st_set_data_value_ptr_in_instance 10023360 f   sfc_debugmsvc80:sfdb_data_browse.obj
 0001:00022410       _sf_debug_st_unset_data_value_ptr_in_machine 10023410 f   sfc_debugmsvc80:sfdb_data_browse.obj
 0001:00022470       _sf_debug_st_unset_data_value_ptr_in_instance 10023470 f   sfc_debugmsvc80:sfdb_data_browse.obj
 0001:00022780       _sf_debug_mx_value         10023780 f   sfc_debugmsvc80:sfdb_data_browse.obj
 0001:000227d0       _sf_debug_mx_packed_vector 100237d0 f   sfc_debugmsvc80:sfdb_data_browse.obj
 0001:00022870       _sf_debug_mx_uint_vector   10023870 f   sfc_debugmsvc80:sfdb_data_browse.obj
 0001:000228f0       _sf_debug_st_get_double_value_from_void_ptr_vector 100238f0 f   sfc_debugmsvc80:sfdb_data_browse.obj
 0001:000230f0       _sf_debug_st_browse_data   100240f0 f   sfc_debugmsvc80:sfdb_data_browse.obj
 0001:000236f0       _sf_debug_ss_initialize    100246f0 f   sfc_debugmsvc80:sfdb_symbol_scope.obj
 0001:00023710       _sf_debug_ss_terminate     10024710 f   sfc_debugmsvc80:sfdb_symbol_scope.obj
 0001:00023790       _sf_debug_ss_push_symbol_scope 10024790 f   sfc_debugmsvc80:sfdb_symbol_scope.obj
 0001:00023850       _sf_debug_ss_push_symbol_scope_eml 10024850 f   sfc_debugmsvc80:sfdb_symbol_scope.obj
 0001:000238a0       _sf_debug_ss_pop_symbol_scope 100248a0 f   sfc_debugmsvc80:sfdb_symbol_scope.obj
 0001:00023940       _sf_debug_ss_add_symbol    10024940 f   sfc_debugmsvc80:sfdb_symbol_scope.obj
 0001:00023a30       _sf_debug_ss_add_symbol_eml 10024a30 f   sfc_debugmsvc80:sfdb_symbol_scope.obj
 0001:00024350       _sf_debug_ss_set_data_value 10025350 f   sfc_debugmsvc80:sfdb_symbol_scope.obj
 0001:00024690       _sf_debug_ss_watch_data    10025690 f   sfc_debugmsvc80:sfdb_symbol_scope.obj
 0001:00024710       _sf_debug_ss_assign_data   10025710 f   sfc_debugmsvc80:sfdb_symbol_scope.obj
 0001:00024fb0       _get_data_entry_name       10025fb0 f   sfc_debugmsvc80:sfdb_symbol_scope.obj
 0001:00025000       _sf_debug_ss_whos          10026000 f   sfc_debugmsvc80:sfdb_symbol_scope.obj
 0001:000254a0       _sf_debug_cc_initialize_chart 100264a0 f   sfc_debugmsvc80:sfdb_coverage.obj
 0001:00025e70       _sf_debug_cc_initialize_instance 10026e70 f   sfc_debugmsvc80:sfdb_coverage.obj
 0001:00026a80       _sf_debug_cc_terminate     10027a80 f   sfc_debugmsvc80:sfdb_coverage.obj
 0001:00026b50       _sf_debug_cc_set_transition_maps 10027b50 f   sfc_debugmsvc80:sfdb_coverage.obj
 0001:00026c50       _sf_debug_cc_set_state_maps 10027c50 f   sfc_debugmsvc80:sfdb_coverage.obj
 0001:00026d20       _sf_debug_cc_set_transition_weights 10027d20 f   sfc_debugmsvc80:sfdb_coverage.obj
 0001:00026f40       _sf_debug_cc_set_state_weights 10027f40 f   sfc_debugmsvc80:sfdb_coverage.obj
 0001:00027180       _sf_debug_cc_mark_transition_guard 10028180 f   sfc_debugmsvc80:sfdb_coverage.obj
 0001:00027200       _sf_debug_cc_mark_transition_trigger 10028200 f   sfc_debugmsvc80:sfdb_coverage.obj
 0001:00027280       _sf_debug_cc_mark_transition_decision 10028280 f   sfc_debugmsvc80:sfdb_coverage.obj
 0001:000272e0       _sf_debug_cc_mark_transition_condition_action 100282e0 f   sfc_debugmsvc80:sfdb_coverage.obj
 0001:00027330       _sf_debug_cc_mark_transition_transition_action 10028330 f   sfc_debugmsvc80:sfdb_coverage.obj
 0001:00027380       _sf_debug_cc_mark_state_entry 10028380 f   sfc_debugmsvc80:sfdb_coverage.obj
 0001:000273d0       _sf_debug_cc_mark_state_during 100283d0 f   sfc_debugmsvc80:sfdb_coverage.obj
 0001:00027420       _sf_debug_cc_mark_state_exit 10028420 f   sfc_debugmsvc80:sfdb_coverage.obj
 0001:00027a30       _sf_debug_cc_get_coverage  10028a30 f   sfc_debugmsvc80:sfdb_coverage.obj
 0001:00027ea0       _sf_debug_bm_clear_script_breakpoints 10028ea0 f   sfc_debugmsvc80:sfdb_breakpoints.obj
 0001:00027ee0       _sf_debug_bm_set_script_breakpoint 10028ee0 f   sfc_debugmsvc80:sfdb_breakpoints.obj
 0001:00027f50       _sf_debug_bm_clear_single_script_breakpoint 10028f50 f   sfc_debugmsvc80:sfdb_breakpoints.obj
 0001:00027fc0       _sf_debug_bm_query_script_breakpoint 10028fc0 f   sfc_debugmsvc80:sfdb_breakpoints.obj
 0001:00028010       _sf_debug_bm_initialize_scripts 10029010 f   sfc_debugmsvc80:sfdb_breakpoints.obj
 0001:000285b0       _sf_debug_bm_terminate     100295b0 f   sfc_debugmsvc80:sfdb_breakpoints.obj
 0001:00028870       _sf_debug_bm_remove_all_breakpoints_in_machine 10029870 f   sfc_debugmsvc80:sfdb_breakpoints.obj
 0001:000288c0       _sf_debug_bm_remove_all_breakpoints_in_chart 100298c0 f   sfc_debugmsvc80:sfdb_breakpoints.obj
 0001:000289f0       _sf_debug_bm_initialize_global_breakpoints 100299f0 f   sfc_debugmsvc80:sfdb_breakpoints.obj
 0001:00028ba0       _sf_debug_bm_set_breakpoint 10029ba0 f   sfc_debugmsvc80:sfdb_breakpoints.obj
 0001:00029100       _sf_debug_bm_set_eml_breakpoint 1002a100 f   sfc_debugmsvc80:sfdb_breakpoints.obj
 0001:00029180       _sf_debug_bm_initialize_machine_breakpoint_map 1002a180 f   sfc_debugmsvc80:sfdb_breakpoints.obj
 0001:00029520       _sf_debug_bm_is_a_breakpoint 1002a520 f   sfc_debugmsvc80:sfdb_breakpoints.obj
 0001:00029940       _sf_debug_bm_get_all_breakpoints_in_machine 1002a940 f   sfc_debugmsvc80:sfdb_breakpoints.obj
 0001:00029be0       _sf_debug_bm_get_all_breakpoints_in_chart 1002abe0 f   sfc_debugmsvc80:sfdb_breakpoints.obj
 0001:0002a610       _sf_debug_bm_initialize_machine 1002b610 f   sfc_debugmsvc80:sfdb_breakpoints.obj
 0001:0002a6b0       _sf_debug_bm_initialize_chart 1002b6b0 f   sfc_debugmsvc80:sfdb_breakpoints.obj
 0001:0002aa40       _sf_debug_sc_terminate     1002ba40 f   sfc_debugmsvc80:sfdb_state_consistency.obj
 0001:0002acc0       _sf_debug_sc_is_chart_consistent 1002bcc0 f   sfc_debugmsvc80:sfdb_state_consistency.obj
 0001:0002aeb0       _sf_debug_sc_get_consistency_error_info 1002beb0 f   sfc_debugmsvc80:sfdb_state_consistency.obj
 0001:0002b210       _sf_debug_tm_terminate     1002c210 f   sfc_debugmsvc80:sfdb_call_stack.obj
 0001:0002b2b0       _sf_debug_tm_push_chart_instance 1002c2b0 f   sfc_debugmsvc80:sfdb_call_stack.obj
 0001:0002b3e0       _sf_debug_tm_pop_chart_instance 1002c3e0 f   sfc_debugmsvc80:sfdb_call_stack.obj
 0001:0002b440       _sf_debug_tm_push_trace_node 1002c440 f   sfc_debugmsvc80:sfdb_call_stack.obj
 0001:0002b550       _sf_debug_tm_pop_trace_node 1002c550 f   sfc_debugmsvc80:sfdb_call_stack.obj
 0001:0002b5d0       _sf_debug_tm_get_current_global_trace_index 1002c5d0 f   sfc_debugmsvc80:sfdb_call_stack.obj
 0001:0002b5f0       _sf_debug_tm_get_current_local_trace_index 1002c5f0 f   sfc_debugmsvc80:sfdb_call_stack.obj
 0001:0002b620       _sf_debug_tm_set_cycle_detected_flag 1002c620 f   sfc_debugmsvc80:sfdb_call_stack.obj
 0001:0002b670       _sf_debug_tm_set_cycle_started_flag 1002c670 f   sfc_debugmsvc80:sfdb_call_stack.obj
 0001:0002b6c0       _sf_debug_tm_get_chart_number_from_stack 1002c6c0 f   sfc_debugmsvc80:sfdb_call_stack.obj
 0001:0002b860       _sf_debug_tm_browse_trace  1002c860 f   sfc_debugmsvc80:sfdb_call_stack.obj
 0001:0002bad0       _sf_debug_cd_initialize_instance 1002cad0 f   sfc_debugmsvc80:sfdb_cycle_detection.obj
 0001:0002bd00       _sf_debug_cd_mark_processed_transition_in_instance 1002cd00 f   sfc_debugmsvc80:sfdb_cycle_detection.obj
 0001:0002bd80       _sf_debug_cd_checksum_push 1002cd80 f   sfc_debugmsvc80:sfdb_cycle_detection.obj
 0001:0002c080       _sf_debug_cd_checksum_pop  1002d080 f   sfc_debugmsvc80:sfdb_cycle_detection.obj
 0001:0002c0e0       _sf_debug_cd_turn_off_cycle_detection 1002d0e0 f   sfc_debugmsvc80:sfdb_cycle_detection.obj
 0001:0002c130       _sf_debug_cd_terminate     1002d130 f   sfc_debugmsvc80:sfdb_cycle_detection.obj
 0001:0002c300       _md5_initialize_state      1002d300 f   sfc_debugmsvc80:ckmd5.obj
 0001:0002cb90       _md5_update_state          1002db90 f   sfc_debugmsvc80:ckmd5.obj
 0001:0002cbb0       _md5_get_hash              1002dbb0 f   sfc_debugmsvc80:ckmd5.obj
 0001:0002cbd0       _md5_get_hash_for_a_single_string 1002dbd0 f   sfc_debugmsvc80:ckmd5.obj
 0001:0002cc3a       _mxGetPr                   1002dc3a f   libmx:libmx.dll
 0001:0002cc40       _mxCreateDoubleScalar      1002dc40 f   libmx:libmx.dll
 0001:0002cc46       _mxSetField_730            1002dc46 f   libmx:libmx.dll
 0001:0002cc4c       _mxCreateDoubleMatrix_730  1002dc4c f   libmx:libmx.dll
 0001:0002cc52       _mxCreateStructMatrix_730  1002dc52 f   libmx:libmx.dll
 0001:0002cc58       _mxDestroyArray            1002dc58 f   libmx:libmx.dll
 0001:0002cc5e       _mxCreateString            1002dc5e f   libmx:libmx.dll
 0001:0002cc64       _mxDuplicateArray          1002dc64 f   libmx:libmx.dll
 0001:0002cc6a       _mxGetString_730           1002dc6a f   libmx:libmx.dll
 0001:0002cc70       _mxIsChar                  1002dc70 f   libmx:libmx.dll
 0001:0002cc76       _mxGetClassID              1002dc76 f   libmx:libmx.dll
 0001:0002cc7c       _mxIsNumeric               1002dc7c f   libmx:libmx.dll
 0001:0002cc82       _mxIsComplex               1002dc82 f   libmx:libmx.dll
 0001:0002cc88       _mxGetN                    1002dc88 f   libmx:libmx.dll
 0001:0002cc8e       _mxGetM                    1002dc8e f   libmx:libmx.dll
 0001:0002cc94       _mxCalloc                  1002dc94 f   libmx:libmx.dll
 0001:0002cc9a       _mxGetScalar               1002dc9a f   libmx:libmx.dll
 0001:0002cca0       _mxIsLogical               1002dca0 f   libmx:libmx.dll
 0001:0002cca6       _mxCreateDoubleMatrix_700  1002dca6 f   libmx:libmx.dll
 0001:0002ccac       _mxFree                    1002dcac f   libmx:libmx.dll
 0001:0002ccb2       _mxArrayToString           1002dcb2 f   libmx:libmx.dll
 0001:0002ccb8       _mxCreateCellMatrix_700    1002dcb8 f   libmx:libmx.dll
 0001:0002ccbe       _mxSetCell_700             1002dcbe f   libmx:libmx.dll
 0001:0002ccc4       _mxGetCell_700             1002dcc4 f   libmx:libmx.dll
 0001:0002ccca       _mxGetClassName            1002dcca f   libmx:libmx.dll
 0001:0002ccd0       _mxSetField_700            1002dcd0 f   libmx:libmx.dll
 0001:0002ccd6       _mxAddField                1002dcd6 f   libmx:libmx.dll
 0001:0002ccdc       _mxGetField_700            1002dcdc f   libmx:libmx.dll
 0001:0002cce2       _mxGetNumberOfElements     1002dce2 f   libmx:libmx.dll
 0001:0002cce8       _mxIsStruct                1002dce8 f   libmx:libmx.dll
 0001:0002ccee       _mxIsClass                 1002dcee f   libmx:libmx.dll
 0001:0002ccf4       _mxGetLogicals             1002dcf4 f   libmx:libmx.dll
 0001:0002ccfa       _mxIsSparse                1002dcfa f   libmx:libmx.dll
 0001:0002cd00       _mxSetFieldByNumber_700    1002dd00 f   libmx:libmx.dll
 0001:0002cd06       _mxGetFieldByNumber_700    1002dd06 f   libmx:libmx.dll
 0001:0002cd0c       _mxGetFieldNameByNumber    1002dd0c f   libmx:libmx.dll
 0001:0002cd12       _mxGetNumberOfFields       1002dd12 f   libmx:libmx.dll
 0001:0002cd18       _mxCreateStructMatrix_700  1002dd18 f   libmx:libmx.dll
 0001:0002cd1e       _mxGetFieldNumber          1002dd1e f   libmx:libmx.dll
 0001:0002cd24       _mxIsNaN                   1002dd24 f   libmx:libmx.dll
 0001:0002cd2a       _mxIsEmpty                 1002dd2a f   libmx:libmx.dll
 0001:0002cd30       _mxGetData                 1002dd30 f   libmx:libmx.dll
 0001:0002cd36       _mxGetImagData             1002dd36 f   libmx:libmx.dll
 0001:0002cd3c       _mxArrayClassIDName        1002dd3c f   libmx:libmx.dll
 0001:0002cd42       _mxCreateNumericMatrix_700 1002dd42 f   libmx:libmx.dll
 0001:0002cd48       _mxCreateStructArray_700   1002dd48 f   libmx:libmx.dll
 0001:0002cd4e       _mxCalcSingleSubscript_700 1002dd4e f   libmx:libmx.dll
 0001:0002cd54       _mxGetDimensions_700       1002dd54 f   libmx:libmx.dll
 0001:0002cd5a       _mxGetNumberOfDimensions_700 1002dd5a f   libmx:libmx.dll
 0001:0002cd60       _mxCreateNumericArray_700  1002dd60 f   libmx:libmx.dll
 0001:0002cd66       _mxGetElementSize          1002dd66 f   libmx:libmx.dll
 0001:0002cd6c       _mxCreateStringFromNChars_700 1002dd6c f   libmx:libmx.dll
 0001:0002cd72       _mxGetString_700           1002dd72 f   libmx:libmx.dll
 0001:0002cd78       _mxIsLogicalScalarTrue     1002dd78 f   libmx:libmx.dll
 0001:0002cd7e       _mxCreateLogicalScalar     1002dd7e f   libmx:libmx.dll
 0001:0002cd84       _mexUnlock                 1002dd84 f   libmex:libmex.dll
 0001:0002cd8a       _mexIsLocked               1002dd8a f   libmex:libmex.dll
 0001:0002cd90       _mexWarnMsgTxt             1002dd90 f   libmex:libmex.dll
 0001:0002cd96       _mexCallMATLAB             1002dd96 f   libmex:libmex.dll
 0001:0002cd9c       _mexErrMsgTxt              1002dd9c f   libmex:libmex.dll
 0001:0002cda2       _mexSetTrapFlag            1002dda2 f   libmex:libmex.dll
 0001:0002cda8       _mexMakeArrayPersistent    1002dda8 f   libmex:libmex.dll
 0001:0002cdae       _mexPutVariable            1002ddae f   libmex:libmex.dll
 0001:0002cdb4       _mexGetVariable            1002ddb4 f   libmex:libmex.dll
 0001:0002cdba       _mexLock                   1002ddba f   libmex:libmex.dll
 0001:0002cdc0       _mexMakeMemoryPersistent   1002ddc0 f   libmex:libmex.dll
 0001:0002cdc6       _mexFunctionName           1002ddc6 f   libmex:libmex.dll
 0001:0002cdcc       _ssRegisterDataTypeFxpFSlopeFixExpBias 1002ddcc f   libfixedpoint:libfixedpoint.dll
 0001:0002cdd2       _utVSNprintf               1002ddd2 f   libut:libut.dll
 0001:0002cdd8       _utCPUtime                 1002ddd8 f   libut:libut.dll
 0001:0002cdde       _utFree                    1002ddde f   libut:libut.dll
 0001:0002cde4       _utMalloc                  1002dde4 f   libut:libut.dll
 0001:0002cdea       _muDoubleScalarSin         1002ddea f   libmwmathutil:libmwmathutil.dll
 0001:0002cdf0       _muDoubleScalarCos         1002ddf0 f   libmwmathutil:libmwmathutil.dll
 0001:0002cdf6       _muDoubleScalarAbs         1002ddf6 f   libmwmathutil:libmwmathutil.dll
 0001:0002cdfc       _muDoubleScalarFloor       1002ddfc f   libmwmathutil:libmwmathutil.dll
 0001:0002ce02       _muDoubleScalarCeil        1002de02 f   libmwmathutil:libmwmathutil.dll
 0001:0002ce08       _emlrtCheckBuiltInCtxR2011a 1002de08 f   libemlrt:libemlrt.dll
 0001:0002ce0e       _emlrtCheckVsBuiltInCtxR2011a 1002de0e f   libemlrt:libemlrt.dll
 0001:0002ce14       _emlrtCheckEnumR2009a      1002de14 f   libemlrt:libemlrt.dll
 0001:0002ce1a       _emlrtCreateEnumR2010a     1002de1a f   libemlrt:libemlrt.dll
 0001:0002ce20       _emlrtGetEnumElementR2009a 1002de20 f   libemlrt:libemlrt.dll
 0001:0002ce26       _emlrtCreateReference      1002de26 f   libemlrt:libemlrt.dll
 0001:0002ce2c       _emlrtImportVsFiArrayR2009b 1002de2c f   libemlrt:libemlrt.dll
 0001:0002ce32       _emlrtExtractMessageId     1002de32 f   libemlrt:libemlrt.dll
 0001:0002ce38       _emlrtTranslateMessageIDtoLCPstring 1002de38 f   libemlrt:libemlrt.dll
 0001:0002ce3e       _emlrtGetEnumUnderlyingArrayR2009a 1002de3e f   libemlrt:libemlrt.dll
 0001:0002ce44       _emlrtIsEnumR2009a         1002de44 f   libemlrt:libemlrt.dll
 0001:0002ce4a       _strlen                    1002de4a f   MSVCRT:MSVCR100.dll
 0001:0002ce50       @__security_check_cookie@4 1002de50 f   MSVCRT:secchk.obj
 0001:0002ce60       _memset                    1002de60 f   MSVCRT:MSVCR100.dll
 0001:0002ce66       _malloc                    1002de66 f   MSVCRT:MSVCR100.dll
 0001:0002ce6c       _free                      1002de6c f   MSVCRT:MSVCR100.dll
 0001:0002ce72       _strcmp                    1002de72 f   MSVCRT:MSVCR100.dll
 0001:0002ce78       _sprintf                   1002de78 f   MSVCRT:MSVCR100.dll
 0001:0002ce7e       _strcat                    1002de7e f   MSVCRT:MSVCR100.dll
 0001:0002ce90       __ftol2_sse                1002de90 f   MSVCRT:ftol2.obj
 0001:0002ce99       __ftol2_pentium4           1002de99 f   MSVCRT:ftol2.obj
 0001:0002ceac       __ftol2_sse_excpt          1002deac f   MSVCRT:ftol2.obj
 0001:0002cec6       __ftol2                    1002dec6 f   MSVCRT:ftol2.obj
 0001:0002cf3c       _memcpy                    1002df3c f   MSVCRT:MSVCR100.dll
 0001:0002cf42       _NtCurrentTeb              1002df42 f i MSVCRT:crtdll.obj
 0001:0002cf97       __CRT_INIT@12              1002df97 f   MSVCRT:crtdll.obj
 0001:0002d2b7       __DllMainCRTStartup@12     1002e2b7 f   MSVCRT:crtdll.obj
 0001:0002d2da       _strncpy                   1002e2da f   MSVCRT:MSVCR100.dll
 0001:0002d2e0       __chkstk                   1002e2e0 f   MSVCRT:chkstk.obj
 0001:0002d2e0       __alloca_probe             1002e2e0     MSVCRT:chkstk.obj
 0001:0002d30c       _longjmp                   1002e30c f   MSVCRT:MSVCR100.dll
 0001:0002d312       _strncmp                   1002e312 f   MSVCRT:MSVCR100.dll
 0001:0002d318       _ceil                      1002e318 f   MSVCRT:MSVCR100.dll
 0001:0002d31e       _strrchr                   1002e31e f   MSVCRT:MSVCR100.dll
 0001:0002d324       __setjmp3                  1002e324 f   MSVCRT:MSVCR100.dll
 0001:0002d32a       _calloc                    1002e32a f   MSVCRT:MSVCR100.dll
 0001:0002d330       _realloc                   1002e330 f   MSVCRT:MSVCR100.dll
 0001:0002d336       _ldexp                     1002e336 f   MSVCRT:MSVCR100.dll
 0001:0002d33c       ___report_gsfailure        1002e33c f   MSVCRT:gs_report.obj
 0001:0002d442       ___sse2_available_init     1002e442 f   MSVCRT:cpu_disp.obj
 0001:0002d452       ___clean_type_info_names   1002e452 f   MSVCRT:tncleanup.obj
 0001:0002d45e       __onexit                   1002e45e f   MSVCRT:atonexit.obj
 0001:0002d4ff       _atexit                    1002e4ff f   MSVCRT:atonexit.obj
 0001:0002d516       __RTC_Initialize           1002e516 f   MSVCRT:_initsect_.obj
 0001:0002d53c       __RTC_Terminate            1002e53c f   MSVCRT:_initsect_.obj
 0001:0002d562       __malloc_crt               1002e562 f   MSVCRT:MSVCR100.dll
 0001:0002d568       __encoded_null             1002e568 f   MSVCRT:MSVCR100.dll
 0001:0002d570       __ValidateImageBase        1002e570 f   MSVCRT:pesect.obj
 0001:0002d5b0       __FindPESection            1002e5b0 f   MSVCRT:pesect.obj
 0001:0002d600       __IsNonwritableInCurrentImage 1002e600 f   MSVCRT:pesect.obj
 0001:0002d6bc       __initterm                 1002e6bc f   MSVCRT:MSVCR100.dll
 0001:0002d6c2       __initterm_e               1002e6c2 f   MSVCRT:MSVCR100.dll
 0001:0002d6c8       __amsg_exit                1002e6c8 f   MSVCRT:MSVCR100.dll
 0001:0002d6ce       ___CppXcptFilter           1002e6ce f   MSVCRT:MSVCR100.dll
 0001:0002d6d4       _DllMain@12                1002e6d4 f   MSVCRT:dllmain.obj
 0001:0002d700       __SEH_prolog4              1002e700 f   MSVCRT:sehprolg4.obj
 0001:0002d745       __SEH_epilog4              1002e745 f   MSVCRT:sehprolg4.obj
 0001:0002d759       __except_handler4          1002e759 f   MSVCRT:chandler4gs.obj
 0001:0002d77e       ___security_init_cookie    1002e77e f   MSVCRT:gs_support.obj
 0001:0002d81a       __crt_debugger_hook        1002e81a f   MSVCRT:MSVCR100.dll
 0001:0002d820       ___clean_type_info_names_internal 1002e820 f   MSVCRT:MSVCR100.dll
 0001:0002d826       __unlock                   1002e826 f   MSVCRT:MSVCR100.dll
 0001:0002d82c       ___dllonexit               1002e82c f   MSVCRT:MSVCR100.dll
 0001:0002d832       __lock                     1002e832 f   MSVCRT:MSVCR100.dll
 0001:0002d838       __except_handler4_common   1002e838 f   MSVCRT:MSVCR100.dll
 0001:0002d83e       _EncodePointer@4           1002e83e f   kernel32:KERNEL32.dll
 0001:0002d844       _DecodePointer@4           1002e844 f   kernel32:KERNEL32.dll
 0001:0002d84a       _InterlockedExchange@8     1002e84a f   kernel32:KERNEL32.dll
 0001:0002d850       _Sleep@4                   1002e850 f   kernel32:KERNEL32.dll
 0001:0002d856       _InterlockedCompareExchange@12 1002e856 f   kernel32:KERNEL32.dll
 0001:0002d85c       _TerminateProcess@8        1002e85c f   kernel32:KERNEL32.dll
 0001:0002d862       _GetCurrentProcess@0       1002e862 f   kernel32:KERNEL32.dll
 0001:0002d868       _UnhandledExceptionFilter@4 1002e868 f   kernel32:KERNEL32.dll
 0001:0002d86e       _SetUnhandledExceptionFilter@4 1002e86e f   kernel32:KERNEL32.dll
 0001:0002d874       _IsDebuggerPresent@0       1002e874 f   kernel32:KERNEL32.dll
 0001:0002d87a       _IsProcessorFeaturePresent@4 1002e87a f   kernel32:KERNEL32.dll
 0001:0002d880       _DisableThreadLibraryCalls@4 1002e880 f   kernel32:KERNEL32.dll
 0001:0002d886       _QueryPerformanceCounter@4 1002e886 f   kernel32:KERNEL32.dll
 0001:0002d88c       _GetTickCount@0            1002e88c f   kernel32:KERNEL32.dll
 0001:0002d892       _GetCurrentThreadId@0      1002e892 f   kernel32:KERNEL32.dll
 0001:0002d898       _GetCurrentProcessId@0     1002e898 f   kernel32:KERNEL32.dll
 0001:0002d89e       _GetSystemTimeAsFileTime@4 1002e89e f   kernel32:KERNEL32.dll
 0002:00000000       __imp__DisableThreadLibraryCalls@4 1002f000     kernel32:KERNEL32.dll
 0002:00000004       __imp__IsProcessorFeaturePresent@4 1002f004     kernel32:KERNEL32.dll
 0002:00000008       __imp__IsDebuggerPresent@0 1002f008     kernel32:KERNEL32.dll
 0002:0000000c       __imp__SetUnhandledExceptionFilter@4 1002f00c     kernel32:KERNEL32.dll
 0002:00000010       __imp__UnhandledExceptionFilter@4 1002f010     kernel32:KERNEL32.dll
 0002:00000014       __imp__GetCurrentProcess@0 1002f014     kernel32:KERNEL32.dll
 0002:00000018       __imp__TerminateProcess@8  1002f018     kernel32:KERNEL32.dll
 0002:0000001c       __imp__InterlockedCompareExchange@12 1002f01c     kernel32:KERNEL32.dll
 0002:00000020       __imp__Sleep@4             1002f020     kernel32:KERNEL32.dll
 0002:00000024       __imp__InterlockedExchange@8 1002f024     kernel32:KERNEL32.dll
 0002:00000028       __imp__DecodePointer@4     1002f028     kernel32:KERNEL32.dll
 0002:0000002c       __imp__EncodePointer@4     1002f02c     kernel32:KERNEL32.dll
 0002:00000030       __imp__GetTickCount@0      1002f030     kernel32:KERNEL32.dll
 0002:00000034       __imp__GetCurrentThreadId@0 1002f034     kernel32:KERNEL32.dll
 0002:00000038       __imp__GetCurrentProcessId@0 1002f038     kernel32:KERNEL32.dll
 0002:0000003c       __imp__GetSystemTimeAsFileTime@4 1002f03c     kernel32:KERNEL32.dll
 0002:00000040       __imp__QueryPerformanceCounter@4 1002f040     kernel32:KERNEL32.dll
 0002:00000044       \177KERNEL32_NULL_THUNK_DATA 1002f044     kernel32:KERNEL32.dll
 0002:00000048       __imp__malloc              1002f048     MSVCRT:MSVCR100.dll
 0002:0000004c       __imp___except_handler4_common 1002f04c     MSVCRT:MSVCR100.dll
 0002:00000050       __imp___onexit             1002f050     MSVCRT:MSVCR100.dll
 0002:00000054       __imp___lock               1002f054     MSVCRT:MSVCR100.dll
 0002:00000058       __imp____dllonexit         1002f058     MSVCRT:MSVCR100.dll
 0002:0000005c       __imp___unlock             1002f05c     MSVCRT:MSVCR100.dll
 0002:00000060       __imp____clean_type_info_names_internal 1002f060     MSVCRT:MSVCR100.dll
 0002:00000064       __imp___crt_debugger_hook  1002f064     MSVCRT:MSVCR100.dll
 0002:00000068       __imp____CppXcptFilter     1002f068     MSVCRT:MSVCR100.dll
 0002:0000006c       __imp___amsg_exit          1002f06c     MSVCRT:MSVCR100.dll
 0002:00000070       __imp___initterm_e         1002f070     MSVCRT:MSVCR100.dll
 0002:00000074       __imp___initterm           1002f074     MSVCRT:MSVCR100.dll
 0002:00000078       __imp___encoded_null       1002f078     MSVCRT:MSVCR100.dll
 0002:0000007c       __imp___malloc_crt         1002f07c     MSVCRT:MSVCR100.dll
 0002:00000080       __imp__ldexp               1002f080     MSVCRT:MSVCR100.dll
 0002:00000084       __imp__realloc             1002f084     MSVCRT:MSVCR100.dll
 0002:00000088       __imp__calloc              1002f088     MSVCRT:MSVCR100.dll
 0002:0000008c       __imp___setjmp3            1002f08c     MSVCRT:MSVCR100.dll
 0002:00000090       __imp__strrchr             1002f090     MSVCRT:MSVCR100.dll
 0002:00000094       __imp__ceil                1002f094     MSVCRT:MSVCR100.dll
 0002:00000098       __imp__strncmp             1002f098     MSVCRT:MSVCR100.dll
 0002:0000009c       __imp__longjmp             1002f09c     MSVCRT:MSVCR100.dll
 0002:000000a0       __imp__strncpy             1002f0a0     MSVCRT:MSVCR100.dll
 0002:000000a4       __imp__memcpy              1002f0a4     MSVCRT:MSVCR100.dll
 0002:000000a8       __imp__strcat              1002f0a8     MSVCRT:MSVCR100.dll
 0002:000000ac       __imp__sprintf             1002f0ac     MSVCRT:MSVCR100.dll
 0002:000000b0       __imp__strcmp              1002f0b0     MSVCRT:MSVCR100.dll
 0002:000000b4       __imp__free                1002f0b4     MSVCRT:MSVCR100.dll
 0002:000000b8       __imp__memset              1002f0b8     MSVCRT:MSVCR100.dll
 0002:000000bc       __imp__strlen              1002f0bc     MSVCRT:MSVCR100.dll
 0002:000000c0       \177MSVCR100_NULL_THUNK_DATA 1002f0c0     MSVCRT:MSVCR100.dll
 0002:000000c4       __imp__emlrtCheckBuiltInCtxR2011a 1002f0c4     libemlrt:libemlrt.dll
 0002:000000c8       __imp__emlrtIsEnumR2009a   1002f0c8     libemlrt:libemlrt.dll
 0002:000000cc       __imp__emlrtGetEnumUnderlyingArrayR2009a 1002f0cc     libemlrt:libemlrt.dll
 0002:000000d0       __imp__emlrtTranslateMessageIDtoLCPstring 1002f0d0     libemlrt:libemlrt.dll
 0002:000000d4       __imp__emlrtExtractMessageId 1002f0d4     libemlrt:libemlrt.dll
 0002:000000d8       __imp__emlrtImportVsFiArrayR2009b 1002f0d8     libemlrt:libemlrt.dll
 0002:000000dc       __imp__emlrtCheckVsBuiltInCtxR2011a 1002f0dc     libemlrt:libemlrt.dll
 0002:000000e0       __imp__emlrtCheckEnumR2009a 1002f0e0     libemlrt:libemlrt.dll
 0002:000000e4       __imp__emlrtCreateEnumR2010a 1002f0e4     libemlrt:libemlrt.dll
 0002:000000e8       __imp__emlrtGetEnumElementR2009a 1002f0e8     libemlrt:libemlrt.dll
 0002:000000ec       __imp__emlrtCreateReference 1002f0ec     libemlrt:libemlrt.dll
 0002:000000f0       \177libemlrt_NULL_THUNK_DATA 1002f0f0     libemlrt:libemlrt.dll
 0002:000000f4       __imp__ssRegisterDataTypeFxpFSlopeFixExpBias 1002f0f4     libfixedpoint:libfixedpoint.dll
 0002:000000f8       \177libfixedpoint_NULL_THUNK_DATA 1002f0f8     libfixedpoint:libfixedpoint.dll
 0002:000000fc       __imp__mexGetVariable      1002f0fc     libmex:libmex.dll
 0002:00000100       __imp__mexLock             1002f100     libmex:libmex.dll
 0002:00000104       __imp__mexMakeArrayPersistent 1002f104     libmex:libmex.dll
 0002:00000108       __imp__mexFunctionName     1002f108     libmex:libmex.dll
 0002:0000010c       __imp__mexErrMsgTxt        1002f10c     libmex:libmex.dll
 0002:00000110       __imp__mexMakeMemoryPersistent 1002f110     libmex:libmex.dll
 0002:00000114       __imp__mexPutVariable      1002f114     libmex:libmex.dll
 0002:00000118       __imp__mexCallMATLAB       1002f118     libmex:libmex.dll
 0002:0000011c       __imp__mexWarnMsgTxt       1002f11c     libmex:libmex.dll
 0002:00000120       __imp__mexIsLocked         1002f120     libmex:libmex.dll
 0002:00000124       __imp__mexUnlock           1002f124     libmex:libmex.dll
 0002:00000128       __imp__mexSetTrapFlag      1002f128     libmex:libmex.dll
 0002:0000012c       \177libmex_NULL_THUNK_DATA 1002f12c     libmex:libmex.dll
 0002:00000130       __imp__muDoubleScalarSin   1002f130     libmwmathutil:libmwmathutil.dll
 0002:00000134       __imp__muDoubleScalarCos   1002f134     libmwmathutil:libmwmathutil.dll
 0002:00000138       __imp__muDoubleScalarAbs   1002f138     libmwmathutil:libmwmathutil.dll
 0002:0000013c       __imp__muDoubleScalarFloor 1002f13c     libmwmathutil:libmwmathutil.dll
 0002:00000140       __imp__muDoubleScalarCeil  1002f140     libmwmathutil:libmwmathutil.dll
 0002:00000144       \177libmwmathutil_NULL_THUNK_DATA 1002f144     libmwmathutil:libmwmathutil.dll
 0002:00000148       __imp__mxGetN              1002f148     libmx:libmx.dll
 0002:0000014c       __imp__mxGetM              1002f14c     libmx:libmx.dll
 0002:00000150       __imp__mxCalloc            1002f150     libmx:libmx.dll
 0002:00000154       __imp__mxGetScalar         1002f154     libmx:libmx.dll
 0002:00000158       __imp__mxGetPr             1002f158     libmx:libmx.dll
 0002:0000015c       __imp__mxIsLogical         1002f15c     libmx:libmx.dll
 0002:00000160       __imp__mxCreateLogicalScalar 1002f160     libmx:libmx.dll
 0002:00000164       __imp__mxIsLogicalScalarTrue 1002f164     libmx:libmx.dll
 0002:00000168       __imp__mxGetString_700     1002f168     libmx:libmx.dll
 0002:0000016c       __imp__mxCreateStringFromNChars_700 1002f16c     libmx:libmx.dll
 0002:00000170       __imp__mxGetElementSize    1002f170     libmx:libmx.dll
 0002:00000174       __imp__mxCreateNumericArray_700 1002f174     libmx:libmx.dll
 0002:00000178       __imp__mxGetNumberOfDimensions_700 1002f178     libmx:libmx.dll
 0002:0000017c       __imp__mxGetDimensions_700 1002f17c     libmx:libmx.dll
 0002:00000180       __imp__mxCalcSingleSubscript_700 1002f180     libmx:libmx.dll
 0002:00000184       __imp__mxCreateStructArray_700 1002f184     libmx:libmx.dll
 0002:00000188       __imp__mxCreateNumericMatrix_700 1002f188     libmx:libmx.dll
 0002:0000018c       __imp__mxArrayClassIDName  1002f18c     libmx:libmx.dll
 0002:00000190       __imp__mxGetImagData       1002f190     libmx:libmx.dll
 0002:00000194       __imp__mxGetData           1002f194     libmx:libmx.dll
 0002:00000198       __imp__mxIsEmpty           1002f198     libmx:libmx.dll
 0002:0000019c       __imp__mxIsNaN             1002f19c     libmx:libmx.dll
 0002:000001a0       __imp__mxGetFieldNumber    1002f1a0     libmx:libmx.dll
 0002:000001a4       __imp__mxCreateStructMatrix_700 1002f1a4     libmx:libmx.dll
 0002:000001a8       __imp__mxGetNumberOfFields 1002f1a8     libmx:libmx.dll
 0002:000001ac       __imp__mxGetFieldNameByNumber 1002f1ac     libmx:libmx.dll
 0002:000001b0       __imp__mxGetFieldByNumber_700 1002f1b0     libmx:libmx.dll
 0002:000001b4       __imp__mxSetFieldByNumber_700 1002f1b4     libmx:libmx.dll
 0002:000001b8       __imp__mxIsSparse          1002f1b8     libmx:libmx.dll
 0002:000001bc       __imp__mxGetLogicals       1002f1bc     libmx:libmx.dll
 0002:000001c0       __imp__mxIsClass           1002f1c0     libmx:libmx.dll
 0002:000001c4       __imp__mxIsStruct          1002f1c4     libmx:libmx.dll
 0002:000001c8       __imp__mxGetNumberOfElements 1002f1c8     libmx:libmx.dll
 0002:000001cc       __imp__mxGetField_700      1002f1cc     libmx:libmx.dll
 0002:000001d0       __imp__mxAddField          1002f1d0     libmx:libmx.dll
 0002:000001d4       __imp__mxSetField_700      1002f1d4     libmx:libmx.dll
 0002:000001d8       __imp__mxGetClassName      1002f1d8     libmx:libmx.dll
 0002:000001dc       __imp__mxGetCell_700       1002f1dc     libmx:libmx.dll
 0002:000001e0       __imp__mxSetCell_700       1002f1e0     libmx:libmx.dll
 0002:000001e4       __imp__mxCreateCellMatrix_700 1002f1e4     libmx:libmx.dll
 0002:000001e8       __imp__mxArrayToString     1002f1e8     libmx:libmx.dll
 0002:000001ec       __imp__mxFree              1002f1ec     libmx:libmx.dll
 0002:000001f0       __imp__mxIsComplex         1002f1f0     libmx:libmx.dll
 0002:000001f4       __imp__mxIsNumeric         1002f1f4     libmx:libmx.dll
 0002:000001f8       __imp__mxGetClassID        1002f1f8     libmx:libmx.dll
[...]
 0001:0000c0b0       _check_array_dimensions    1000d0b0 f   sfc_mexmsvc80:sfc_mex.obj
 0001:0000c100       _check_input_mxarray       1000d100 f   sfc_mexmsvc80:sfc_mex.obj
 0001:0000c7a0       _sf_numeric_value_to_double 1000d7a0 f   sfc_mexmsvc80:sfc_mex.obj
 0001:0000c7e0       _ml_generic_out_of_bounds_check 1000d7e0 f   sfc_mexmsvc80:sfc_mex.obj
 0001:0000c970       _ml_get_element_value_from_array 1000d970 f   sfc_mexmsvc80:sfc_mex.obj
 0001:0000ce40       __ml_generic_castability_check 1000de40 f   sfc_mexmsvc80:sfc_mex.obj
 0001:0000d6d0       _ml_generic_castability_check 1000e6d0 f   sfc_mexmsvc80:sfc_mex.obj
 0001:0000d730       _ml_check_mx_array_for_single_castability 1000e730 f   sfc_mexmsvc80:sfc_mex.obj
 0001:0000d7a0       _ml_check_mx_array_for_logical_castability 1000e7a0 f   sfc_mexmsvc80:sfc_mex.obj
 0001:0000d800       _ml_check_mx_array_for_int8_castability 1000e800 f   sfc_mexmsvc80:sfc_mex.obj
 0001:0000d890       _ml_check_mx_array_for_uint8_castability 1000e890 f   sfc_mexmsvc80:sfc_mex.obj
 0001:0000d900       _ml_check_mx_array_for_int16_castability 1000e900 f   sfc_mexmsvc80:sfc_mex.obj
 0001:0000d970       _ml_check_mx_array_for_uint16_castability 1000e970 f   sfc_mexmsvc80:sfc_mex.obj
 0001:0000d9e0       _ml_check_mx_array_for_int32_castability 1000e9e0 f   sfc_mexmsvc80:sfc_mex.obj
 0001:0000da50       _ml_check_mx_array_for_uint32_castability 1000ea50 f   sfc_mexmsvc80:sfc_mex.obj
 0001:0000dac0       _ml_check_mx_array_for_castability 1000eac0 f   sfc_mexmsvc80:sfc_mex.obj
 0001:0000e140       _set_data_value            1000f140 f   sfc_mexmsvc80:sfc_mex.obj
 0001:0000e610       _get_data_value            1000f610 f   sfc_mexmsvc80:sfc_mex.obj
 0001:0000e710       _get_next_element_address  1000f710 f   sfc_mexmsvc80:sfc_mex.obj
 0001:0000e7b0       _sf_normalize_index        1000f7b0 f   sfc_mexmsvc80:sfc_mex.obj
 0001:0000ea40       _ml_array_index_bound_check 1000fa40 f   sfc_mexmsvc80:sfc_mex.obj
 0001:0000f310       _mx_value                  10010310 f   sfc_mexmsvc80:sfc_mex.obj
 0001:0000f360       _sf_create_numeric_array   10010360 f   sfc_mexmsvc80:sfc_mex.obj
 0001:0000f3e0       _sf_mex_assign_to_mx_array 100103e0 f   sfc_mexmsvc80:sfc_mex.obj
 0001:0000f640       _assign_from_mx_array      10010640 f   sfc_mexmsvc80:sfc_mex.obj
 0001:0000fe00       _sf_mex_import_v           10010e00 f   sfc_mexmsvc80:sfc_mex.obj
 0001:00010180       _get_machine_and_chart_file_number 10011180 f   sfc_mexmsvc80:sfc_sf.obj
 0001:00010240       _get_sfun_block_specialization 10011240 f   sfc_mexmsvc80:sfc_sf.obj
 0001:000102a0       _call_sf_machine_global_method_dispatcher 100112a0 f   sfc_mexmsvc80:sfc_sf.obj
 0001:00010450       _mdl_zeroCrossings_processing 10011450 f   sfc_mexmsvc80:sfc_sf.obj
 0001:00010500       _mdl_derivatives_processing 10011500 f   sfc_mexmsvc80:sfc_sf.obj
 0001:00010780       _mdl_outputs_continuous_legacy 10011780 f   sfc_mexmsvc80:sfc_sf.obj
 0001:00010800       _mdl_outputs_processing    10011800 f   sfc_mexmsvc80:sfc_sf.obj
 0001:00010a40       _mdl_enable_processing     10011a40 f   sfc_mexmsvc80:sfc_sf.obj
 0001:00010af0       _mdl_disable_processing    10011af0 f   sfc_mexmsvc80:sfc_sf.obj
 0001:000111c0       _write_symbol_mapping      100121c0 f   sfc_mexmsvc80:sfc_sf.obj
 0001:000117f0       _sf_call_output_fcn_enable_disable 100127f0 f   sfc_mexmsvc80:sfc_sf.obj
 0001:00011a10       _set_dwork_information_from_mx_array 10012a10 f   sfc_mexmsvc80:sfc_sf.obj
 0001:00012310       _ptr2mxStruct              10013310 f   sfc_mexmsvc80:sfc_sf.obj
 0001:00012530       _SNPRINTF_WRAPPER          10013530 f   sfc_debugmsvc80:sfcdebug.obj
 0001:00012550       _sf_debug_chart_instance_initialized_quick 10013550 f   sfc_debugmsvc80:sfcdebug.obj
 0001:00012560       _sf_debug_chart_instance_initialized 10013560 f   sfc_debugmsvc80:sfcdebug.obj
 0001:000126e0       _sfrtAddSize               100136e0 f   sfc_debugmsvc80:sfcdebug.obj
 0001:00012790       _sfrtGenSizeString         10013790 f   sfc_debugmsvc80:sfcdebug.obj
 0001:00012c10       _sf_debug_sim_status_listener 10013c10 f   sfc_debugmsvc80:sfcdebug.obj
 0001:00013080       _sf_debug_form_mask_bits   10014080 f   sfc_debugmsvc80:sfcdebug.obj
 0001:000130c0       _sf_debug_form_sf_data_type_offsets 100140c0 f   sfc_debugmsvc80:sfcdebug.obj
 0001:00013150       _sf_debug_free_all         10014150 f   sfc_debugmsvc80:sfcdebug.obj
 0001:000132d0       _sf_debug_append_debugger_context 100142d0 f   sfc_debugmsvc80:sfcdebug.obj
 0001:000135b0       _local_strdup              100145b0 f   sfc_debugmsvc80:sfcdebug.obj
 0001:00014210       _sf_debug_em_terminate     10015210 f   sfc_debugmsvc80:sfcdebug.obj
 0001:00014250       _sf_debug_push_eml_function 10015250 f   sfc_debugmsvc80:sfcdebug.obj
 0001:000142e0       _sf_debug_pop_eml_function 100152e0 f   sfc_debugmsvc80:sfcdebug.obj
 0001:00014bc0       _sf_debug_get_machine_number_from_id_or_name 10015bc0 f   sfc_debugmsvc80:sfcdebug.obj
 0001:00014d20       _sf_debug_get_chart_number_from_id 10015d20 f   sfc_debugmsvc80:sfcdebug.obj
 0001:00015640       _sf_debug_transfer_control_to_debugger_GUI 10016640 f   sfc_debugmsvc80:sfcdebug.obj
 0001:000163b0       _sf_debug_scripts_rehash   100173b0 f   sfc_debugmsvc80:sfcdebug.obj
 0001:00016560       _sf_debug_get_script_line_count 10017560 f   sfc_debugmsvc80:sfcdebug.obj
 0001:00016a00       _cv_eml_state_cvId         10017a00 f   sfc_debugmsvc80:sfcdebug.obj
 0001:000176c0       _sf_debug_data_array_bounds_error 100186c0 f   sfc_debugmsvc80:sfcdebug.obj
 0001:000179d0       _eml_debug_runtime_error_doclink 100189d0 f   sfc_debugmsvc80:sfcdebug.obj
 0001:00017b10       _sf_debug_runtime_error    10018b10 f   sfc_debugmsvc80:sfcdebug.obj
 0001:00017b60       _sf_debug_matlab_error     10018b60 f   sfc_debugmsvc80:sfcdebug.obj
 0001:00018070       _sf_debug_data_value_error 10019070 f   sfc_debugmsvc80:sfcdebug.obj
 0001:00018670       _sf_debug_data_loss_error  10019670 f   sfc_debugmsvc80:sfcdebug.obj
 0001:00018f30       _call_cv_range_check       10019f30 f   sfc_debugmsvc80:sfcdebug.obj
 0001:000194a0       _sf_debug_invoke_cycle_detection_code 1001a4a0 f   sfc_debugmsvc80:sfcdebug.obj
 0001:00019e60       _sf_reset_debug_info_struct 1001ae60 f   sfc_debugmsvc80:sfcdebug.obj
 0001:0001a540       _cv_script_cvId            1001b540 f   sfc_debugmsvc80:sfcdebug.obj
 0001:0001ad30       _sfc_api_chart_visible     1001bd30 f   sfc_debugmsvc80:sfc_api.obj
 0001:0001ade0       _sfc_api_active_instance   1001bde0 f   sfc_debugmsvc80:sfc_api.obj
 0001:0001ae80       _sfc_api_machine_load      1001be80 f   sfc_debugmsvc80:sfc_api.obj
 0001:0001af80       _sfc_api_debugger_alive    1001bf80 f   sfc_debugmsvc80:sfc_api.obj
 0001:0001af90       _sfc_api_go                1001bf90 f   sfc_debugmsvc80:sfc_api.obj
 0001:0001afa0       _sfc_api_step_over         1001bfa0 f   sfc_debugmsvc80:sfc_api.obj
 0001:0001afb0       _sfc_api_step_out          1001bfb0 f   sfc_debugmsvc80:sfc_api.obj
 0001:0001afc0       _sfc_api_resume            1001bfc0 f   sfc_debugmsvc80:sfc_api.obj
 0001:0001afd0       _sfc_api_break             1001bfd0 f   sfc_debugmsvc80:sfc_api.obj
 0001:0001afe0       _sfc_api_stop_debugging    1001bfe0 f   sfc_debugmsvc80:sfc_api.obj
 0001:0001b030       _sfc_api_is_cycle_detected 1001c030 f   sfc_debugmsvc80:sfc_api.obj
 0001:0001b080       _sfc_api_is_array_bounds_detected 1001c080 f   sfc_debugmsvc80:sfc_api.obj
 0001:0001b0d0       _sfc_api_set_disable_all_breakpoints 1001c0d0 f   sfc_debugmsvc80:sfc_api.obj
 0001:0001b160       _sfc_api_disable_all_breakpoints_and_go 1001c160 f   sfc_debugmsvc80:sfc_api.obj
 0001:0001b170       _sfc_api_close             1001c170 f   sfc_debugmsvc80:sfc_api.obj
 0001:0001b180       _sfc_api_browse_data       1001c180 f   sfc_debugmsvc80:sfc_api.obj
 0001:0001b200       _sfc_api_watch_data        1001c200 f   sfc_debugmsvc80:sfc_api.obj
 0001:0001b280       _sfc_api_assign_data       1001c280 f   sfc_debugmsvc80:sfc_api.obj
 0001:0001b300       _sfc_api_whos              1001c300 f   sfc_debugmsvc80:sfc_api.obj
 0001:0001b390       _sfc_api_get_consistency_info 1001c390 f   sfc_debugmsvc80:sfc_api.obj
 0001:0001b3b0       _sfc_api_browse_trace      1001c3b0 f   sfc_debugmsvc80:sfc_api.obj
 0001:0001b3d0       _sfc_api_break_on_chart_entry 1001c3d0 f   sfc_debugmsvc80:sfc_api.obj
 0001:0001b410       _sfc_api_break_on_event_broadcast 1001c410 f   sfc_debugmsvc80:sfc_api.obj
 0001:0001b450       _sfc_api_break_on_state_entry 1001c450 f   sfc_debugmsvc80:sfc_api.obj
 0001:0001b490       _sfc_api_set_watch         1001c490 f   sfc_debugmsvc80:sfc_api.obj
 0001:0001b570       _sfc_api_set_breakpoints   1001c570 f   sfc_debugmsvc80:sfc_api.obj
 0001:0001b650       _sfc_api_set_eml_breakpoints 1001c650 f   sfc_debugmsvc80:sfc_api.obj
 0001:0001b700       _sfc_api_set_script_breakpoints 1001c700 f   sfc_debugmsvc80:sfc_api.obj
 0001:0001b760       _sfc_api_add_script_breakpoints 1001c760 f   sfc_debugmsvc80:sfc_api.obj
 0001:0001b7c0       _sfc_api_clear_script_breakpoints 1001c7c0 f   sfc_debugmsvc80:sfc_api.obj
 0001:0001b820       _sfc_api_query_script_breakpoints 1001c820 f   sfc_debugmsvc80:sfc_api.obj
 0001:0001b890       _sfc_api_get_script_id     1001c890 f   sfc_debugmsvc80:sfc_api.obj
 0001:0001b930       _sfc_api_get_active_states 1001c930 f   sfc_debugmsvc80:sfc_api.obj
 0001:0001b9a0       _sfc_api_break_between_times 1001c9a0 f   sfc_debugmsvc80:sfc_api.obj
 0001:0001ba00       _sfc_api_get_instance_handle 1001ca00 f   sfc_debugmsvc80:sfc_api.obj
 0001:0001bae0       _sfc_api_get_coverage      1001cae0 f   sfc_debugmsvc80:sfc_api.obj
 0001:0001bb50       _sfc_api_set_animation     1001cb50 f   sfc_debugmsvc80:sfc_api.obj
 0001:0001bbb0       _sfc_api_select_chart      1001cbb0 f   sfc_debugmsvc80:sfc_api.obj
 0001:0001bc40       _sfc_api_select_charts     1001cc40 f   sfc_debugmsvc80:sfc_api.obj
 0001:0001bc70       _sfc_api_cycle_detection_check 1001cc70 f   sfc_debugmsvc80:sfc_api.obj
 0001:0001bcd0       _sfc_api_data_range_check  1001ccd0 f   sfc_debugmsvc80:sfc_api.obj
 0001:0001bd30       _sfc_api_transition_conflict_check 1001cd30 f   sfc_debugmsvc80:sfc_api.obj
 0001:0001bd90       _sfc_api_state_consistency_check 1001cd90 f   sfc_debugmsvc80:sfc_api.obj
 0001:0001bdf0       _sfc_api_set_instance_cv_ids 1001cdf0 f   sfc_debugmsvc80:sfc_api.obj
 0001:0001bf20       _sfc_api_set_script_cv_ids 1001cf20 f   sfc_debugmsvc80:sfc_api.obj
 0001:0001bfc0       _sfc_api_get_current_machine_id 1001cfc0 f   sfc_debugmsvc80:sfc_api.obj
 0001:0001bff0       _sfc_api_get_current_machine_number 1001cff0 f   sfc_debugmsvc80:sfc_api.obj
 0001:0001c020       _sfc_api_get_current_chart_number 1001d020 f   sfc_debugmsvc80:sfc_api.obj
 0001:0001c050       _sfc_api_get_current_instance_number 1001d050 f   sfc_debugmsvc80:sfc_api.obj
 0001:0001c080       _sfc_api_get_current_instance_handle 1001d080 f   sfc_debugmsvc80:sfc_api.obj
 0001:0001c0a0       _sfc_api_get_current_is_minor_time_step 1001d0a0 f   sfc_debugmsvc80:sfc_api.obj
 0001:0001c0d0       _sfc_api_get_current_machine_name 1001d0d0 f   sfc_debugmsvc80:sfc_api.obj
 0001:0001c0f0       _sfc_api_get_current_chart_id 1001d0f0 f   sfc_debugmsvc80:sfc_api.obj
 0001:0001c120       _sfc_api_get_current_object_type 1001d120 f   sfc_debugmsvc80:sfc_api.obj
 0001:0001c150       _sfc_api_get_current_event_type 1001d150 f   sfc_debugmsvc80:sfc_api.obj
 0001:0001c180       _sfc_api_get_current_object_id 1001d180 f   sfc_debugmsvc80:sfc_api.obj
 0001:0001c1b0       _sfc_get_current_active_event_type 1001d1b0 f   sfc_debugmsvc80:sfc_api.obj
 0001:0001c1e0       _sfc_api_get_current_active_event_id 1001d1e0 f   sfc_debugmsvc80:sfc_api.obj
 0001:0001c210       _sfc_api_get_current_simulation_time 1001d210 f   sfc_debugmsvc80:sfc_api.obj
 0001:0001c230       _sfc_get_current_tag_type  1001d230 f   sfc_debugmsvc80:sfc_api.obj
 0001:0001c260       _sfc_get_current_coverage_percentage 1001d260 f   sfc_debugmsvc80:sfc_api.obj
 0001:0001c280       _sfc_get_current_statement_context 1001d280 f   sfc_debugmsvc80:sfc_api.obj
 0001:0001c2a0       _sfc_get_current_optional_integer 1001d2a0 f   sfc_debugmsvc80:sfc_api.obj
 0001:0001c2d0       _sfc_get_current_statement_info 1001d2d0 f   sfc_debugmsvc80:sfc_api.obj
 0001:0001c370       _sfc_api_get               1001d370 f   sfc_debugmsvc80:sfc_api.obj
 0001:0001c470       _sf_debug_sm_is_using_unified_editors 1001d470 f   sfc_debugmsvc80:sfdb_animation.obj
 0001:0001c4f0       _sf_debug_sm_is_chart_visible_in_unified_editors 1001d4f0 f   sfc_debugmsvc80:sfdb_animation.obj
 0001:0001c590       _sf_debug_sm_check_if_chart_is_visible 1001d590 f   sfc_debugmsvc80:sfdb_animation.obj
 0001:0001ceb0       _sf_debug_sm_fill_state_activity_data 1001deb0 f   sfc_debugmsvc80:sfdb_animation.obj
 0001:0001ee10       _sf_debug_hm_get_simulink_handle 1001fe10 f   sfc_debugmsvc80:sfdb_handle_management.obj
 0001:0001f7d0       _sf_debug_hm_initialize_globals 100207d0 f   sfc_debugmsvc80:sfdb_handle_management.obj
 0001:0001f8c0       _sf_debug_hm_get_machine_debug_flag 100208c0 f   sfc_debugmsvc80:sfdb_handle_management.obj
 0001:0001fa10       _sf_debug_hm_get_machine_id 10020a10 f   sfc_debugmsvc80:sfdb_handle_management.obj
 0001:0001fb20       _sf_debug_hm_get_chart_id  10020b20 f   sfc_debugmsvc80:sfdb_handle_management.obj
 0001:0001fc90       _sf_debug_hm_register_executing_SFunction 10020c90 f   sfc_debugmsvc80:sfdb_handle_management.obj
 0001:0001fde0       _sf_debug_hm_get_chart_active_instance 10020de0 f   sfc_debugmsvc80:sfdb_handle_management.obj
 0001:0001ff20       _sf_debug_hm_get_chart_visibility 10020f20 f   sfc_debugmsvc80:sfdb_handle_management.obj
 0001:00020060       _sf_debug_hm_form_object_boolean_properties 10021060 f   sfc_debugmsvc80:sfdb_handle_management.obj
 0001:000202d0       _sf_debug_hm_form_object_properties 100212d0 f   sfc_debugmsvc80:sfdb_handle_management.obj
 0001:000204d0       _sf_debug_hm_terminate_charts 100214d0 f   sfc_debugmsvc80:sfdb_handle_management.obj
 0001:00020ae0       _sf_debug_hm_terminate_machines 10021ae0 f   sfc_debugmsvc80:sfdb_handle_management.obj
 0001:000220b0       _void_ptr_stack_vector_free_total 100230b0 f   sfc_debugmsvc80:sfdb_data_browse.obj
 0001:00022110       _sf_debug_st_terminate_machine 10023110 f   sfc_debugmsvc80:sfdb_data_browse.obj
 0001:00022140       _sf_debug_st_terminate_instance 10023140 f   sfc_debugmsvc80:sfdb_data_browse.obj
 0001:000222c0       _push_on_to_void_ptr_stack 100232c0 f   sfc_debugmsvc80:sfdb_data_browse.obj
 0001:000223f0       _pop_from_void_ptr_stack   100233f0 f   sfc_debugmsvc80:sfdb_data_browse.obj
 0001:000224f0       _sf_debug_st_get_data_value 100234f0 f   sfc_debugmsvc80:sfdb_data_browse.obj
 0001:00022990       _mx_value                  10023990 f   sfc_debugmsvc80:sfdb_data_browse.obj
 0001:000229c0       _sf_debug_st_fill_data_struct 100239c0 f   sfc_debugmsvc80:sfdb_data_browse.obj
 0001:00022c90       _data_type_format_strings  10023c90 f   sfc_debugmsvc80:sfdb_data_browse.obj
 0001:00022d00       _sf_debug_st_fill_data     10023d00 f   sfc_debugmsvc80:sfdb_data_browse.obj
 0001:00023ac0       _sf_debug_ss_copy_dimension 10024ac0 f   sfc_debugmsvc80:sfdb_symbol_scope.obj
 0001:00023b30       _sf_debug_ss_get_number_elements 10024b30 f   sfc_debugmsvc80:sfdb_symbol_scope.obj
 0001:00023b50       _sf_debug_ss_fill_data_struct 10024b50 f   sfc_debugmsvc80:sfdb_symbol_scope.obj
 0001:00023d40       _sf_debug_ss_reset_data_info 10024d40 f   sfc_debugmsvc80:sfdb_symbol_scope.obj
 0001:00023d90       _sf_debug_fill_data_info_by_symbol_scope_entry 10024d90 f   sfc_debugmsvc80:sfdb_symbol_scope.obj
 0001:00023e40       _sf_debug_fill_data_info_by_data_vector 10024e40 f   sfc_debugmsvc80:sfdb_symbol_scope.obj
 0001:00024000       _sf_debug_ss_get_data_info 10025000 f   sfc_debugmsvc80:sfdb_symbol_scope.obj
 0001:00024240       _sf_debug_select_mex_function 10025240 f   sfc_debugmsvc80:sfdb_symbol_scope.obj
 0001:00024270       _sf_debug_is_dyn_matrix_initialized 10025270 f   sfc_debugmsvc80:sfdb_symbol_scope.obj
 0001:00024290       _sf_debug_ss_set_data_value_try 10025290 f   sfc_debugmsvc80:sfdb_symbol_scope.obj
 0001:000243c0       _sf_debug_ss_get_data_value 100253c0 f   sfc_debugmsvc80:sfdb_symbol_scope.obj
 0001:000247a0       _sf_debug_ss_data_bytes_string 100257a0 f   sfc_debugmsvc80:sfdb_symbol_scope.obj
 0001:00024810       _sf_debug_ss_data_class_string 10025810 f   sfc_debugmsvc80:sfdb_symbol_scope.obj
 0001:00024b60       _sf_debug_ss_data_size_string 10025b60 f   sfc_debugmsvc80:sfdb_symbol_scope.obj
 0001:00024c20       _sf_debug_ss_data_create_data_info_struct 10025c20 f   sfc_debugmsvc80:sfdb_symbol_scope.obj
 0001:00024e80       _sf_debug_ss_data_create_name_value_pair 10025e80 f   sfc_debugmsvc80:sfdb_symbol_scope.obj
 0001:00024ee0       _sf_debug_ss_data_get_whos_info 10025ee0 f   sfc_debugmsvc80:sfdb_symbol_scope.obj
 0001:00024f10       _same_named_data_in_data_array 10025f10 f   sfc_debugmsvc80:sfdb_symbol_scope.obj
 0001:00026430       _sf_debug_cc_terminate_chart 10027430 f   sfc_debugmsvc80:sfdb_coverage.obj
 0001:00026710       _sf_debug_cc_terminate_instance 10027710 f   sfc_debugmsvc80:sfdb_coverage.obj
 0001:00027120       _sf_debug_cc_mark_object_if_needed 10028120 f   sfc_debugmsvc80:sfdb_coverage.obj
 0001:00027470       _sf_debug_cc_fill_transition_coverage_data 10028470 f   sfc_debugmsvc80:sfdb_coverage.obj
 0001:000275a0       _sf_debug_cc_fill_transition_coverage_map 100285a0 f   sfc_debugmsvc80:sfdb_coverage.obj
 0001:00027780       _sf_debug_cc_fill_state_coverage_map 10028780 f   sfc_debugmsvc80:sfdb_coverage.obj
 0001:00027920       _sf_debug_cc_fill_state_coverage_data 10028920 f   sfc_debugmsvc80:sfdb_coverage.obj
 0001:000282d0       _sf_debug_bm_initialize_eml 100292d0 f   sfc_debugmsvc80:sfdb_breakpoints.obj
 0001:000292b0       _sf_debug_bm_map_debug_tag_to_breakpoint_tag 1002a2b0 f   sfc_debugmsvc80:sfdb_breakpoints.obj
 0001:00029350       _sf_debug_bm_is_a_eml_breakpoint_impl 1002a350 f   sfc_debugmsvc80:sfdb_breakpoints.obj
 0001:0002a8f0       _sf_debug_sc_push_on_error_stack 1002b8f0 f   sfc_debugmsvc80:sfdb_state_consistency.obj
 0001:0002aa00       _sf_debug_sc_reset_error_stack 1002ba00 f   sfc_debugmsvc80:sfdb_state_consistency.obj
 0001:0002ab50       _sf_debug_sc_is_state_inconsistent 1002bb50 f   sfc_debugmsvc80:sfdb_state_consistency.obj
 0001:0002ad70       _sf_debug_sc_fill_consistency_info 1002bd70 f   sfc_debugmsvc80:sfdb_state_consistency.obj
 0001:0002b200       _void_assertion_fcn        1002c200 f   sfc_debugmsvc80:sfdb_call_stack.obj
 0001:0002b6f0       _sf_debug_tm_fill_local_trace 1002c6f0 f   sfc_debugmsvc80:sfdb_call_stack.obj
 0001:0002bb70       _sf_debug_cd_terminate_instance 1002cb70 f   sfc_debugmsvc80:sfdb_cycle_detection.obj
 0001:0002bbd0       _sf_debug_cd_free_checksum_stack 1002cbd0 f   sfc_debugmsvc80:sfdb_cycle_detection.obj
 0001:0002bc00       _sf_debug_cd_reset_pack_strings 1002cc00 f   sfc_debugmsvc80:sfdb_cycle_detection.obj
 0001:0002c250       _md5file_clear             1002d250 f   sfc_debugmsvc80:ckmd5.obj
 0001:0002c280       _Encode                    1002d280 f   sfc_debugmsvc80:ckmd5.obj
 0001:0002c2c0       _Decode                    1002d2c0 f   sfc_debugmsvc80:ckmd5.obj
 0001:0002c340       _MD5Transform              1002d340 f   sfc_debugmsvc80:ckmd5.obj
 0001:0002ca00       _md5file_addn              1002da00 f   sfc_debugmsvc80:ckmd5.obj
 0001:0002cab0       _md5file_hash              1002dab0 f   sfc_debugmsvc80:ckmd5.obj
 0001:0002cf49       _pre_c_init                1002df49 f   MSVCRT:crtdll.obj
 0001:0002d1a1       ___DllMainCRTStartup       1002e1a1 f   MSVCRT:crtdll.obj
