 SIMULACION_TORQUE_sfun

 Timestamp is 4fd6284f (Mon Jun 11 12:18:07 2012)

 Preferred load address is 10000000

 Start         Length     Name                   Class
 0001:00000000 000470e4H .text                   CODE
 0002:00000000 00000240H .idata$5                DATA
 0002:00000240 00000004H .CRT$XCA                DATA
 0002:00000244 00000004H .CRT$XCZ                DATA
 0002:00000248 00000004H .CRT$XIA                DATA
 0002:0000024c 00000004H .CRT$XIAA               DATA
 0002:00000250 00000004H .CRT$XIC                DATA
 0002:00000254 00000004H .CRT$XIZ                DATA
 0002:00000258 00004780H .rdata                  DATA
 0002:000049e0 00000004H .rdata$sxdata           DATA
 0002:000049e4 00000004H .rtc$IAA                DATA
 0002:000049e8 00000004H .rtc$IZZ                DATA
 0002:000049ec 00000004H .rtc$TAA                DATA
 0002:000049f0 00000004H .rtc$TZZ                DATA
 0002:000049f8 00000064H .xdata$x                DATA
 0002:00004a5c 000000a0H .idata$2                DATA
 0002:00004afc 00000014H .idata$3                DATA
 0002:00004b10 00000240H .idata$4                DATA
 0002:00004d50 00000a64H .idata$6                DATA
 0002:000057c0 0000005cH .edata                  DATA
 0003:00000000 00009410H .data                   DATA
 0003:00009420 00002348H .bss                    DATA

  Address         Publics by Value              Rva+Base       Lib:Object

 0000:00000000       __except_list              00000000     <absolute>
 0000:00000001       ___safe_se_handler_count   00000001     <absolute>
 0000:00009876       __ldused                   00009876     <absolute>
 0000:00009876       __fltused                  00009876     <absolute>
 0000:00000000       ___ImageBase               10000000     <linker-defined>
 0001:00000010       _sf_c1_SIMULACION_TORQUE_get_eml_resolved_functions_info 10001010 f   c1_SIMULACION_TORQUE.obj
 0001:00000400       _sf_c1_SIMULACION_TORQUE_get_check_sum 10001400 f   c1_SIMULACION_TORQUE.obj
 0001:00000460       _sf_c1_SIMULACION_TORQUE_get_autoinheritance_info 10001460 f   c1_SIMULACION_TORQUE.obj
 0001:000007b0       _sf_internal_get_sim_state_c1_SIMULACION_TORQUE 100017b0 f   c1_SIMULACION_TORQUE.obj
 0001:00000a30       _sf_internal_set_sim_state_c1_SIMULACION_TORQUE 10001a30 f   c1_SIMULACION_TORQUE.obj
 0001:00000d40       _c1_SIMULACION_TORQUE_method_dispatcher 10001d40 f   c1_SIMULACION_TORQUE.obj
 0001:00001ca0       _sf_c2_SIMULACION_TORQUE_get_eml_resolved_functions_info 10002ca0 f   c2_SIMULACION_TORQUE.obj
 0001:00002180       _sf_c2_SIMULACION_TORQUE_get_check_sum 10003180 f   c2_SIMULACION_TORQUE.obj
 0001:000021e0       _sf_c2_SIMULACION_TORQUE_get_autoinheritance_info 100031e0 f   c2_SIMULACION_TORQUE.obj
 0001:00002a90       _sf_internal_get_sim_state_c2_SIMULACION_TORQUE 10003a90 f   c2_SIMULACION_TORQUE.obj
 0001:00002eb0       _sf_internal_set_sim_state_c2_SIMULACION_TORQUE 10003eb0 f   c2_SIMULACION_TORQUE.obj
 0001:000034b0       _c2_SIMULACION_TORQUE_method_dispatcher 100044b0 f   c2_SIMULACION_TORQUE.obj
 0001:00005e50       _sf_c3_SIMULACION_TORQUE_get_eml_resolved_functions_info 10006e50 f   c3_SIMULACION_TORQUE.obj
 0001:000062f0       _sf_c3_SIMULACION_TORQUE_get_check_sum 100072f0 f   c3_SIMULACION_TORQUE.obj
 0001:00006350       _sf_c3_SIMULACION_TORQUE_get_autoinheritance_info 10007350 f   c3_SIMULACION_TORQUE.obj
 0001:000066a0       _sf_internal_get_sim_state_c3_SIMULACION_TORQUE 100076a0 f   c3_SIMULACION_TORQUE.obj
 0001:00006920       _sf_internal_set_sim_state_c3_SIMULACION_TORQUE 10007920 f   c3_SIMULACION_TORQUE.obj
 0001:00006c30       _c3_SIMULACION_TORQUE_method_dispatcher 10007c30 f   c3_SIMULACION_TORQUE.obj
 0001:00007ba0       _sf_c4_SIMULACION_TORQUE_get_eml_resolved_functions_info 10008ba0 f   c4_SIMULACION_TORQUE.obj
 0001:00007f40       _sf_c4_SIMULACION_TORQUE_get_check_sum 10008f40 f   c4_SIMULACION_TORQUE.obj
 0001:00007fa0       _sf_c4_SIMULACION_TORQUE_get_autoinheritance_info 10008fa0 f   c4_SIMULACION_TORQUE.obj
 0001:000082f0       _sf_internal_get_sim_state_c4_SIMULACION_TORQUE 100092f0 f   c4_SIMULACION_TORQUE.obj
 0001:00008570       _sf_internal_set_sim_state_c4_SIMULACION_TORQUE 10009570 f   c4_SIMULACION_TORQUE.obj
 0001:00008880       _c4_SIMULACION_TORQUE_method_dispatcher 10009880 f   c4_SIMULACION_TORQUE.obj
 0001:00009800       _sf_c5_SIMULACION_TORQUE_get_eml_resolved_functions_info 1000a800 f   c5_SIMULACION_TORQUE.obj
 0001:0000a230       _sf_c5_SIMULACION_TORQUE_get_check_sum 1000b230 f   c5_SIMULACION_TORQUE.obj
 0001:0000a290       _sf_c5_SIMULACION_TORQUE_get_autoinheritance_info 1000b290 f   c5_SIMULACION_TORQUE.obj
 0001:0000a900       _sf_internal_get_sim_state_c5_SIMULACION_TORQUE 1000b900 f   c5_SIMULACION_TORQUE.obj
 0001:0000abf0       _sf_internal_set_sim_state_c5_SIMULACION_TORQUE 1000bbf0 f   c5_SIMULACION_TORQUE.obj
 0001:0000af40       _c5_SIMULACION_TORQUE_method_dispatcher 1000bf40 f   c5_SIMULACION_TORQUE.obj
 0001:0000c960       _sf_c6_SIMULACION_TORQUE_get_eml_resolved_functions_info 1000d960 f   c6_SIMULACION_TORQUE.obj
 0001:0000d250       _sf_c6_SIMULACION_TORQUE_get_check_sum 1000e250 f   c6_SIMULACION_TORQUE.obj
 0001:0000d2b0       _sf_c6_SIMULACION_TORQUE_get_autoinheritance_info 1000e2b0 f   c6_SIMULACION_TORQUE.obj
 0001:0000d800       _sf_internal_get_sim_state_c6_SIMULACION_TORQUE 1000e800 f   c6_SIMULACION_TORQUE.obj
 0001:0000dab0       _sf_internal_set_sim_state_c6_SIMULACION_TORQUE 1000eab0 f   c6_SIMULACION_TORQUE.obj
 0001:0000de20       _c6_SIMULACION_TORQUE_method_dispatcher 1000ee20 f   c6_SIMULACION_TORQUE.obj
 0001:00010b60       _sf_c8_SIMULACION_TORQUE_get_eml_resolved_functions_info 10011b60 f   c8_SIMULACION_TORQUE.obj
 0001:000114c0       _sf_c8_SIMULACION_TORQUE_get_check_sum 100124c0 f   c8_SIMULACION_TORQUE.obj
 0001:00011520       _sf_c8_SIMULACION_TORQUE_get_autoinheritance_info 10012520 f   c8_SIMULACION_TORQUE.obj
 0001:00011a70       _sf_internal_get_sim_state_c8_SIMULACION_TORQUE 10012a70 f   c8_SIMULACION_TORQUE.obj
 0001:00011d20       _sf_internal_set_sim_state_c8_SIMULACION_TORQUE 10012d20 f   c8_SIMULACION_TORQUE.obj
 0001:00012090       _c8_SIMULACION_TORQUE_method_dispatcher 10013090 f   c8_SIMULACION_TORQUE.obj
 0001:00014650       _sf_c9_SIMULACION_TORQUE_get_eml_resolved_functions_info 10015650 f   c9_SIMULACION_TORQUE.obj
 0001:00014fb0       _sf_c9_SIMULACION_TORQUE_get_check_sum 10015fb0 f   c9_SIMULACION_TORQUE.obj
 0001:00015010       _sf_c9_SIMULACION_TORQUE_get_autoinheritance_info 10016010 f   c9_SIMULACION_TORQUE.obj
 0001:00015670       _sf_internal_get_sim_state_c9_SIMULACION_TORQUE 10016670 f   c9_SIMULACION_TORQUE.obj
 0001:00015920       _sf_internal_set_sim_state_c9_SIMULACION_TORQUE 10016920 f   c9_SIMULACION_TORQUE.obj
 0001:00015c90       _c9_SIMULACION_TORQUE_method_dispatcher 10016c90 f   c9_SIMULACION_TORQUE.obj
 0001:00018b20       _sf_c10_SIMULACION_TORQUE_get_eml_resolved_functions_info 10019b20 f   c10_SIMULACION_TORQUE.obj
 0001:00018f60       _sf_c10_SIMULACION_TORQUE_get_check_sum 10019f60 f   c10_SIMULACION_TORQUE.obj
 0001:00018fc0       _sf_c10_SIMULACION_TORQUE_get_autoinheritance_info 10019fc0 f   c10_SIMULACION_TORQUE.obj
 0001:00019310       _sf_internal_get_sim_state_c10_SIMULACION_TORQUE 1001a310 f   c10_SIMULACION_TORQUE.obj
 0001:00019590       _sf_internal_set_sim_state_c10_SIMULACION_TORQUE 1001a590 f   c10_SIMULACION_TORQUE.obj
 0001:000198a0       _c10_SIMULACION_TORQUE_method_dispatcher 1001a8a0 f   c10_SIMULACION_TORQUE.obj
 0001:0001a810       _sf_c11_SIMULACION_TORQUE_get_eml_resolved_functions_info 1001b810 f   c11_SIMULACION_TORQUE.obj
 0001:0001b110       _sf_c11_SIMULACION_TORQUE_get_check_sum 1001c110 f   c11_SIMULACION_TORQUE.obj
 0001:0001b170       _sf_c11_SIMULACION_TORQUE_get_autoinheritance_info 1001c170 f   c11_SIMULACION_TORQUE.obj
 0001:0001b6c0       _sf_internal_get_sim_state_c11_SIMULACION_TORQUE 1001c6c0 f   c11_SIMULACION_TORQUE.obj
 0001:0001b970       _sf_internal_set_sim_state_c11_SIMULACION_TORQUE 1001c970 f   c11_SIMULACION_TORQUE.obj
 0001:0001bce0       _c11_SIMULACION_TORQUE_method_dispatcher 1001cce0 f   c11_SIMULACION_TORQUE.obj
 0001:0001e9b0       _sf_process_check_sum_call 1001f9b0 f   SIMULACION_TORQUE_sfun_registry.obj
 0001:0001e9e0       _sf_process_autoinheritance_call 1001f9e0 f   SIMULACION_TORQUE_sfun_registry.obj
 0001:0001eb00       _sf_process_get_eml_resolved_functions_info_call 1001fb00 f   SIMULACION_TORQUE_sfun_registry.obj
 0001:0001ec20       _sf_mex_unlock_call        1001fc20 f   SIMULACION_TORQUE_sfun_registry.obj
 0001:0001ecb0       _sf_machine_global_initializer_called 1001fcb0 f   SIMULACION_TORQUE_sfun_registry.obj
 0001:0001ecd0       _sf_machine_global_method_dispatcher 1001fcd0 f   SIMULACION_TORQUE_sfun_registry.obj
 0001:0001ed10       _sf_machine_global_terminator 1001fd10 f   SIMULACION_TORQUE_sfun_registry.obj
 0001:0001ed40       _sf_register_machine_exported_symbols 1001fd40 f   SIMULACION_TORQUE_sfun_registry.obj
 0001:0001ed60       _callCustomFcn             1001fd60 f   SIMULACION_TORQUE_sfun_registry.obj
 0001:0001ed70       _sf_machine_global_initializer 1001fd70 f   SIMULACION_TORQUE_sfun_registry.obj
 0001:0001edd0       __ssSetStateAbsTol         1001fdd0 f   SIMULACION_TORQUE_sfun_registry.obj
 0001:0001ee70       __ssGetAbsTol              1001fe70 f   SIMULACION_TORQUE_sfun_registry.obj
 0001:0001eec0       __ssSetInputPortMatrixDimensions 1001fec0 f   SIMULACION_TORQUE_sfun_registry.obj
 0001:0001ef70       __ssSetOutputPortMatrixDimensions 1001ff70 f   SIMULACION_TORQUE_sfun_registry.obj
 0001:0001f020       __ssSetInputPortVectorDimension 10020020 f   SIMULACION_TORQUE_sfun_registry.obj
 0001:0001f0a0       __ssSetOutputPortVectorDimension 100200a0 f   SIMULACION_TORQUE_sfun_registry.obj
 0001:0001f120       _ssIsRunTimeParamTunable   10020120 f   SIMULACION_TORQUE_sfun_registry.obj
 0001:0001f180       _ssGetSFuncBlockHandle     10020180 f   SIMULACION_TORQUE_sfun_registry.obj
 0001:0001f1d0       __ssGetCurrentInputPortWidth 100201d0 f   SIMULACION_TORQUE_sfun_registry.obj
 0001:0001f2a0       __ssGetCurrentOutputPortWidth 100202a0 f   SIMULACION_TORQUE_sfun_registry.obj
 0001:0001f370       __ssGetCallSystemNumFcnCallDestinations 10020370 f   SIMULACION_TORQUE_sfun_registry.obj
 0001:0001f3d0       _ssWarning                 100203d0 f   SIMULACION_TORQUE_sfun_registry.obj
 0001:0001f4b0       _ssGetIsZeroCrossControlDisabled 100204b0 f   SIMULACION_TORQUE_sfun_registry.obj
 0001:0001f510       _ssSetIsInputPortUsedForContZcSignal 10020510 f   SIMULACION_TORQUE_sfun_registry.obj
 0001:0001f560       _ssSetZcSignalIsZcElementDisc 10020560 f   SIMULACION_TORQUE_sfun_registry.obj
 0001:0001f5e0       _ssSetZcSignalName         100205e0 f   SIMULACION_TORQUE_sfun_registry.obj
 0001:0001f630       _ssSetZcSignalWidth        10020630 f   SIMULACION_TORQUE_sfun_registry.obj
 0001:0001f680       _ssSetZcSignalZcEventType  10020680 f   SIMULACION_TORQUE_sfun_registry.obj
 0001:0001f6d0       _ssSetZcSignalType         100206d0 f   SIMULACION_TORQUE_sfun_registry.obj
 0001:0001f720       _ssSetZcSignalZcTol        10020720 f   SIMULACION_TORQUE_sfun_registry.obj
 0001:0001f770       _ssSetZcSignalNeedsEventNotification 10020770 f   SIMULACION_TORQUE_sfun_registry.obj
 0001:0001f7c0       _ssCreateAndAddZcSignalInfo 100207c0 f   SIMULACION_TORQUE_sfun_registry.obj
 0001:0001f820       _ssCloneAndAddZcSignalInfo 10020820 f   SIMULACION_TORQUE_sfun_registry.obj
 0001:0001f880       _ssGetNumZcSignals         10020880 f   SIMULACION_TORQUE_sfun_registry.obj
 0001:0001f8e0       _ssGetZcSignalVector       100208e0 f   SIMULACION_TORQUE_sfun_registry.obj
 0001:0001f940       _ssGetZcSignalZcEvents     10020940 f   SIMULACION_TORQUE_sfun_registry.obj
 0001:0001f9a0       _ssGetZcSignalName         100209a0 f   SIMULACION_TORQUE_sfun_registry.obj
 0001:0001fa00       _ssGetZcSignalWidth        10020a00 f   SIMULACION_TORQUE_sfun_registry.obj
 0001:0001fa60       _ssGetZcSignalZcEventType  10020a60 f   SIMULACION_TORQUE_sfun_registry.obj
 0001:0001fac0       _ssGetZcSignalType         10020ac0 f   SIMULACION_TORQUE_sfun_registry.obj
 0001:0001fb20       _ssGetZcSignalZcTol        10020b20 f   SIMULACION_TORQUE_sfun_registry.obj
 0001:0001fb80       _ssGetZcSignalNeedsEventNotification 10020b80 f   SIMULACION_TORQUE_sfun_registry.obj
 0001:0001fbe0       _ssGetZcSignalIsZcElementDisc 10020be0 f   SIMULACION_TORQUE_sfun_registry.obj
 0001:0001fc60       _ssGetIsInputPortElementContinuous 10020c60 f   SIMULACION_TORQUE_sfun_registry.obj
 0001:0001fce0       __ssGetInputPortSignalPtrsFcn 10020ce0 f   SIMULACION_TORQUE_sfun_registry.obj
 0001:0001fee0       __ssGetInputPortSignalFcn  10020ee0 f   SIMULACION_TORQUE_sfun_registry.obj
 0001:00020070       __ssSetInputPortDirectFeedThroughFcn 10021070 f   SIMULACION_TORQUE_sfun_registry.obj
 0001:000201a0       __ssSetInputPortReusableFcn 100211a0 f   SIMULACION_TORQUE_sfun_registry.obj
 0001:00020230       __ssSetOutputPortReusableFcn 10021230 f   SIMULACION_TORQUE_sfun_registry.obj
 0001:000202c0       _ssGetDTypeIdFromMxArray   100212c0 f   SIMULACION_TORQUE_sfun_registry.obj
 0001:000203b0       _ssWriteRTWStr             100213b0 f   SIMULACION_TORQUE_sfun_registry.obj
 0001:000203f0       _ssWriteRTWMxVectParam     100213f0 f   SIMULACION_TORQUE_sfun_registry.obj
 0001:00020430       _ssWriteRTWMx2dMatParam    10021430 f   SIMULACION_TORQUE_sfun_registry.obj
 0001:00020470       _ssWriteRTWNameValuePair   10021470 f   SIMULACION_TORQUE_sfun_registry.obj
 0001:000207e0       _ssWriteRTWParameters      100217e0 f   SIMULACION_TORQUE_sfun_registry.obj
 0001:00020b80       _ssWriteRTWParamSettings   10021b80 f   SIMULACION_TORQUE_sfun_registry.obj
 0001:00021030       _ssWriteRTWWorkVect        10022030 f   SIMULACION_TORQUE_sfun_registry.obj
 0001:000213c0       _mexFunction               100223c0 f   SIMULACION_TORQUE_sfun_registry.obj
 0001:00022a90       _ProcessMexSfunctionEveryCall 10023a90 f   SIMULACION_TORQUE_sfun_registry.obj
 0001:00022ba0       _SIMULACION_TORQUE_initializer 10023ba0 f   SIMULACION_TORQUE_sfun.obj
 0001:00022bb0       _SIMULACION_TORQUE_terminator 10023bb0 f   SIMULACION_TORQUE_sfun.obj
 0001:00022bc0       _sf_SIMULACION_TORQUE_method_dispatcher 10023bc0 f   SIMULACION_TORQUE_sfun.obj
 0001:00022d30       _sf_SIMULACION_TORQUE_process_check_sum_call 10023d30 f   SIMULACION_TORQUE_sfun.obj
 0001:000231b0       _sf_SIMULACION_TORQUE_autoinheritance_info 100241b0 f   SIMULACION_TORQUE_sfun.obj
 0001:00023330       _sf_SIMULACION_TORQUE_get_eml_resolved_functions_info 10024330 f   SIMULACION_TORQUE_sfun.obj
 0001:000235f0       _SIMULACION_TORQUE_debug_initialize 100245f0 f   SIMULACION_TORQUE_sfun.obj
 0001:00023640       _SIMULACION_TORQUE_register_exported_symbols 10024640 f   SIMULACION_TORQUE_sfun.obj
 0001:000236b0       _sf_mex_mx_is_numeric      100246b0 f   sfc_mexmsvc80:sfc_mex.obj
 0001:000236f0       _strcmp_ignore_ws          100246f0 f   sfc_mexmsvc80:sfc_mex.obj
 0001:00023810       _sf_mex_duplicatearraysafe 10024810 f   sfc_mexmsvc80:sfc_mex.obj
 0001:000239f0       _sf_set_error_debugger_context_message_fcn 100249f0 f   sfc_mexmsvc80:sfc_mex.obj
 0001:00023a00       _sf_set_debugger_matlab_error_fcn 10024a00 f   sfc_mexmsvc80:sfc_mex.obj
 0001:00023a20       _sf_set_error_prefix_string 10024a20 f   sfc_mexmsvc80:sfc_mex.obj
 0001:00023a50       _sf_get_error_prefix_string 10024a50 f   sfc_mexmsvc80:sfc_mex.obj
 0001:00023a60       _sf_get_current_jmp_buf_ptr 10024a60 f   sfc_mexmsvc80:sfc_mex.obj
 0001:00023a70       _sf_set_current_jmp_buf_ptr 10024a70 f   sfc_mexmsvc80:sfc_mex.obj
 0001:00023a80       _sf_mex_set_halt_simulation 10024a80 f   sfc_mexmsvc80:sfc_mex.obj
 0001:00023a90       _sf_mex_get_halt_simulation 10024a90 f   sfc_mexmsvc80:sfc_mex.obj
 0001:00023aa0       _sf_mex_clear_error_message 10024aa0 f   sfc_mexmsvc80:sfc_mex.obj
 0001:00023ac0       _sf_mex_get_error_message_for_read 10024ac0 f   sfc_mexmsvc80:sfc_mex.obj
 0001:00023ad0       _sf_mex_get_error_message_buffer_length 10024ad0 f   sfc_mexmsvc80:sfc_mex.obj
 0001:00023ba0       _sf_mex_warning_message    10024ba0 f   sfc_mexmsvc80:sfc_mex.obj
 0001:00023bf0       _sf_mex_v_errbuf_createf   10024bf0 f   sfc_mexmsvc80:sfc_mex.obj
 0001:00023c10       _sf_mex_errbuf_createf     10024c10 f   sfc_mexmsvc80:sfc_mex.obj
 0001:00023c30       _sf_mex_v_errbuf_catf      10024c30 f   sfc_mexmsvc80:sfc_mex.obj
 0001:00023c70       _sf_mex_errbuf_catf        10024c70 f   sfc_mexmsvc80:sfc_mex.obj
 0001:00023cb0       _sf_mex_errbuf_copy        10024cb0 f   sfc_mexmsvc80:sfc_mex.obj
 0001:00023cd0       _sf_mex_errbuf_clear       10024cd0 f   sfc_mexmsvc80:sfc_mex.obj
 0001:00023ce0       _sf_mex_errbuf_isempty     10024ce0 f   sfc_mexmsvc80:sfc_mex.obj
 0001:00023d70       _sf_mex_set_error_status   10024d70 f   sfc_mexmsvc80:sfc_mex.obj
 0001:00023da0       _sf_mex_error_direct_call  10024da0 f   sfc_mexmsvc80:sfc_mex.obj
 0001:00023dc0       _sf_mex_error_message_no_long_jump 10024dc0 f   sfc_mexmsvc80:sfc_mex.obj
 0001:00023df0       _sf_mex_long_jump_on_error 10024df0 f   sfc_mexmsvc80:sfc_mex.obj
 0001:00023e20       _sf_mex_call_matlab        10024e20 f   sfc_mexmsvc80:sfc_mex.obj
 0001:00023ef0       _sf_mex_check_builtin      10024ef0 f   sfc_mexmsvc80:sfc_mex.obj
 0001:00023f20       _sf_mex_check_builtin_vs   10024f20 f   sfc_mexmsvc80:sfc_mex.obj
 0001:00023f60       _sf_mex_check_enum         10024f60 f   sfc_mexmsvc80:sfc_mex.obj
 0001:00023f90       _sf_mex_create_enum        10024f90 f   sfc_mexmsvc80:sfc_mex.obj
 0001:00023fb0       _sf_mex_get_enum_element   10024fb0 f   sfc_mexmsvc80:sfc_mex.obj
 0001:00023fc0       _sf_mex_createcellarray    10024fc0 f   sfc_mexmsvc80:sfc_mex.obj
 0001:00023fe0       _sf_mex_setcell            10024fe0 f   sfc_mexmsvc80:sfc_mex.obj
 0001:00023ff0       _sf_mex_getcell            10024ff0 f   sfc_mexmsvc80:sfc_mex.obj
 0001:00024000       _sf_mex_dup                10025000 f   sfc_mexmsvc80:sfc_mex.obj
 0001:00024030       _sf_mex_assign             10025030 f   sfc_mexmsvc80:sfc_mex.obj
 0001:00024080       _sf_mex_destroy            10025080 f   sfc_mexmsvc80:sfc_mex.obj
 0001:000240a0       _mx_array_has_fi_type      100250a0 f   sfc_mexmsvc80:sfc_mex.obj
 0001:000240d0       _sf_mex_convert_from_fi    100250d0 f   sfc_mexmsvc80:sfc_mex.obj
 0001:00024150       _sf_mex_convert_to_double  10025150 f   sfc_mexmsvc80:sfc_mex.obj
 0001:00024190       _sf_mex_import_fi_vs       10025190 f   sfc_mexmsvc80:sfc_mex.obj
 0001:000242f0       _sf_matrix_matrix_index_ok 100252f0 f   sfc_mexmsvc80:sfc_mex.obj
 0001:00024360       _sf_vector_vector_index_ok 10025360 f   sfc_mexmsvc80:sfc_mex.obj
 0001:00024390       _ssGetCurrentInputPortDimensions_wrapper 10025390 f   sfc_mexmsvc80:sfc_mex.obj
 0001:000243b0       _ssGetCurrentOutputPortDimensions_wrapper 100253b0 f   sfc_mexmsvc80:sfc_mex.obj
 0001:000243d0       _sf_mex_emlrt_context_is_debug_mode 100253d0 f   sfc_mexmsvc80:sfc_mex.obj
 0001:000243e0       _sf_mex_emlrt_context_set_debug_mode 100253e0 f   sfc_mexmsvc80:sfc_mex.obj
 0001:00024430       _sf_clear_error_manager_info 10025430 f   sfc_mexmsvc80:sfc_mex.obj
 0001:00024480       _sf_mex_stop_simulation_abruptly_wo_error 10025480 f   sfc_mexmsvc80:sfc_mex.obj
 0001:000244b0       _sf_mex_error_message      100254b0 f   sfc_mexmsvc80:sfc_mex.obj
 0001:00024500       _sf_react_to_error_in_matlab_call 10025500 f   sfc_mexmsvc80:sfc_mex.obj
 0001:00024520       _sf_mex_addfield           10025520 f   sfc_mexmsvc80:sfc_mex.obj
 0001:00024590       _sf_mex_getfield           10025590 f   sfc_mexmsvc80:sfc_mex.obj
 0001:00024810       _sf_mex_check_class        10025810 f   sfc_mexmsvc80:sfc_mex.obj
 0001:00024880       _sf_mex_is_real            10025880 f   sfc_mexmsvc80:sfc_mex.obj
 0001:00024a90       _sf_mex_decode_encoded_mx_struct_array 10025a90 f   sfc_mexmsvc80:sfc_mex.obj
 0001:00024c30       _sf_mex_lw_bounds_check    10025c30 f   sfc_mexmsvc80:sfc_mex.obj
 0001:00024c60       _sf_mex_lw_size_eq_check_1d 10025c60 f   sfc_mexmsvc80:sfc_mex.obj
 0001:00024c80       _sf_mex_lw_size_eq_check_nd 10025c80 f   sfc_mexmsvc80:sfc_mex.obj
 0001:00024d60       _sf_mex_lw_dim_size_eq_check 10025d60 f   sfc_mexmsvc80:sfc_mex.obj
 0001:00024d90       _sf_mex_lw_dim_size_geq_check 10025d90 f   sfc_mexmsvc80:sfc_mex.obj
 0001:00024dc0       _sf_mex_lw_sub_assign_size_check_nd 10025dc0 f   sfc_mexmsvc80:sfc_mex.obj
 0001:00024ef0       _sf_mex_lw_runtime_error_msgid 10025ef0 f   sfc_mexmsvc80:sfc_mex.obj
 0001:00024fa0       _sf_mex_lw_matrix_matrix_index_check 10025fa0 f   sfc_mexmsvc80:sfc_mex.obj
 0001:00024fd0       _sf_mex_lw_vector_vector_index_check 10025fd0 f   sfc_mexmsvc80:sfc_mex.obj
 0001:00025010       _sf_mex_lw_non_negative_check 10026010 f   sfc_mexmsvc80:sfc_mex.obj
 0001:00025040       _sf_mex_overflow_error     10026040 f   sfc_mexmsvc80:sfc_mex.obj
 0001:00025050       _sf_mex_dividebyzero_error 10026050 f   sfc_mexmsvc80:sfc_mex.obj
 0001:00025060       _sf_mex_unsafe_enum_error  10026060 f   sfc_mexmsvc80:sfc_mex.obj
 0001:00025070       _sf_emlrtErrHandler        10026070 f   sfc_mexmsvc80:sfc_mex.obj
 0001:00025120       _sf_mex_printf             10026120 f   sfc_mexmsvc80:sfc_mex.obj
 0001:00025200       _sf_mex_check_size         10026200 f   sfc_mexmsvc80:sfc_mex.obj
 0001:00025480       _sf_mex_check_struct       10026480 f   sfc_mexmsvc80:sfc_mex.obj
 0001:000256d0       _sf_mex_check_struct_vs    100266d0 f   sfc_mexmsvc80:sfc_mex.obj
 0001:00025710       _sf_mex_check_fi           10026710 f   sfc_mexmsvc80:sfc_mex.obj
 0001:000257e0       _sf_mex_check_fi_vs        100267e0 f   sfc_mexmsvc80:sfc_mex.obj
 0001:00025830       _sf_echo_expression        10026830 f   sfc_mexmsvc80:sfc_mex.obj
 0001:00025880       _sf_assertion_failed       10026880 f   sfc_mexmsvc80:sfc_mex.obj
 0001:00025b10       _sf_mex_evalin             10026b10 f   sfc_mexmsvc80:sfc_mex.obj
 0001:00025d70       _sf_mex_export             10026d70 f   sfc_mexmsvc80:sfc_mex.obj
 0001:00025e20       _sf_mex_get_ml_var_no_error 10026e20 f   sfc_mexmsvc80:sfc_mex.obj
 0001:00025f80       _sf_mex_get_ml_var         10026f80 f   sfc_mexmsvc80:sfc_mex.obj
 0001:00026460       _ml_set_element_value_in_array 10027460 f   sfc_mexmsvc80:sfc_mex.obj
 0001:00027590       _sf_mex_call_impl          10028590 f   sfc_mexmsvc80:sfc_mex.obj
 0001:00027920       _sf_mex_call_debug         10028920 f   sfc_mexmsvc80:sfc_mex.obj
 0001:00027940       _sf_mex_call               10028940 f   sfc_mexmsvc80:sfc_mex.obj
 0001:00028050       _sf_mex_createstruct       10029050 f   sfc_mexmsvc80:sfc_mex.obj
 0001:000280f0       _sf_mex_createstructarray  100290f0 f   sfc_mexmsvc80:sfc_mex.obj
 0001:00028150       _sf_mex_get_mx_datatype_from_sf_datatype 10029150 f   sfc_mexmsvc80:sfc_mex.obj
 0001:000283d0       _sf_mex_ml_var_sub         100293d0 f   sfc_mexmsvc80:sfc_mex.obj
 0001:00028540       _sf_mex_ml_var_subsasgn    10029540 f   sfc_mexmsvc80:sfc_mex.obj
 0001:00028850       _sf_mex_sub                10029850 f   sfc_mexmsvc80:sfc_mex.obj
 0001:000289f0       _sf_mex_subsasgn           100299f0 f   sfc_mexmsvc80:sfc_mex.obj
 0001:00028dd0       _sf_mex_create             10029dd0 f   sfc_mexmsvc80:sfc_mex.obj
 0001:000296c0       _sf_mex_import_named       1002a6c0 f   sfc_mexmsvc80:sfc_mex.obj
 0001:00029710       _sf_mex_import             1002a710 f   sfc_mexmsvc80:sfc_mex.obj
 0001:00029750       _sf_mex_import_vs          1002a750 f   sfc_mexmsvc80:sfc_mex.obj
 0001:000297e0       _sf_mex_lower_fixpt_mx_array 1002a7e0 f   sfc_mexmsvc80:sfc_mex.obj
 0001:00029ba0       _sim_mode_is_rtw_gen       1002aba0 f   sfc_mexmsvc80:sfc_sf.obj
 0001:00029be0       _sim_mode_is_external      1002abe0 f   sfc_mexmsvc80:sfc_sf.obj
 0001:00029c00       _sim_mode_is_modelref_sim  1002ac00 f   sfc_mexmsvc80:sfc_sf.obj
 0001:00029c30       _mdlInitializeSizes        1002ac30 f   sfc_mexmsvc80:sfc_sf.obj
 0001:00029c50       _mdlInitializeSampleTimes  1002ac50 f   sfc_mexmsvc80:sfc_sf.obj
 0001:00029c90       _mdlZeroCrossings          1002ac90 f   sfc_mexmsvc80:sfc_sf.obj
 0001:00029d40       _mdlDerivatives            1002ad40 f   sfc_mexmsvc80:sfc_sf.obj
 0001:00029de0       _mdl_initialize_conditions_processing 1002ade0 f   sfc_mexmsvc80:sfc_sf.obj
 0001:00029e10       _mdlInitializeConditions   1002ae10 f   sfc_mexmsvc80:sfc_sf.obj
 0001:00029eb0       _mdlGetSimState            1002aeb0 f   sfc_mexmsvc80:sfc_sf.obj
 0001:00029ed0       _mdlSetSimState            1002aed0 f   sfc_mexmsvc80:sfc_sf.obj
 0001:00029ef0       _mdl_ext_mode_exec_processing 1002aef0 f   sfc_mexmsvc80:sfc_sf.obj
 0001:00029f10       _mdlExtModeExec            1002af10 f   sfc_mexmsvc80:sfc_sf.obj
 0001:0002a0a0       _mdlTerminate              1002b0a0 f   sfc_mexmsvc80:sfc_sf.obj
 0001:0002a100       _mdlRTW                    1002b100 f   sfc_mexmsvc80:sfc_sf.obj
 0001:0002a130       _mdlSetWorkWidths          1002b130 f   sfc_mexmsvc80:sfc_sf.obj
 0001:0002a150       _mdlProcessParameters      1002b150 f   sfc_mexmsvc80:sfc_sf.obj
 0001:0002a170       _mdl_start_processing      1002b170 f   sfc_mexmsvc80:sfc_sf.obj
 0001:0002a1b0       _mdlStart                  1002b1b0 f   sfc_mexmsvc80:sfc_sf.obj
 0001:0002a280       _mdlEnable                 1002b280 f   sfc_mexmsvc80:sfc_sf.obj
 0001:0002a330       _mdlDisable                1002b330 f   sfc_mexmsvc80:sfc_sf.obj
 0001:0002a3c0       _sf_get_chart_instance_ptr 1002b3c0 f   sfc_mexmsvc80:sfc_sf.obj
 0001:0002a3e0       _sf_rtw_info_uint_prop     1002b3e0 f   sfc_mexmsvc80:sfc_sf.obj
 0001:0002a520       _sf_is_chart_inlinable     1002b520 f   sfc_mexmsvc80:sfc_sf.obj
 0001:0002a550       _sf_mark_output_events_with_multiple_callers 1002b550 f   sfc_mexmsvc80:sfc_sf.obj
 0001:0002a6d0       _sf_mark_chart_reusable_outputs 1002b6d0 f   sfc_mexmsvc80:sfc_sf.obj
 0001:0002a860       _sf_mark_chart_expressionable_inputs 1002b860 f   sfc_mexmsvc80:sfc_sf.obj
 0001:0002aa60       _sf_get_subchart_simstruct 1002ba60 f   sfc_mexmsvc80:sfc_sf.obj
 0001:0002aaa0       _sf_write_symbol_mapping   1002baa0 f   sfc_mexmsvc80:sfc_sf.obj
 0001:0002ac80       _sf_get_fixpt_data_type_id 1002bc80 f   sfc_mexmsvc80:sfc_sf.obj
 0001:0002acc0       _sf_get_enum_data_type_id  1002bcc0 f   sfc_mexmsvc80:sfc_sf.obj
 0001:0002ad00       _sf_get_param_data_type_id 1002bd00 f   sfc_mexmsvc80:sfc_sf.obj
 0001:0002ad30       _sf_mex_listen_for_ctrl_c_force 1002bd30 f   sfc_mexmsvc80:sfc_sf.obj
 0001:0002ae30       _sf_mex_draw_now           1002be30 f   sfc_mexmsvc80:sfc_sf.obj
 0001:0002ae70       _sf_mex_set_debugger_sim_status_listener_fcn 1002be70 f   sfc_mexmsvc80:sfc_sf.obj
 0001:0002ae80       _sf_mex_listen_for_ctrl_c  1002be80 f   sfc_mexmsvc80:sfc_sf.obj
 0001:0002af10       _sf_mex_get_sfun_param     1002bf10 f   sfc_mexmsvc80:sfc_sf.obj
 0001:0002af60       _sf_get_runtime_param_data 1002bf60 f   sfc_mexmsvc80:sfc_sf.obj
 0001:0002afa0       _sf_call_output_fcn_call   1002bfa0 f   sfc_mexmsvc80:sfc_sf.obj
 0001:0002b0c0       _sf_call_output_fcn_enable 1002c0c0 f   sfc_mexmsvc80:sfc_sf.obj
 0001:0002b140       _sf_call_output_fcn_disable 1002c140 f   sfc_mexmsvc80:sfc_sf.obj
 0001:0002b1c0       _sf_clear_rtw_identifier   1002c1c0 f   sfc_mexmsvc80:sfc_sf.obj
 0001:0002b9f0       _sf_set_encoded_dwork_info 1002c9f0 f   sfc_mexmsvc80:sfc_sf.obj
 0001:0002ba30       _sf_get_dwork_info_from_mat_file 1002ca30 f   sfc_mexmsvc80:sfc_sf.obj
 0001:0002bba0       _sf_set_rtw_dwork_info     1002cba0 f   sfc_mexmsvc80:sfc_sf.obj
 0001:0002bcd0       _mdlOutputs                1002ccd0 f   sfc_mexmsvc80:sfc_sf.obj
 0001:0002bde0       _sf_debug_disp             1002cde0 f   sfc_debugmsvc80:sfcdebug.obj
 0001:0002bfe0       _sf_debug_data_runtime_size_mismatch_error_check 1002cfe0 f   sfc_debugmsvc80:sfcdebug.obj
 0001:0002c020       _sf_debug_try_loading_machine 1002d020 f   sfc_debugmsvc80:sfcdebug.obj
 0001:0002c0f0       _sf_debug_reset_current_state_configuration 1002d0f0 f   sfc_debugmsvc80:sfcdebug.obj
 0001:0002c130       _sf_debug_store_current_state_configuration 1002d130 f   sfc_debugmsvc80:sfcdebug.obj
 0001:0002c170       _sf_debug_restore_previous_state_configuration 1002d170 f   sfc_debugmsvc80:sfcdebug.obj
 0001:0002c1b0       _sf_debug_restore_previous_state_configuration2 1002d1b0 f   sfc_debugmsvc80:sfcdebug.obj
 0001:0002c1f0       _sf_debug_get_event_scope  1002d1f0 f   sfc_debugmsvc80:sfcdebug.obj
 0001:0002c310       _use_debugger_step_animation 1002d310 f   sfc_debugmsvc80:sfcdebug.obj
 0001:0002c330       _sf_debug_get_script_id    1002d330 f   sfc_debugmsvc80:sfcdebug.obj
 0001:0002c3c0       _sf_debug_set_script_translation 1002d3c0 f   sfc_debugmsvc80:sfcdebug.obj
 0001:0002c450       _sf_debug_get_current_machine_id 1002d450 f   sfc_debugmsvc80:sfcdebug.obj
 0001:0002c470       _sf_debug_get_current_optional_integer 1002d470 f   sfc_debugmsvc80:sfcdebug.obj
 0001:0002c480       _sf_debug_get_current_machine_number 1002d480 f   sfc_debugmsvc80:sfcdebug.obj
 0001:0002c4a0       _sf_debug_get_current_machine_name 1002d4a0 f   sfc_debugmsvc80:sfcdebug.obj
 0001:0002c4c0       _sf_debug_get_current_chart_id 1002d4c0 f   sfc_debugmsvc80:sfcdebug.obj
 0001:0002c4f0       _sf_debug_get_current_chart_number 1002d4f0 f   sfc_debugmsvc80:sfcdebug.obj
 0001:0002c500       _sf_debug_get_current_instance_number 1002d500 f   sfc_debugmsvc80:sfcdebug.obj
 0001:0002c510       _sf_debug_get_current_is_minor_time_step 1002d510 f   sfc_debugmsvc80:sfcdebug.obj
 0001:0002c580       _sf_debug_get_current_object_type 1002d580 f   sfc_debugmsvc80:sfcdebug.obj
 0001:0002c590       _sf_debug_get_current_instance_handle 1002d590 f   sfc_debugmsvc80:sfcdebug.obj
 0001:0002c5e0       _sf_debug_get_current_event_type 1002d5e0 f   sfc_debugmsvc80:sfcdebug.obj
 0001:0002c5f0       _sf_debug_get_current_object_id 1002d5f0 f   sfc_debugmsvc80:sfcdebug.obj
 0001:0002c620       _sf_debug_get_current_active_event_type 1002d620 f   sfc_debugmsvc80:sfcdebug.obj
 0001:0002c630       _sf_debug_get_current_active_event_id 1002d630 f   sfc_debugmsvc80:sfcdebug.obj
 0001:0002c660       _sf_debug_get_current_tag_type 1002d660 f   sfc_debugmsvc80:sfcdebug.obj
 0001:0002c670       _sf_debug_get_current_simulation_time 1002d670 f   sfc_debugmsvc80:sfcdebug.obj
 0001:0002c680       _sf_debug_get_current_coverage_percentage 1002d680 f   sfc_debugmsvc80:sfcdebug.obj
 0001:0002c690       _sf_debug_current_statement_context 1002d690 f   sfc_debugmsvc80:sfcdebug.obj
 0001:0002c710       _sf_debug_get_current_statement_info 1002d710 f   sfc_debugmsvc80:sfcdebug.obj
 0001:0002c850       _sf_debug_terminate_instance 1002d850 f   sfc_debugmsvc80:sfcdebug.obj
 0001:0002cad0       _sf_debug_assertion_failed 1002dad0 f   sfc_debugmsvc80:sfcdebug.obj
 0001:0002cca0       _sf_debug_set_number_of_data_with_change_event_for_machine 1002dca0 f   sfc_debugmsvc80:sfcdebug.obj
 0001:0002cce0       _sf_debug_set_machine_event_thresholds 1002dce0 f   sfc_debugmsvc80:sfcdebug.obj
 0001:0002cd10       _sf_debug_set_machine_event_scope 1002dd10 f   sfc_debugmsvc80:sfcdebug.obj
 0001:0002cd50       _sf_debug_set_machine_data_thresholds 1002dd50 f   sfc_debugmsvc80:sfcdebug.obj
 0001:0002cd90       _sf_debug_set_machine_data_scope 1002dd90 f   sfc_debugmsvc80:sfcdebug.obj
 0001:0002ce10       _sf_debug_set_machine_data_name 1002de10 f   sfc_debugmsvc80:sfcdebug.obj
 0001:0002ce60       _sf_debug_set_machine_data_size 1002de60 f   sfc_debugmsvc80:sfcdebug.obj
 0001:0002cf60       _sf_debug_set_machine_data_type 1002df60 f   sfc_debugmsvc80:sfcdebug.obj
 0001:0002d080       _sf_debug_get_chart_data_number 1002e080 f   sfc_debugmsvc80:sfcdebug.obj
 0001:0002d0b0       _sf_debug_get_chart_event_number 1002e0b0 f   sfc_debugmsvc80:sfcdebug.obj
 0001:0002d0e0       _sf_debug_set_chart_state_info 1002e0e0 f   sfc_debugmsvc80:sfcdebug.obj
 0001:0002d160       _sf_debug_set_chart_decomposition 1002e160 f   sfc_debugmsvc80:sfcdebug.obj
 0001:0002d1d0       _sf_debug_set_chart_substate_count 1002e1d0 f   sfc_debugmsvc80:sfcdebug.obj
 0001:0002d290       _sf_debug_set_chart_substate_index 1002e290 f   sfc_debugmsvc80:sfcdebug.obj
 0001:0002d300       _sf_debug_set_chart_state_substate_count 1002e300 f   sfc_debugmsvc80:sfcdebug.obj
 0001:0002d3e0       _sf_debug_set_chart_state_substate_index 1002e3e0 f   sfc_debugmsvc80:sfcdebug.obj
 0001:0002d460       _sf_debug_set_number_of_data_with_change_event_for_chart 1002e460 f   sfc_debugmsvc80:sfcdebug.obj
 0001:0002d4e0       _sf_debug_set_number_of_states_with_entry_event_for_chart 1002e4e0 f   sfc_debugmsvc80:sfcdebug.obj
 0001:0002d550       _sf_debug_set_number_of_states_with_exit_event_for_chart 1002e550 f   sfc_debugmsvc80:sfcdebug.obj
 0001:0002d5c0       _sf_debug_set_chart_disable_implicit_casting 1002e5c0 f   sfc_debugmsvc80:sfcdebug.obj
 0001:0002d630       _sf_debug_set_chart_event_thresholds 1002e630 f   sfc_debugmsvc80:sfcdebug.obj
 0001:0002d6a0       _sf_debug_set_chart_data_compiled_props 1002e6a0 f   sfc_debugmsvc80:sfcdebug.obj
 0001:0002d910       _sf_debug_set_chart_data_props 1002e910 f   sfc_debugmsvc80:sfcdebug.obj
 0001:0002db80       _sf_debug_check_fi_license 1002eb80 f   sfc_debugmsvc80:sfcdebug.obj
 0001:0002dd10       _sf_debug_symbol_scope_push 1002ed10 f   sfc_debugmsvc80:sfcdebug.obj
 0001:0002dd50       _sf_debug_symbol_scope_push_eml 1002ed50 f   sfc_debugmsvc80:sfcdebug.obj
 0001:0002dd90       _sf_debug_symbol_scope_pop 1002ed90 f   sfc_debugmsvc80:sfcdebug.obj
 0001:0002ddc0       _sf_debug_symbol_scope_add_importable 1002edc0 f   sfc_debugmsvc80:sfcdebug.obj
 0001:0002de20       _sf_debug_symbol_scope_add 1002ee20 f   sfc_debugmsvc80:sfcdebug.obj
 0001:0002de80       _sf_debug_symbol_scope_add_dyn_importable 1002ee80 f   sfc_debugmsvc80:sfcdebug.obj
 0001:0002def0       _sf_debug_symbol_scope_add_dyn 1002eef0 f   sfc_debugmsvc80:sfcdebug.obj
 0001:0002df20       _sf_debug_symbol_scope_add_eml_importable 1002ef20 f   sfc_debugmsvc80:sfcdebug.obj
 0001:0002df50       _sf_debug_symbol_scope_add_eml 1002ef50 f   sfc_debugmsvc80:sfcdebug.obj
 0001:0002df80       _sf_debug_symbol_scope_add_eml_dyn_importable 1002ef80 f   sfc_debugmsvc80:sfcdebug.obj
 0001:0002dfd0       _sf_debug_symbol_scope_add_eml_dyn 1002efd0 f   sfc_debugmsvc80:sfcdebug.obj
 0001:0002e020       _sf_debug_symbol_switch    1002f020 f   sfc_debugmsvc80:sfcdebug.obj
 0001:0002e040       _sf_debug_symbol_scope_add_verbose 1002f040 f   sfc_debugmsvc80:sfcdebug.obj
 0001:0002e0b0       _sf_debug_set_machine_data_value_ptr 1002f0b0 f   sfc_debugmsvc80:sfcdebug.obj
 0001:0002e0f0       _sf_debug_set_instance_data_value_ptr 1002f0f0 f   sfc_debugmsvc80:sfcdebug.obj
 0001:0002e150       _sf_debug_unset_instance_data_value_ptr 1002f150 f   sfc_debugmsvc80:sfcdebug.obj
 0001:0002e1a0       _sf_debug_set_chart_event_scope 1002f1a0 f   sfc_debugmsvc80:sfcdebug.obj
 0001:0002e220       _sf_debug_set_chart_transition_coverage_maps 1002f220 f   sfc_debugmsvc80:sfcdebug.obj
 0001:0002e2b0       _sf_debug_set_chart_state_coverage_maps 1002f2b0 f   sfc_debugmsvc80:sfcdebug.obj
 0001:0002e330       _sf_debug_set_instance_transition_coverage_weights 1002f330 f   sfc_debugmsvc80:sfcdebug.obj
 0001:0002e3a0       _sf_debug_set_instance_state_coverage_weights 1002f3a0 f   sfc_debugmsvc80:sfcdebug.obj
 0001:0002e5a0       _sf_debug_unload_machine   1002f5a0 f   sfc_debugmsvc80:sfcdebug.obj
 0001:0002e5f0       _sf_debug_load_machine     1002f5f0 f   sfc_debugmsvc80:sfcdebug.obj
 0001:0002e6a0       _sf_debug_set_active_instance_in_data_dictionary 1002f6a0 f   sfc_debugmsvc80:sfcdebug.obj
 0001:0002e820       _sf_debug_set_active_instance 1002f820 f   sfc_debugmsvc80:sfcdebug.obj
 0001:0002e910       _sf_debug_chart_visiblity_change 1002f910 f   sfc_debugmsvc80:sfcdebug.obj
 0001:0002e9b0       _sf_debug_select_chart     1002f9b0 f   sfc_debugmsvc80:sfcdebug.obj
 0001:0002ea50       _sf_debug_set_instance_cv_ids 1002fa50 f   sfc_debugmsvc80:sfcdebug.obj
 0001:0002ec10       _sf_debug_select_charts    1002fc10 f   sfc_debugmsvc80:sfcdebug.obj
 0001:0002ecf0       _sf_debug_initialized      1002fcf0 f   sfc_debugmsvc80:sfcdebug.obj
 0001:0002ed00       _sf_debug_is_uninterruptible 1002fd00 f   sfc_debugmsvc80:sfcdebug.obj
 0001:0002ed30       _sf_debug_initialize_debugger_gui 1002fd30 f   sfc_debugmsvc80:sfcdebug.obj
 0001:0002f0c0       _sf_debug_resume           100300c0 f   sfc_debugmsvc80:sfcdebug.obj
 0001:0002f0e0       _sf_debug_go               100300e0 f   sfc_debugmsvc80:sfcdebug.obj
 0001:0002f0f0       _sf_debug_break            100300f0 f   sfc_debugmsvc80:sfcdebug.obj
 0001:0002f100       _sf_debug_step_over        10030100 f   sfc_debugmsvc80:sfcdebug.obj
 0001:0002f110       _sf_debug_step_out         10030110 f   sfc_debugmsvc80:sfcdebug.obj
 0001:0002f120       _sf_debug_set_disable_all_breakpoints 10030120 f   sfc_debugmsvc80:sfcdebug.obj
 0001:0002f130       _sf_debug_disable_all_breakpoints_and_go 10030130 f   sfc_debugmsvc80:sfcdebug.obj
 0001:0002f140       _sf_debug_break_on_chart_entry 10030140 f   sfc_debugmsvc80:sfcdebug.obj
 0001:0002f150       _sf_debug_break_on_event_broadcast 10030150 f   sfc_debugmsvc80:sfcdebug.obj
 0001:0002f160       _sf_debug_break_on_state_entry 10030160 f   sfc_debugmsvc80:sfcdebug.obj
 0001:0002f170       _sf_debug_break_between_times 10030170 f   sfc_debugmsvc80:sfcdebug.obj
 0001:0002f1a0       _sf_debug_browse_data      100301a0 f   sfc_debugmsvc80:sfcdebug.obj
 0001:0002f1c0       _sf_debug_watch_data       100301c0 f   sfc_debugmsvc80:sfcdebug.obj
 0001:0002f1e0       _sf_debug_assign_data      100301e0 f   sfc_debugmsvc80:sfcdebug.obj
 0001:0002f200       _sf_debug_whos             10030200 f   sfc_debugmsvc80:sfcdebug.obj
 0001:0002f220       _sf_debug_get_consistency_info 10030220 f   sfc_debugmsvc80:sfcdebug.obj
 0001:0002f240       _sf_debug_browse_trace     10030240 f   sfc_debugmsvc80:sfcdebug.obj
 0001:0002f260       _sf_debug_set_breakpoints  10030260 f   sfc_debugmsvc80:sfcdebug.obj
 0001:0002f320       _sf_debug_set_eml_breakpoints 10030320 f   sfc_debugmsvc80:sfcdebug.obj
 0001:0002f430       _sf_debug_set_script_breakpoints 10030430 f   sfc_debugmsvc80:sfcdebug.obj
 0001:0002f4b0       _sf_debug_add_script_breakpoints 100304b0 f   sfc_debugmsvc80:sfcdebug.obj
 0001:0002f520       _sf_debug_clear_script_breakpoints 10030520 f   sfc_debugmsvc80:sfcdebug.obj
 0001:0002f590       _sf_debug_query_script_breakpoints 10030590 f   sfc_debugmsvc80:sfcdebug.obj
 0001:0002f630       _sf_debug_get_eml_script_id 10030630 f   sfc_debugmsvc80:sfcdebug.obj
 0001:0002f680       _sf_debug_set_watch        10030680 f   sfc_debugmsvc80:sfcdebug.obj
 0001:0002f810       _sf_debug_get_coverage     10030810 f   sfc_debugmsvc80:sfcdebug.obj
 0001:0002f830       _sf_debug_get_instance_handle 10030830 f   sfc_debugmsvc80:sfcdebug.obj
 0001:0002f8b0       _sf_debug_get_active_states 100308b0 f   sfc_debugmsvc80:sfcdebug.obj
 0001:0002f8d0       _sf_debug_get_animation    100308d0 f   sfc_debugmsvc80:sfcdebug.obj
 0001:0002f8e0       _sf_debug_set_animation    100308e0 f   sfc_debugmsvc80:sfcdebug.obj
 0001:0002f8f0       _sf_debug_animate          100308f0 f   sfc_debugmsvc80:sfcdebug.obj
 0001:0002f920       _sf_debug_cycle_detection_check 10030920 f   sfc_debugmsvc80:sfcdebug.obj
 0001:0002f930       _sf_debug_data_range_check 10030930 f   sfc_debugmsvc80:sfcdebug.obj
 0001:0002f940       _sf_debug_transition_conflict_check 10030940 f   sfc_debugmsvc80:sfcdebug.obj
 0001:0002f950       _sf_debug_state_consistency_check 10030950 f   sfc_debugmsvc80:sfcdebug.obj
 0001:0002f960       _sf_debug_data_range_check_enabled 10030960 f   sfc_debugmsvc80:sfcdebug.obj
 0001:0002f970       _sf_debug_transition_conflict_check_enabled 10030970 f   sfc_debugmsvc80:sfcdebug.obj
 0001:0002f980       _sf_debug_transition_conflict_check_begin 10030980 f   sfc_debugmsvc80:sfcdebug.obj
 0001:0002f9a0       _sf_debug_transition_conflict_check_end 100309a0 f   sfc_debugmsvc80:sfcdebug.obj
 0001:0002f9c0       _sf_debug_stop_debugging   100309c0 f   sfc_debugmsvc80:sfcdebug.obj
 0001:0002f9f0       _sf_debug_is_cycle_detected 100309f0 f   sfc_debugmsvc80:sfcdebug.obj
 0001:0002fa00       _sf_debug_is_array_bounds_detected 10030a00 f   sfc_debugmsvc80:sfcdebug.obj
 0001:0002fa10       _sf_debug_get_state_vectors_data_size 10030a10 f   sfc_debugmsvc80:sfcdebug.obj
 0001:0002fa50       _sf_debug_get_state_vectors_data 10030a50 f   sfc_debugmsvc80:sfcdebug.obj
 0001:0002fb20       _sf_debug_set_state_vectors_data 10030b20 f   sfc_debugmsvc80:sfcdebug.obj
 0001:0002fd50       _sf_debug_get_script_index 10030d50 f   sfc_debugmsvc80:sfcdebug.obj
 0001:0002fe80       _sf_debug_add_script       10030e80 f   sfc_debugmsvc80:sfcdebug.obj
 0001:0002ffd0       _cv_eval_point             10030fd0 f   sfc_debugmsvc80:sfcdebug.obj
 0001:000300a0       _sf_debug_cv_init_state    100310a0 f   sfc_debugmsvc80:sfcdebug.obj
 0001:00030130       _sf_debug_cv_init_chart    10031130 f   sfc_debugmsvc80:sfcdebug.obj
 0001:000301b0       _sf_debug_cv_init_trans    100311b0 f   sfc_debugmsvc80:sfcdebug.obj
 0001:00030290       _cv_eml_init_script        10031290 f   sfc_debugmsvc80:sfcdebug.obj
 0001:00030300       _cv_eml_init_fcn           10031300 f   sfc_debugmsvc80:sfcdebug.obj
 0001:00030360       _cv_eml_init_testobjective 10031360 f   sfc_debugmsvc80:sfcdebug.obj
 0001:000303c0       _cv_eml_init_if            100313c0 f   sfc_debugmsvc80:sfcdebug.obj
 0001:00030420       _cv_eml_init_for           10031420 f   sfc_debugmsvc80:sfcdebug.obj
 0001:00030480       _cv_eml_init_while         10031480 f   sfc_debugmsvc80:sfcdebug.obj
 0001:000304e0       _cv_eml_init_mcdc          100314e0 f   sfc_debugmsvc80:sfcdebug.obj
 0001:00030550       _cv_eml_init_switch        10031550 f   sfc_debugmsvc80:sfcdebug.obj
 0001:000305b0       _cv_eml_eval               100315b0 f   sfc_debugmsvc80:sfcdebug.obj
 0001:00030620       _sf_debug_bm_is_a_eml_breakpoint 10031620 f   sfc_debugmsvc80:sfcdebug.obj
 0001:00030750       _sf_debug_temporal_threshold 10031750 f   sfc_debugmsvc80:sfcdebug.obj
 0001:00030a40       _sf_debug_transition_conflict_error 10031a40 f   sfc_debugmsvc80:sfcdebug.obj
 0001:00030ce0       _sf_debug_state_inconsistency_error 10031ce0 f   sfc_debugmsvc80:sfcdebug.obj
 0001:00030dd0       _sf_debug_check_for_state_inconsistency 10031dd0 f   sfc_debugmsvc80:sfcdebug.obj
 0001:00030e10       _sf_debug_cycle_detecton_error 10031e10 f   sfc_debugmsvc80:sfcdebug.obj
 0001:00031440       _sf_debug_size_eq_check_1d 10032440 f   sfc_debugmsvc80:sfcdebug.obj
 0001:00031460       _sf_debug_size_eq_check_nd 10032460 f   sfc_debugmsvc80:sfcdebug.obj
 0001:00031540       _sf_debug_dim_size_eq_check 10032540 f   sfc_debugmsvc80:sfcdebug.obj
 0001:00031570       _sf_debug_dim_size_geq_check 10032570 f   sfc_debugmsvc80:sfcdebug.obj
 0001:000315a0       _sf_debug_sub_assign_size_check_nd 100325a0 f   sfc_debugmsvc80:sfcdebug.obj
 0001:000316c0       _sf_debug_matrix_matrix_index_check 100326c0 f   sfc_debugmsvc80:sfcdebug.obj
 0001:00031700       _sf_debug_vector_vector_index_check 10032700 f   sfc_debugmsvc80:sfcdebug.obj
 0001:00031740       _sf_debug_runtime_error_msgid 10032740 f   sfc_debugmsvc80:sfcdebug.obj
 0001:000317d0       _sf_debug_data_array_bounds_error_check 100327d0 f   sfc_debugmsvc80:sfcdebug.obj
 0001:00031830       _sf_debug_eml_data_array_bounds_error_check 10032830 f   sfc_debugmsvc80:sfcdebug.obj
 0001:00031b20       _sf_debug_integer_check    10032b20 f   sfc_debugmsvc80:sfcdebug.obj
 0001:00031ba0       _sf_debug_not_nan_check    10032ba0 f   sfc_debugmsvc80:sfcdebug.obj
 0001:00031bf0       _sf_debug_non_negative_check 10032bf0 f   sfc_debugmsvc80:sfcdebug.obj
 0001:00031c50       _sf_debug_overflow_detection 10032c50 f   sfc_debugmsvc80:sfcdebug.obj
 0001:00032170       _sf_debug_cast_to_real32_T 10033170 f   sfc_debugmsvc80:sfcdebug.obj
 0001:000321d0       _sf_debug_cast_to_int8_T   100331d0 f   sfc_debugmsvc80:sfcdebug.obj
 0001:00032250       _sf_debug_cast_to_uint8_T  10033250 f   sfc_debugmsvc80:sfcdebug.obj
 0001:000322e0       _sf_debug_cast_to_int16_T  100332e0 f   sfc_debugmsvc80:sfcdebug.obj
 0001:00032360       _sf_debug_cast_to_uint16_T 10033360 f   sfc_debugmsvc80:sfcdebug.obj
 0001:000323f0       _sf_debug_cast_to_int32_T  100333f0 f   sfc_debugmsvc80:sfcdebug.obj
 0001:00032460       _sf_debug_cast_to_uint32_T 10033460 f   sfc_debugmsvc80:sfcdebug.obj
 0001:000324f0       _sf_debug_data_range_error 100334f0 f   sfc_debugmsvc80:sfcdebug.obj
 0001:00032860       _sf_debug_data_range_error_wrapper_min_max 10033860 f   sfc_debugmsvc80:sfcdebug.obj
 0001:000328d0       _sf_debug_data_range_error_wrapper_min 100338d0 f   sfc_debugmsvc80:sfcdebug.obj
 0001:00032930       _sf_debug_data_range_error_wrapper_max 10033930 f   sfc_debugmsvc80:sfcdebug.obj
 0001:00032990       _sf_debug_data_range_wrapper 10033990 f   sfc_debugmsvc80:sfcdebug.obj
 0001:000329e0       _sf_debug_set_current_status_info 100339e0 f   sfc_debugmsvc80:sfcdebug.obj
 0001:00032d40       _sf_debug_call             10033d40 f   sfc_debugmsvc80:sfcdebug.obj
 0001:00033730       _sf_debug_initialize_machine 10034730 f   sfc_debugmsvc80:sfcdebug.obj
 0001:000339d0       _sf_debug_initialize_chart 100349d0 f   sfc_debugmsvc80:sfcdebug.obj
 0001:00033d30       _sf_debug_ensure_script    10034d30 f   sfc_debugmsvc80:sfcdebug.obj
 0001:00033de0       _cv_script_init_script     10034de0 f   sfc_debugmsvc80:sfcdebug.obj
 0001:00033e40       _cv_script_init_fcn        10034e40 f   sfc_debugmsvc80:sfcdebug.obj
 0001:00033e90       _cv_script_init_testobjective 10034e90 f   sfc_debugmsvc80:sfcdebug.obj
 0001:00033ee0       _cv_script_init_if         10034ee0 f   sfc_debugmsvc80:sfcdebug.obj
 0001:00033f30       _cv_script_init_for        10034f30 f   sfc_debugmsvc80:sfcdebug.obj
 0001:00033f80       _cv_script_init_while      10034f80 f   sfc_debugmsvc80:sfcdebug.obj
 0001:00033fd0       _cv_script_init_mcdc       10034fd0 f   sfc_debugmsvc80:sfcdebug.obj
 0001:00034030       _cv_script_init_switch     10035030 f   sfc_debugmsvc80:sfcdebug.obj
 0001:00034090       _cv_script_eval            10035090 f   sfc_debugmsvc80:sfcdebug.obj
 0001:000340f0       _eml_debug_line_call       100350f0 f   sfc_debugmsvc80:sfcdebug.obj
 0001:000341f0       _sf_debug_terminate        100351f0 f   sfc_debugmsvc80:sfcdebug.obj
 0001:00034320       _sf_debug_set_script_cv_ids 10035320 f   sfc_debugmsvc80:sfcdebug.obj
 0001:00034430       _sf_debug_api              10035430 f   sfc_debugmsvc80:sfc_api.obj
 0001:00035de0       _sf_debug_sm_terminate     10036de0 f   sfc_debugmsvc80:sfdb_animation.obj
 0001:00035f50       _sf_debug_reset_path_objects 10036f50 f   sfc_debugmsvc80:sfdb_animation.obj
 0001:00035fc0       _sf_debug_sm_reset_object_selection_status 10036fc0 f   sfc_debugmsvc80:sfdb_animation.obj
 0001:00036060       _sf_debug_sm_reset_state_buffer 10037060 f   sfc_debugmsvc80:sfdb_animation.obj
 0001:00036120       _sf_debug_sm_store_state_buffer 10037120 f   sfc_debugmsvc80:sfdb_animation.obj
 0001:000361a0       _sf_debug_sm_restore_state_buffer1 100371a0 f   sfc_debugmsvc80:sfdb_animation.obj
 0001:00036200       _sf_debug_sm_restore_state_buffer2 10037200 f   sfc_debugmsvc80:sfdb_animation.obj
 0001:00036260       _sf_debug_sm_chart_active  10037260 f   sfc_debugmsvc80:sfdb_animation.obj
 0001:000362b0       _sf_debug_sm_select_active_objects 100372b0 f   sfc_debugmsvc80:sfdb_animation.obj
 0001:00036630       _sf_debug_sm_is_chart_active 10037630 f   sfc_debugmsvc80:sfdb_animation.obj
 0001:00036670       _sf_debug_sm_is_state_active 10037670 f   sfc_debugmsvc80:sfdb_animation.obj
 0001:00036820       _sf_debug_sm_get_active_states 10037820 f   sfc_debugmsvc80:sfdb_animation.obj
 0001:00036c50       _sf_debug_sm_initialize_instance 10037c50 f   sfc_debugmsvc80:sfdb_animation.obj
 0001:00036e70       _sf_debug_sm_change_object_selection_status 10037e70 f   sfc_debugmsvc80:sfdb_animation.obj
 0001:00037060       _cv_create_interface       10038060 f   sfc_debugmsvc80:cv_sfinterface.obj
 0001:00037370       _cv_init_trans             10038370 f   sfc_debugmsvc80:cv_sfinterface.obj
 0001:000373c0       _cv_init_state             100383c0 f   sfc_debugmsvc80:cv_sfinterface.obj
 0001:00037420       _cv_init_chart             10038420 f   sfc_debugmsvc80:cv_sfinterface.obj
 0001:00037470       _cv_dec_update_call        10038470 f   sfc_debugmsvc80:cv_sfinterface.obj
 0001:000374b0       _cv_cond_update_call       100384b0 f   sfc_debugmsvc80:cv_sfinterface.obj
 0001:000374f0       _cv_sigrange_update        100384f0 f   sfc_debugmsvc80:cv_sfinterface.obj
 0001:00037540       _cvsf_eml_eval             10038540 f   sfc_debugmsvc80:cv_sfinterface.obj
 0001:00037620       _cvsf_eml_init_script      10038620 f   sfc_debugmsvc80:cv_sfinterface.obj
 0001:00037680       _cvsf_eml_init_fcn         10038680 f   sfc_debugmsvc80:cv_sfinterface.obj
 0001:000376e0       _cvsf_eml_init_testobjective 100386e0 f   sfc_debugmsvc80:cv_sfinterface.obj
 0001:00037740       _cvsf_eml_init_if          10038740 f   sfc_debugmsvc80:cv_sfinterface.obj
 0001:000377a0       _cvsf_eml_init_for         100387a0 f   sfc_debugmsvc80:cv_sfinterface.obj
 0001:00037800       _cvsf_eml_init_while       10038800 f   sfc_debugmsvc80:cv_sfinterface.obj
 0001:00037860       _cvsf_eml_init_mcdc        10038860 f   sfc_debugmsvc80:cv_sfinterface.obj
 0001:000378d0       _cvsf_eml_init_switch      100388d0 f   sfc_debugmsvc80:cv_sfinterface.obj
 0001:00037930       _cvsf_script_eval          10038930 f   sfc_debugmsvc80:cv_sfinterface.obj
 0001:00037a10       _cvsf_script_init_script   10038a10 f   sfc_debugmsvc80:cv_sfinterface.obj
 0001:00037a70       _cvsf_script_init_fcn      10038a70 f   sfc_debugmsvc80:cv_sfinterface.obj
 0001:00037ad0       _cvsf_script_init_testobjective 10038ad0 f   sfc_debugmsvc80:cv_sfinterface.obj
 0001:00037b30       _cvsf_script_init_if       10038b30 f   sfc_debugmsvc80:cv_sfinterface.obj
 0001:00037b90       _cvsf_script_init_for      10038b90 f   sfc_debugmsvc80:cv_sfinterface.obj
 0001:00037be0       _cvsf_script_init_while    10038be0 f   sfc_debugmsvc80:cv_sfinterface.obj
 0001:00037c30       _cvsf_script_init_mcdc     10038c30 f   sfc_debugmsvc80:cv_sfinterface.obj
 0001:00037ca0       _cvsf_script_init_switch   10038ca0 f   sfc_debugmsvc80:cv_sfinterface.obj
 0001:00037d00       _cv_destroy_interface      10038d00 f   sfc_debugmsvc80:cv_sfinterface.obj
 0001:00037d20       _cv_create_instance_objects 10038d20 f   sfc_debugmsvc80:cv_sfinterface.obj
 0001:00038060       _cv_is_enabled             10039060 f   sfc_debugmsvc80:cv_sfinterface.obj
 0001:00038070       _sf_debug_cv_initialize_script 10039070 f   sfc_debugmsvc80:cv_sfinterface.obj
 0001:00038200       _sf_debug_cv_initialize_instance 10039200 f   sfc_debugmsvc80:cv_sfinterface.obj
 0001:00038500       _sf_debug_cv_terminate_chart 10039500 f   sfc_debugmsvc80:cv_sfinterface.obj
 0001:000385f0       _cv_call_trans_test        100395f0 f   sfc_debugmsvc80:cv_sfinterface.obj
 0001:00038600       _cv_call_sub_cond_test     10039600 f   sfc_debugmsvc80:cv_sfinterface.obj
 0001:00038710       _sf_debug_hm_initialize_instance 10039710 f   sfc_debugmsvc80:sfdb_handle_management.obj
 0001:00038bf0       _sf_debug_hm_get_object_id 10039bf0 f   sfc_debugmsvc80:sfdb_handle_management.obj
 0001:0003a6a0       _sf_debug_object_is_eml_function 1003b6a0 f   sfc_debugmsvc80:sfdb_handle_management.obj
 0001:0003a700       _sf_debug_hm_initialize_ids_in_machine 1003b700 f   sfc_debugmsvc80:sfdb_handle_management.obj
 0001:0003a850       _sf_debug_hm_initialize_ids_in_chart 1003b850 f   sfc_debugmsvc80:sfdb_handle_management.obj
 0001:0003a970       _sf_debug_hm_initialize_chart 1003b970 f   sfc_debugmsvc80:sfdb_handle_management.obj
 0001:0003b020       _sf_debug_hm_terminate     1003c020 f   sfc_debugmsvc80:sfdb_handle_management.obj
 0001:0003b080       _sf_debug_hm_initialize_machine 1003c080 f   sfc_debugmsvc80:sfdb_handle_management.obj
 0001:0003b740       _sf_debug_st_initialize_machine 1003c740 f   sfc_debugmsvc80:sfdb_data_browse.obj
 0001:0003b7f0       _sf_debug_st_initialize_instance 1003c7f0 f   sfc_debugmsvc80:sfdb_data_browse.obj
 0001:0003b9b0       _sf_debug_st_terminate     1003c9b0 f   sfc_debugmsvc80:sfdb_data_browse.obj
 0001:0003bb10       _sf_debug_st_set_data_value_ptr_in_machine 1003cb10 f   sfc_debugmsvc80:sfdb_data_browse.obj
 0001:0003bb80       _sf_debug_st_set_data_value_ptr_in_instance 1003cb80 f   sfc_debugmsvc80:sfdb_data_browse.obj
 0001:0003bc30       _sf_debug_st_unset_data_value_ptr_in_machine 1003cc30 f   sfc_debugmsvc80:sfdb_data_browse.obj
 0001:0003bc90       _sf_debug_st_unset_data_value_ptr_in_instance 1003cc90 f   sfc_debugmsvc80:sfdb_data_browse.obj
 0001:0003bfa0       _sf_debug_mx_value         1003cfa0 f   sfc_debugmsvc80:sfdb_data_browse.obj
 0001:0003bff0       _sf_debug_mx_packed_vector 1003cff0 f   sfc_debugmsvc80:sfdb_data_browse.obj
 0001:0003c090       _sf_debug_mx_uint_vector   1003d090 f   sfc_debugmsvc80:sfdb_data_browse.obj
 0001:0003c110       _sf_debug_st_get_double_value_from_void_ptr_vector 1003d110 f   sfc_debugmsvc80:sfdb_data_browse.obj
 0001:0003c910       _sf_debug_st_browse_data   1003d910 f   sfc_debugmsvc80:sfdb_data_browse.obj
 0001:0003cf10       _sf_debug_ss_initialize    1003df10 f   sfc_debugmsvc80:sfdb_symbol_scope.obj
 0001:0003cf30       _sf_debug_ss_terminate     1003df30 f   sfc_debugmsvc80:sfdb_symbol_scope.obj
 0001:0003cfb0       _sf_debug_ss_push_symbol_scope 1003dfb0 f   sfc_debugmsvc80:sfdb_symbol_scope.obj
 0001:0003d070       _sf_debug_ss_push_symbol_scope_eml 1003e070 f   sfc_debugmsvc80:sfdb_symbol_scope.obj
 0001:0003d0c0       _sf_debug_ss_pop_symbol_scope 1003e0c0 f   sfc_debugmsvc80:sfdb_symbol_scope.obj
 0001:0003d160       _sf_debug_ss_add_symbol    1003e160 f   sfc_debugmsvc80:sfdb_symbol_scope.obj
 0001:0003d250       _sf_debug_ss_add_symbol_eml 1003e250 f   sfc_debugmsvc80:sfdb_symbol_scope.obj
 0001:0003db70       _sf_debug_ss_set_data_value 1003eb70 f   sfc_debugmsvc80:sfdb_symbol_scope.obj
 0001:0003deb0       _sf_debug_ss_watch_data    1003eeb0 f   sfc_debugmsvc80:sfdb_symbol_scope.obj
 0001:0003df30       _sf_debug_ss_assign_data   1003ef30 f   sfc_debugmsvc80:sfdb_symbol_scope.obj
 0001:0003e7e0       _get_data_entry_name       1003f7e0 f   sfc_debugmsvc80:sfdb_symbol_scope.obj
 0001:0003e830       _sf_debug_ss_whos          1003f830 f   sfc_debugmsvc80:sfdb_symbol_scope.obj
 0001:0003ecd0       _sf_debug_cc_initialize_chart 1003fcd0 f   sfc_debugmsvc80:sfdb_coverage.obj
 0001:0003f6a0       _sf_debug_cc_initialize_instance 100406a0 f   sfc_debugmsvc80:sfdb_coverage.obj
 0001:000402b0       _sf_debug_cc_terminate     100412b0 f   sfc_debugmsvc80:sfdb_coverage.obj
 0001:00040380       _sf_debug_cc_set_transition_maps 10041380 f   sfc_debugmsvc80:sfdb_coverage.obj
 0001:00040480       _sf_debug_cc_set_state_maps 10041480 f   sfc_debugmsvc80:sfdb_coverage.obj
 0001:00040550       _sf_debug_cc_set_transition_weights 10041550 f   sfc_debugmsvc80:sfdb_coverage.obj
 0001:00040770       _sf_debug_cc_set_state_weights 10041770 f   sfc_debugmsvc80:sfdb_coverage.obj
 0001:000409b0       _sf_debug_cc_mark_transition_guard 100419b0 f   sfc_debugmsvc80:sfdb_coverage.obj
 0001:00040a30       _sf_debug_cc_mark_transition_trigger 10041a30 f   sfc_debugmsvc80:sfdb_coverage.obj
 0001:00040ab0       _sf_debug_cc_mark_transition_decision 10041ab0 f   sfc_debugmsvc80:sfdb_coverage.obj
 0001:00040b10       _sf_debug_cc_mark_transition_condition_action 10041b10 f   sfc_debugmsvc80:sfdb_coverage.obj
 0001:00040b60       _sf_debug_cc_mark_transition_transition_action 10041b60 f   sfc_debugmsvc80:sfdb_coverage.obj
 0001:00040bb0       _sf_debug_cc_mark_state_entry 10041bb0 f   sfc_debugmsvc80:sfdb_coverage.obj
 0001:00040c00       _sf_debug_cc_mark_state_during 10041c00 f   sfc_debugmsvc80:sfdb_coverage.obj
 0001:00040c50       _sf_debug_cc_mark_state_exit 10041c50 f   sfc_debugmsvc80:sfdb_coverage.obj
 0001:00041270       _sf_debug_cc_get_coverage  10042270 f   sfc_debugmsvc80:sfdb_coverage.obj
 0001:000416e0       _sf_debug_bm_clear_script_breakpoints 100426e0 f   sfc_debugmsvc80:sfdb_breakpoints.obj
 0001:00041720       _sf_debug_bm_set_script_breakpoint 10042720 f   sfc_debugmsvc80:sfdb_breakpoints.obj
 0001:00041790       _sf_debug_bm_clear_single_script_breakpoint 10042790 f   sfc_debugmsvc80:sfdb_breakpoints.obj
 0001:00041800       _sf_debug_bm_query_script_breakpoint 10042800 f   sfc_debugmsvc80:sfdb_breakpoints.obj
 0001:00041850       _sf_debug_bm_initialize_scripts 10042850 f   sfc_debugmsvc80:sfdb_breakpoints.obj
 0001:00041df0       _sf_debug_bm_terminate     10042df0 f   sfc_debugmsvc80:sfdb_breakpoints.obj
 0001:000420b0       _sf_debug_bm_remove_all_breakpoints_in_machine 100430b0 f   sfc_debugmsvc80:sfdb_breakpoints.obj
 0001:00042100       _sf_debug_bm_remove_all_breakpoints_in_chart 10043100 f   sfc_debugmsvc80:sfdb_breakpoints.obj
 0001:00042230       _sf_debug_bm_initialize_global_breakpoints 10043230 f   sfc_debugmsvc80:sfdb_breakpoints.obj
 0001:000423e0       _sf_debug_bm_set_breakpoint 100433e0 f   sfc_debugmsvc80:sfdb_breakpoints.obj
 0001:00042940       _sf_debug_bm_set_eml_breakpoint 10043940 f   sfc_debugmsvc80:sfdb_breakpoints.obj
 0001:000429c0       _sf_debug_bm_initialize_machine_breakpoint_map 100439c0 f   sfc_debugmsvc80:sfdb_breakpoints.obj
 0001:00042d60       _sf_debug_bm_is_a_breakpoint 10043d60 f   sfc_debugmsvc80:sfdb_breakpoints.obj
 0001:00043180       _sf_debug_bm_get_all_breakpoints_in_machine 10044180 f   sfc_debugmsvc80:sfdb_breakpoints.obj
 0001:00043420       _sf_debug_bm_get_all_breakpoints_in_chart 10044420 f   sfc_debugmsvc80:sfdb_breakpoints.obj
 0001:00043e50       _sf_debug_bm_initialize_machine 10044e50 f   sfc_debugmsvc80:sfdb_breakpoints.obj
 0001:00043ef0       _sf_debug_bm_initialize_chart 10044ef0 f   sfc_debugmsvc80:sfdb_breakpoints.obj
 0001:00044280       _sf_debug_sc_terminate     10045280 f   sfc_debugmsvc80:sfdb_state_consistency.obj
 0001:00044500       _sf_debug_sc_is_chart_consistent 10045500 f   sfc_debugmsvc80:sfdb_state_consistency.obj
 0001:000446e0       _sf_debug_sc_get_consistency_error_info 100456e0 f   sfc_debugmsvc80:sfdb_state_consistency.obj
 0001:00044a40       _sf_debug_tm_terminate     10045a40 f   sfc_debugmsvc80:sfdb_call_stack.obj
 0001:00044ae0       _sf_debug_tm_push_chart_instance 10045ae0 f   sfc_debugmsvc80:sfdb_call_stack.obj
 0001:00044c10       _sf_debug_tm_pop_chart_instance 10045c10 f   sfc_debugmsvc80:sfdb_call_stack.obj
 0001:00044c70       _sf_debug_tm_push_trace_node 10045c70 f   sfc_debugmsvc80:sfdb_call_stack.obj
 0001:00044d80       _sf_debug_tm_pop_trace_node 10045d80 f   sfc_debugmsvc80:sfdb_call_stack.obj
 0001:00044e00       _sf_debug_tm_get_current_global_trace_index 10045e00 f   sfc_debugmsvc80:sfdb_call_stack.obj
 0001:00044e20       _sf_debug_tm_get_current_local_trace_index 10045e20 f   sfc_debugmsvc80:sfdb_call_stack.obj
 0001:00044e50       _sf_debug_tm_set_cycle_detected_flag 10045e50 f   sfc_debugmsvc80:sfdb_call_stack.obj
 0001:00044ea0       _sf_debug_tm_set_cycle_started_flag 10045ea0 f   sfc_debugmsvc80:sfdb_call_stack.obj
 0001:00044ef0       _sf_debug_tm_get_chart_number_from_stack 10045ef0 f   sfc_debugmsvc80:sfdb_call_stack.obj
 0001:00045090       _sf_debug_tm_browse_trace  10046090 f   sfc_debugmsvc80:sfdb_call_stack.obj
 0001:00045300       _sf_debug_cd_initialize_instance 10046300 f   sfc_debugmsvc80:sfdb_cycle_detection.obj
 0001:00045530       _sf_debug_cd_mark_processed_transition_in_instance 10046530 f   sfc_debugmsvc80:sfdb_cycle_detection.obj
 0001:000455b0       _sf_debug_cd_checksum_push 100465b0 f   sfc_debugmsvc80:sfdb_cycle_detection.obj
 0001:000458b0       _sf_debug_cd_checksum_pop  100468b0 f   sfc_debugmsvc80:sfdb_cycle_detection.obj
 0001:00045910       _sf_debug_cd_turn_off_cycle_detection 10046910 f   sfc_debugmsvc80:sfdb_cycle_detection.obj
 0001:00045960       _sf_debug_cd_terminate     10046960 f   sfc_debugmsvc80:sfdb_cycle_detection.obj
 0001:00045b30       _md5_initialize_state      10046b30 f   sfc_debugmsvc80:ckmd5.obj
 0001:000463c0       _md5_update_state          100473c0 f   sfc_debugmsvc80:ckmd5.obj
 0001:000463e0       _md5_get_hash              100473e0 f   sfc_debugmsvc80:ckmd5.obj
 0001:00046400       _md5_get_hash_for_a_single_string 10047400 f   sfc_debugmsvc80:ckmd5.obj
 0001:0004646a       _mxGetPr                   1004746a f   libmx:libmx.dll
 0001:00046470       _mxCreateDoubleScalar      10047470 f   libmx:libmx.dll
 0001:00046476       _mxSetField_730            10047476 f   libmx:libmx.dll
 0001:0004647c       _mxCreateDoubleMatrix_730  1004747c f   libmx:libmx.dll
 0001:00046482       _mxCreateStructMatrix_730  10047482 f   libmx:libmx.dll
 0001:00046488       _mxDestroyArray            10047488 f   libmx:libmx.dll
 0001:0004648e       _mxCreateString            1004748e f   libmx:libmx.dll
 0001:00046494       _mxDuplicateArray          10047494 f   libmx:libmx.dll
 0001:0004649a       _mxGetString_730           1004749a f   libmx:libmx.dll
 0001:000464a0       _mxIsChar                  100474a0 f   libmx:libmx.dll
 0001:000464a6       _mxGetClassID              100474a6 f   libmx:libmx.dll
 0001:000464ac       _mxIsNumeric               100474ac f   libmx:libmx.dll
 0001:000464b2       _mxIsComplex               100474b2 f   libmx:libmx.dll
 0001:000464b8       _mxGetN                    100474b8 f   libmx:libmx.dll
 0001:000464be       _mxGetM                    100474be f   libmx:libmx.dll
 0001:000464c4       _mxCalloc                  100474c4 f   libmx:libmx.dll
 0001:000464ca       _mxGetScalar               100474ca f   libmx:libmx.dll
 0001:000464d0       _mxIsLogical               100474d0 f   libmx:libmx.dll
 0001:000464d6       _mxCreateDoubleMatrix_700  100474d6 f   libmx:libmx.dll
 0001:000464dc       _mxFree                    100474dc f   libmx:libmx.dll
 0001:000464e2       _mxArrayToString           100474e2 f   libmx:libmx.dll
 0001:000464e8       _mxCreateCellMatrix_700    100474e8 f   libmx:libmx.dll
 0001:000464ee       _mxSetCell_700             100474ee f   libmx:libmx.dll
 0001:000464f4       _mxGetCell_700             100474f4 f   libmx:libmx.dll
 0001:000464fa       _mxGetClassName            100474fa f   libmx:libmx.dll
 0001:00046500       _mxSetField_700            10047500 f   libmx:libmx.dll
 0001:00046506       _mxAddField                10047506 f   libmx:libmx.dll
 0001:0004650c       _mxGetField_700            1004750c f   libmx:libmx.dll
 0001:00046512       _mxGetNumberOfElements     10047512 f   libmx:libmx.dll
 0001:00046518       _mxIsStruct                10047518 f   libmx:libmx.dll
 0001:0004651e       _mxIsClass                 1004751e f   libmx:libmx.dll
 0001:00046524       _mxGetLogicals             10047524 f   libmx:libmx.dll
 0001:0004652a       _mxIsSparse                1004752a f   libmx:libmx.dll
 0001:00046530       _mxSetFieldByNumber_700    10047530 f   libmx:libmx.dll
 0001:00046536       _mxGetFieldByNumber_700    10047536 f   libmx:libmx.dll
 0001:0004653c       _mxGetFieldNameByNumber    1004753c f   libmx:libmx.dll
 0001:00046542       _mxGetNumberOfFields       10047542 f   libmx:libmx.dll
 0001:00046548       _mxCreateStructMatrix_700  10047548 f   libmx:libmx.dll
 0001:0004654e       _mxGetFieldNumber          1004754e f   libmx:libmx.dll
 0001:00046554       _mxIsNaN                   10047554 f   libmx:libmx.dll
 0001:0004655a       _mxIsEmpty                 1004755a f   libmx:libmx.dll
 0001:00046560       _mxGetData                 10047560 f   libmx:libmx.dll
 0001:00046566       _mxGetImagData             10047566 f   libmx:libmx.dll
 0001:0004656c       _mxArrayClassIDName        1004756c f   libmx:libmx.dll
 0001:00046572       _mxCreateNumericMatrix_700 10047572 f   libmx:libmx.dll
 0001:00046578       _mxCreateStructArray_700   10047578 f   libmx:libmx.dll
 0001:0004657e       _mxCalcSingleSubscript_700 1004757e f   libmx:libmx.dll
 0001:00046584       _mxGetDimensions_700       10047584 f   libmx:libmx.dll
 0001:0004658a       _mxGetNumberOfDimensions_700 1004758a f   libmx:libmx.dll
 0001:00046590       _mxCreateNumericArray_700  10047590 f   libmx:libmx.dll
 0001:00046596       _mxGetElementSize          10047596 f   libmx:libmx.dll
 0001:0004659c       _mxCreateStringFromNChars_700 1004759c f   libmx:libmx.dll
 0001:000465a2       _mxGetString_700           100475a2 f   libmx:libmx.dll
 0001:000465a8       _mxIsLogicalScalarTrue     100475a8 f   libmx:libmx.dll
 0001:000465ae       _mxCreateLogicalScalar     100475ae f   libmx:libmx.dll
 0001:000465b4       _mexUnlock                 100475b4 f   libmex:libmex.dll
 0001:000465ba       _mexIsLocked               100475ba f   libmex:libmex.dll
 0001:000465c0       _mexWarnMsgTxt             100475c0 f   libmex:libmex.dll
 0001:000465c6       _mexCallMATLAB             100475c6 f   libmex:libmex.dll
 0001:000465cc       _mexErrMsgTxt              100475cc f   libmex:libmex.dll
 0001:000465d2       _mexSetTrapFlag            100475d2 f   libmex:libmex.dll
 0001:000465d8       _mexMakeArrayPersistent    100475d8 f   libmex:libmex.dll
 0001:000465de       _mexPutVariable            100475de f   libmex:libmex.dll
 0001:000465e4       _mexGetVariable            100475e4 f   libmex:libmex.dll
 0001:000465ea       _mexLock                   100475ea f   libmex:libmex.dll
 0001:000465f0       _mexMakeMemoryPersistent   100475f0 f   libmex:libmex.dll
 0001:000465f6       _mexFunctionName           100475f6 f   libmex:libmex.dll
 0001:000465fc       _ssRegisterDataTypeFxpFSlopeFixExpBias 100475fc f   libfixedpoint:libfixedpoint.dll
 0001:00046602       _utVSNprintf               10047602 f   libut:libut.dll
 0001:00046608       _utCPUtime                 10047608 f   libut:libut.dll
 0001:0004660e       _utFree                    1004760e f   libut:libut.dll
 0001:00046614       _utMalloc                  10047614 f   libut:libut.dll
 0001:0004661a       _muDoubleScalarSin         1004761a f   libmwmathutil:libmwmathutil.dll
 0001:00046620       _muDoubleScalarCos         10047620 f   libmwmathutil:libmwmathutil.dll
 0001:00046626       _muDoubleScalarAtan        10047626 f   libmwmathutil:libmwmathutil.dll
 0001:0004662c       _muDoubleScalarSqrt        1004762c f   libmwmathutil:libmwmathutil.dll
 0001:00046632       _muDoubleScalarAbs         10047632 f   libmwmathutil:libmwmathutil.dll
 0001:00046638       _muDoubleScalarPower       10047638 f   libmwmathutil:libmwmathutil.dll
 0001:0004663e       _emlrtCheckBuiltInCtxR2011a 1004763e f   libemlrt:libemlrt.dll
 0001:00046644       _emlrtCheckVsBuiltInCtxR2011a 10047644 f   libemlrt:libemlrt.dll
 0001:0004664a       _emlrtCheckEnumR2009a      1004764a f   libemlrt:libemlrt.dll
 0001:00046650       _emlrtCreateEnumR2010a     10047650 f   libemlrt:libemlrt.dll
 0001:00046656       _emlrtGetEnumElementR2009a 10047656 f   libemlrt:libemlrt.dll
 0001:0004665c       _emlrtCreateReference      1004765c f   libemlrt:libemlrt.dll
 0001:00046662       _emlrtImportVsFiArrayR2009b 10047662 f   libemlrt:libemlrt.dll
 0001:00046668       _emlrtExtractMessageId     10047668 f   libemlrt:libemlrt.dll
 0001:0004666e       _emlrtTranslateMessageIDtoLCPstring 1004766e f   libemlrt:libemlrt.dll
 0001:00046674       _emlrtGetEnumUnderlyingArrayR2009a 10047674 f   libemlrt:libemlrt.dll
 0001:0004667a       _emlrtIsEnumR2009a         1004767a f   libemlrt:libemlrt.dll
 0001:00046680       _strlen                    10047680 f   MSVCRT:MSVCR100.dll
 0001:00046686       @__security_check_cookie@4 10047686 f   MSVCRT:secchk.obj
 0001:000466a0       _memset                    100476a0 f   MSVCRT:MSVCR100.dll
 0001:000466a6       _malloc                    100476a6 f   MSVCRT:MSVCR100.dll
 0001:000466ac       _free                      100476ac f   MSVCRT:MSVCR100.dll
 0001:000466b2       _strcmp                    100476b2 f   MSVCRT:MSVCR100.dll
 0001:000466b8       _sprintf                   100476b8 f   MSVCRT:MSVCR100.dll
 0001:000466be       _strcat                    100476be f   MSVCRT:MSVCR100.dll
 0001:000466d0       __ftol2_sse                100476d0 f   MSVCRT:ftol2.obj
 0001:000466d9       __ftol2_pentium4           100476d9 f   MSVCRT:ftol2.obj
 0001:000466ec       __ftol2_sse_excpt          100476ec f   MSVCRT:ftol2.obj
 0001:00046706       __ftol2                    10047706 f   MSVCRT:ftol2.obj
 0001:0004677c       _memcpy                    1004777c f   MSVCRT:MSVCR100.dll
 0001:00046782       _NtCurrentTeb              10047782 f i MSVCRT:crtdll.obj
 0001:000467d7       __CRT_INIT@12              100477d7 f   MSVCRT:crtdll.obj
 0001:00046af7       __DllMainCRTStartup@12     10047af7 f   MSVCRT:crtdll.obj
 0001:00046b1a       _strncpy                   10047b1a f   MSVCRT:MSVCR100.dll
 0001:00046b20       __alloca_probe             10047b20     MSVCRT:chkstk.obj
 0001:00046b20       __chkstk                   10047b20 f   MSVCRT:chkstk.obj
 0001:00046b4c       _longjmp                   10047b4c f   MSVCRT:MSVCR100.dll
 0001:00046b52       _strncmp                   10047b52 f   MSVCRT:MSVCR100.dll
 0001:00046b58       _ceil                      10047b58 f   MSVCRT:MSVCR100.dll
 0001:00046b5e       _strrchr                   10047b5e f   MSVCRT:MSVCR100.dll
 0001:00046b64       __setjmp3                  10047b64 f   MSVCRT:MSVCR100.dll
 0001:00046b6a       _calloc                    10047b6a f   MSVCRT:MSVCR100.dll
 0001:00046b70       _realloc                   10047b70 f   MSVCRT:MSVCR100.dll
 0001:00046b76       _ldexp                     10047b76 f   MSVCRT:MSVCR100.dll
 0001:00046b7c       ___report_gsfailure        10047b7c f   MSVCRT:gs_report.obj
 0001:00046c82       ___sse2_available_init     10047c82 f   MSVCRT:cpu_disp.obj
 0001:00046c92       ___clean_type_info_names   10047c92 f   MSVCRT:tncleanup.obj
 0001:00046c9e       __onexit                   10047c9e f   MSVCRT:atonexit.obj
 0001:00046d3f       _atexit                    10047d3f f   MSVCRT:atonexit.obj
 0001:00046d56       __RTC_Initialize           10047d56 f   MSVCRT:_initsect_.obj
 0001:00046d7c       __RTC_Terminate            10047d7c f   MSVCRT:_initsect_.obj
 0001:00046da2       __malloc_crt               10047da2 f   MSVCRT:MSVCR100.dll
 0001:00046da8       __encoded_null             10047da8 f   MSVCRT:MSVCR100.dll
 0001:00046db0       __ValidateImageBase        10047db0 f   MSVCRT:pesect.obj
 0001:00046df0       __FindPESection            10047df0 f   MSVCRT:pesect.obj
 0001:00046e40       __IsNonwritableInCurrentImage 10047e40 f   MSVCRT:pesect.obj
 0001:00046efc       __initterm                 10047efc f   MSVCRT:MSVCR100.dll
 0001:00046f02       __initterm_e               10047f02 f   MSVCRT:MSVCR100.dll
 0001:00046f08       __amsg_exit                10047f08 f   MSVCRT:MSVCR100.dll
 0001:00046f0e       ___CppXcptFilter           10047f0e f   MSVCRT:MSVCR100.dll
 0001:00046f14       _DllMain@12                10047f14 f   MSVCRT:dllmain.obj
 0001:00046f40       __SEH_prolog4              10047f40 f   MSVCRT:sehprolg4.obj
 0001:00046f85       __SEH_epilog4              10047f85 f   MSVCRT:sehprolg4.obj
 0001:00046f99       __except_handler4          10047f99 f   MSVCRT:chandler4gs.obj
 0001:00046fbe       ___security_init_cookie    10047fbe f   MSVCRT:gs_support.obj
 0001:0004705a       __crt_debugger_hook        1004805a f   MSVCRT:MSVCR100.dll
 0001:00047060       ___clean_type_info_names_internal 10048060 f   MSVCRT:MSVCR100.dll
 0001:00047066       __unlock                   10048066 f   MSVCRT:MSVCR100.dll
 0001:0004706c       ___dllonexit               1004806c f   MSVCRT:MSVCR100.dll
 0001:00047072       __lock                     10048072 f   MSVCRT:MSVCR100.dll
 0001:00047078       __except_handler4_common   10048078 f   MSVCRT:MSVCR100.dll
 0001:0004707e       _EncodePointer@4           1004807e f   kernel32:KERNEL32.dll
 0001:00047084       _DecodePointer@4           10048084 f   kernel32:KERNEL32.dll
 0001:0004708a       _InterlockedExchange@8     1004808a f   kernel32:KERNEL32.dll
 0001:00047090       _Sleep@4                   10048090 f   kernel32:KERNEL32.dll
 0001:00047096       _InterlockedCompareExchange@12 10048096 f   kernel32:KERNEL32.dll
 0001:0004709c       _TerminateProcess@8        1004809c f   kernel32:KERNEL32.dll
 0001:000470a2       _GetCurrentProcess@0       100480a2 f   kernel32:KERNEL32.dll
 0001:000470a8       _UnhandledExceptionFilter@4 100480a8 f   kernel32:KERNEL32.dll
 0001:000470ae       _SetUnhandledExceptionFilter@4 100480ae f   kernel32:KERNEL32.dll
 0001:000470b4       _IsDebuggerPresent@0       100480b4 f   kernel32:KERNEL32.dll
 0001:000470ba       _IsProcessorFeaturePresent@4 100480ba f   kernel32:KERNEL32.dll
 0001:000470c0       _DisableThreadLibraryCalls@4 100480c0 f   kernel32:KERNEL32.dll
 0001:000470c6       _QueryPerformanceCounter@4 100480c6 f   kernel32:KERNEL32.dll
 0001:000470cc       _GetTickCount@0            100480cc f   kernel32:KERNEL32.dll
 0001:000470d2       _GetCurrentThreadId@0      100480d2 f   kernel32:KERNEL32.dll
 0001:000470d8       _GetCurrentProcessId@0     100480d8 f   kernel32:KERNEL32.dll
 0001:000470de       _GetSystemTimeAsFileTime@4 100480de f   kernel32:KERNEL32.dll
 0002:00000000       __imp__DisableThreadLibraryCalls@4 10049000     kernel32:KERNEL32.dll
 0002:00000004       __imp__IsProcessorFeaturePresent@4 10049004     kernel32:KERNEL32.dll
 0002:00000008       __imp__IsDebuggerPresent@0 10049008     kernel32:KERNEL32.dll
 0002:0000000c       __imp__SetUnhandledExceptionFilter@4 1004900c     kernel32:KERNEL32.dll
 0002:00000010       __imp__UnhandledExceptionFilter@4 10049010     kernel32:KERNEL32.dll
 0002:00000014       __imp__GetCurrentProcess@0 10049014     kernel32:KERNEL32.dll
 0002:00000018       __imp__TerminateProcess@8  10049018     kernel32:KERNEL32.dll
 0002:0000001c       __imp__InterlockedCompareExchange@12 1004901c     kernel32:KERNEL32.dll
 0002:00000020       __imp__Sleep@4             10049020     kernel32:KERNEL32.dll
 0002:00000024       __imp__InterlockedExchange@8 10049024     kernel32:KERNEL32.dll
 0002:00000028       __imp__DecodePointer@4     10049028     kernel32:KERNEL32.dll
 0002:0000002c       __imp__EncodePointer@4     1004902c     kernel32:KERNEL32.dll
 0002:00000030       __imp__GetTickCount@0      10049030     kernel32:KERNEL32.dll
 0002:00000034       __imp__GetCurrentThreadId@0 10049034     kernel32:KERNEL32.dll
 0002:00000038       __imp__GetCurrentProcessId@0 10049038     kernel32:KERNEL32.dll
 0002:0000003c       __imp__GetSystemTimeAsFileTime@4 1004903c     kernel32:KERNEL32.dll
 0002:00000040       __imp__QueryPerformanceCounter@4 10049040     kernel32:KERNEL32.dll
 0002:00000044       \177KERNEL32_NULL_THUNK_DATA 10049044     kernel32:KERNEL32.dll
 0002:00000048       __imp__malloc              10049048     MSVCRT:MSVCR100.dll
 0002:0000004c       __imp___except_handler4_common 1004904c     MSVCRT:MSVCR100.dll
 0002:00000050       __imp___onexit             10049050     MSVCRT:MSVCR100.dll
 0002:00000054       __imp___lock               10049054     MSVCRT:MSVCR100.dll
 0002:00000058       __imp____dllonexit         10049058     MSVCRT:MSVCR100.dll
 0002:0000005c       __imp___unlock             1004905c     MSVCRT:MSVCR100.dll
 0002:00000060       __imp____clean_type_info_names_internal 10049060     MSVCRT:MSVCR100.dll
 0002:00000064       __imp___crt_debugger_hook  10049064     MSVCRT:MSVCR100.dll
 0002:00000068       __imp____CppXcptFilter     10049068     MSVCRT:MSVCR100.dll
 0002:0000006c       __imp___amsg_exit          1004906c     MSVCRT:MSVCR100.dll
 0002:00000070       __imp___initterm_e         10049070     MSVCRT:MSVCR100.dll
 0002:00000074       __imp___initterm           10049074     MSVCRT:MSVCR100.dll
 0002:00000078       __imp___encoded_null       10049078     MSVCRT:MSVCR100.dll
 0002:0000007c       __imp___malloc_crt         1004907c     MSVCRT:MSVCR100.dll
 0002:00000080       __imp__ldexp               10049080     MSVCRT:MSVCR100.dll
 0002:00000084       __imp__realloc             10049084     MSVCRT:MSVCR100.dll
 0002:00000088       __imp__calloc              10049088     MSVCRT:MSVCR100.dll
 0002:0000008c       __imp___setjmp3            1004908c     MSVCRT:MSVCR100.dll
 0002:00000090       __imp__strrchr             10049090     MSVCRT:MSVCR100.dll
 0002:00000094       __imp__ceil                10049094     MSVCRT:MSVCR100.dll
 0002:00000098       __imp__strncmp             10049098     MSVCRT:MSVCR100.dll
 0002:0000009c       __imp__longjmp             1004909c     MSVCRT:MSVCR100.dll
 0002:000000a0       __imp__strncpy             100490a0     MSVCRT:MSVCR100.dll
 0002:000000a4       __imp__memcpy              100490a4     MSVCRT:MSVCR100.dll
 0002:000000a8       __imp__strcat              100490a8     MSVCRT:MSVCR100.dll
 0002:000000ac       __imp__sprintf             100490ac     MSVCRT:MSVCR100.dll
 0002:000000b0       __imp__strcmp              100490b0     MSVCRT:MSVCR100.dll
 0002:000000b4       __imp__free                100490b4     MSVCRT:MSVCR100.dll
 0002:000000b8       __imp__memset              100490b8     MSVCRT:MSVCR100.dll
 0002:000000bc       __imp__strlen              100490bc     MSVCRT:MSVCR100.dll
 0002:000000c0       \177MSVCR100_NULL_THUNK_DATA 100490c0     MSVCRT:MSVCR100.dll
 0002:000000c4       __imp__emlrtCheckBuiltInCtxR2011a 100490c4     libemlrt:libemlrt.dll
 0002:000000c8       __imp__emlrtIsEnumR2009a   100490c8     libemlrt:libemlrt.dll
 0002:000000cc       __imp__emlrtGetEnumUnderlyingArrayR2009a 100490cc     libemlrt:libemlrt.dll
 0002:000000d0       __imp__emlrtTranslateMessageIDtoLCPstring 100490d0     libemlrt:libemlrt.dll
 0002:000000d4       __imp__emlrtExtractMessageId 100490d4     libemlrt:libemlrt.dll
 0002:000000d8       __imp__emlrtImportVsFiArrayR2009b 100490d8     libemlrt:libemlrt.dll
 0002:000000dc       __imp__emlrtCheckVsBuiltInCtxR2011a 100490dc     libemlrt:libemlrt.dll
 0002:000000e0       __imp__emlrtCheckEnumR2009a 100490e0     libemlrt:libemlrt.dll
 0002:000000e4       __imp__emlrtCreateEnumR2010a 100490e4     libemlrt:libemlrt.dll
 0002:000000e8       __imp__emlrtGetEnumElementR2009a 100490e8     libemlrt:libemlrt.dll
 0002:000000ec       __imp__emlrtCreateReference 100490ec     libemlrt:libemlrt.dll
 0002:000000f0       \177libemlrt_NULL_THUNK_DATA 100490f0     libemlrt:libemlrt.dll
 0002:000000f4       __imp__ssRegisterDataTypeFxpFSlopeFixExpBias 100490f4     libfixedpoint:libfixedpoint.dll
 0002:000000f8       \177libfixedpoint_NULL_THUNK_DATA 100490f8     libfixedpoint:libfixedpoint.dll
 0002:000000fc       __imp__mexGetVariable      100490fc     libmex:libmex.dll
 0002:00000100       __imp__mexLock             10049100     libmex:libmex.dll
[...]
 0001:000258c0       _check_array_dimensions    100268c0 f   sfc_mexmsvc80:sfc_mex.obj
 0001:00025910       _check_input_mxarray       10026910 f   sfc_mexmsvc80:sfc_mex.obj
 0001:00025fb0       _sf_numeric_value_to_double 10026fb0 f   sfc_mexmsvc80:sfc_mex.obj
 0001:00026000       _ml_generic_out_of_bounds_check 10027000 f   sfc_mexmsvc80:sfc_mex.obj
 0001:00026190       _ml_get_element_value_from_array 10027190 f   sfc_mexmsvc80:sfc_mex.obj
 0001:00026660       __ml_generic_castability_check 10027660 f   sfc_mexmsvc80:sfc_mex.obj
 0001:00026ef0       _ml_generic_castability_check 10027ef0 f   sfc_mexmsvc80:sfc_mex.obj
 0001:00026f50       _ml_check_mx_array_for_single_castability 10027f50 f   sfc_mexmsvc80:sfc_mex.obj
 0001:00026fc0       _ml_check_mx_array_for_logical_castability 10027fc0 f   sfc_mexmsvc80:sfc_mex.obj
 0001:00027020       _ml_check_mx_array_for_int8_castability 10028020 f   sfc_mexmsvc80:sfc_mex.obj
 0001:000270b0       _ml_check_mx_array_for_uint8_castability 100280b0 f   sfc_mexmsvc80:sfc_mex.obj
 0001:00027120       _ml_check_mx_array_for_int16_castability 10028120 f   sfc_mexmsvc80:sfc_mex.obj
 0001:00027190       _ml_check_mx_array_for_uint16_castability 10028190 f   sfc_mexmsvc80:sfc_mex.obj
 0001:00027200       _ml_check_mx_array_for_int32_castability 10028200 f   sfc_mexmsvc80:sfc_mex.obj
 0001:00027270       _ml_check_mx_array_for_uint32_castability 10028270 f   sfc_mexmsvc80:sfc_mex.obj
 0001:000272e0       _ml_check_mx_array_for_castability 100282e0 f   sfc_mexmsvc80:sfc_mex.obj
 0001:00027960       _set_data_value            10028960 f   sfc_mexmsvc80:sfc_mex.obj
 0001:00027e30       _get_data_value            10028e30 f   sfc_mexmsvc80:sfc_mex.obj
 0001:00027f30       _get_next_element_address  10028f30 f   sfc_mexmsvc80:sfc_mex.obj
 0001:00027fd0       _sf_normalize_index        10028fd0 f   sfc_mexmsvc80:sfc_mex.obj
 0001:00028260       _ml_array_index_bound_check 10029260 f   sfc_mexmsvc80:sfc_mex.obj
 0001:00028b30       _mx_value                  10029b30 f   sfc_mexmsvc80:sfc_mex.obj
 0001:00028b80       _sf_create_numeric_array   10029b80 f   sfc_mexmsvc80:sfc_mex.obj
 0001:00028c00       _sf_mex_assign_to_mx_array 10029c00 f   sfc_mexmsvc80:sfc_mex.obj
 0001:00028e60       _assign_from_mx_array      10029e60 f   sfc_mexmsvc80:sfc_mex.obj
 0001:00029620       _sf_mex_import_v           1002a620 f   sfc_mexmsvc80:sfc_mex.obj
 0001:000299a0       _get_machine_and_chart_file_number 1002a9a0 f   sfc_mexmsvc80:sfc_sf.obj
 0001:00029a60       _get_sfun_block_specialization 1002aa60 f   sfc_mexmsvc80:sfc_sf.obj
 0001:00029ac0       _call_sf_machine_global_method_dispatcher 1002aac0 f   sfc_mexmsvc80:sfc_sf.obj
 0001:00029c70       _mdl_zeroCrossings_processing 1002ac70 f   sfc_mexmsvc80:sfc_sf.obj
 0001:00029d20       _mdl_derivatives_processing 1002ad20 f   sfc_mexmsvc80:sfc_sf.obj
 0001:00029fa0       _mdl_outputs_continuous_legacy 1002afa0 f   sfc_mexmsvc80:sfc_sf.obj
 0001:0002a020       _mdl_outputs_processing    1002b020 f   sfc_mexmsvc80:sfc_sf.obj
 0001:0002a260       _mdl_enable_processing     1002b260 f   sfc_mexmsvc80:sfc_sf.obj
 0001:0002a310       _mdl_disable_processing    1002b310 f   sfc_mexmsvc80:sfc_sf.obj
 0001:0002a9e0       _write_symbol_mapping      1002b9e0 f   sfc_mexmsvc80:sfc_sf.obj
 0001:0002b010       _sf_call_output_fcn_enable_disable 1002c010 f   sfc_mexmsvc80:sfc_sf.obj
 0001:0002b230       _set_dwork_information_from_mx_array 1002c230 f   sfc_mexmsvc80:sfc_sf.obj
 0001:0002bb30       _ptr2mxStruct              1002cb30 f   sfc_mexmsvc80:sfc_sf.obj
 0001:0002bd50       _SNPRINTF_WRAPPER          1002cd50 f   sfc_debugmsvc80:sfcdebug.obj
 0001:0002bd70       _sf_debug_chart_instance_initialized_quick 1002cd70 f   sfc_debugmsvc80:sfcdebug.obj
 0001:0002bd80       _sf_debug_chart_instance_initialized 1002cd80 f   sfc_debugmsvc80:sfcdebug.obj
 0001:0002bf00       _sfrtAddSize               1002cf00 f   sfc_debugmsvc80:sfcdebug.obj
 0001:0002bfb0       _sfrtGenSizeString         1002cfb0 f   sfc_debugmsvc80:sfcdebug.obj
 0001:0002c430       _sf_debug_sim_status_listener 1002d430 f   sfc_debugmsvc80:sfcdebug.obj
 0001:0002c8a0       _sf_debug_form_mask_bits   1002d8a0 f   sfc_debugmsvc80:sfcdebug.obj
 0001:0002c8e0       _sf_debug_form_sf_data_type_offsets 1002d8e0 f   sfc_debugmsvc80:sfcdebug.obj
 0001:0002c970       _sf_debug_free_all         1002d970 f   sfc_debugmsvc80:sfcdebug.obj
 0001:0002caf0       _sf_debug_append_debugger_context 1002daf0 f   sfc_debugmsvc80:sfcdebug.obj
 0001:0002cdd0       _local_strdup              1002ddd0 f   sfc_debugmsvc80:sfcdebug.obj
 0001:0002da40       _sf_debug_em_terminate     1002ea40 f   sfc_debugmsvc80:sfcdebug.obj
 0001:0002da80       _sf_debug_push_eml_function 1002ea80 f   sfc_debugmsvc80:sfcdebug.obj
 0001:0002db10       _sf_debug_pop_eml_function 1002eb10 f   sfc_debugmsvc80:sfcdebug.obj
 0001:0002e3f0       _sf_debug_get_machine_number_from_id_or_name 1002f3f0 f   sfc_debugmsvc80:sfcdebug.obj
 0001:0002e550       _sf_debug_get_chart_number_from_id 1002f550 f   sfc_debugmsvc80:sfcdebug.obj
 0001:0002ee80       _sf_debug_transfer_control_to_debugger_GUI 1002fe80 f   sfc_debugmsvc80:sfcdebug.obj
 0001:0002fbf0       _sf_debug_scripts_rehash   10030bf0 f   sfc_debugmsvc80:sfcdebug.obj
 0001:0002fda0       _sf_debug_get_script_line_count 10030da0 f   sfc_debugmsvc80:sfcdebug.obj
 0001:00030240       _cv_eml_state_cvId         10031240 f   sfc_debugmsvc80:sfcdebug.obj
 0001:00030f00       _sf_debug_data_array_bounds_error 10031f00 f   sfc_debugmsvc80:sfcdebug.obj
 0001:00031210       _eml_debug_runtime_error_doclink 10032210 f   sfc_debugmsvc80:sfcdebug.obj
 0001:00031350       _sf_debug_runtime_error    10032350 f   sfc_debugmsvc80:sfcdebug.obj
 0001:000313a0       _sf_debug_matlab_error     100323a0 f   sfc_debugmsvc80:sfcdebug.obj
 0001:000318b0       _sf_debug_data_value_error 100328b0 f   sfc_debugmsvc80:sfcdebug.obj
 0001:00031eb0       _sf_debug_data_loss_error  10032eb0 f   sfc_debugmsvc80:sfcdebug.obj
 0001:00032770       _call_cv_range_check       10033770 f   sfc_debugmsvc80:sfcdebug.obj
 0001:00032ce0       _sf_debug_invoke_cycle_detection_code 10033ce0 f   sfc_debugmsvc80:sfcdebug.obj
 0001:000336a0       _sf_reset_debug_info_struct 100346a0 f   sfc_debugmsvc80:sfcdebug.obj
 0001:00033d70       _cv_script_cvId            10034d70 f   sfc_debugmsvc80:sfcdebug.obj
 0001:00034560       _sfc_api_chart_visible     10035560 f   sfc_debugmsvc80:sfc_api.obj
 0001:00034610       _sfc_api_active_instance   10035610 f   sfc_debugmsvc80:sfc_api.obj
 0001:000346b0       _sfc_api_machine_load      100356b0 f   sfc_debugmsvc80:sfc_api.obj
 0001:000347b0       _sfc_api_debugger_alive    100357b0 f   sfc_debugmsvc80:sfc_api.obj
 0001:000347c0       _sfc_api_go                100357c0 f   sfc_debugmsvc80:sfc_api.obj
 0001:000347d0       _sfc_api_step_over         100357d0 f   sfc_debugmsvc80:sfc_api.obj
 0001:000347e0       _sfc_api_step_out          100357e0 f   sfc_debugmsvc80:sfc_api.obj
 0001:000347f0       _sfc_api_resume            100357f0 f   sfc_debugmsvc80:sfc_api.obj
 0001:00034800       _sfc_api_break             10035800 f   sfc_debugmsvc80:sfc_api.obj
 0001:00034810       _sfc_api_stop_debugging    10035810 f   sfc_debugmsvc80:sfc_api.obj
 0001:00034860       _sfc_api_is_cycle_detected 10035860 f   sfc_debugmsvc80:sfc_api.obj
 0001:000348b0       _sfc_api_is_array_bounds_detected 100358b0 f   sfc_debugmsvc80:sfc_api.obj
 0001:00034900       _sfc_api_set_disable_all_breakpoints 10035900 f   sfc_debugmsvc80:sfc_api.obj
 0001:00034990       _sfc_api_disable_all_breakpoints_and_go 10035990 f   sfc_debugmsvc80:sfc_api.obj
 0001:000349a0       _sfc_api_close             100359a0 f   sfc_debugmsvc80:sfc_api.obj
 0001:000349b0       _sfc_api_browse_data       100359b0 f   sfc_debugmsvc80:sfc_api.obj
 0001:00034a30       _sfc_api_watch_data        10035a30 f   sfc_debugmsvc80:sfc_api.obj
 0001:00034ab0       _sfc_api_assign_data       10035ab0 f   sfc_debugmsvc80:sfc_api.obj
 0001:00034b30       _sfc_api_whos              10035b30 f   sfc_debugmsvc80:sfc_api.obj
 0001:00034bc0       _sfc_api_get_consistency_info 10035bc0 f   sfc_debugmsvc80:sfc_api.obj
 0001:00034be0       _sfc_api_browse_trace      10035be0 f   sfc_debugmsvc80:sfc_api.obj
 0001:00034c00       _sfc_api_break_on_chart_entry 10035c00 f   sfc_debugmsvc80:sfc_api.obj
 0001:00034c40       _sfc_api_break_on_event_broadcast 10035c40 f   sfc_debugmsvc80:sfc_api.obj
 0001:00034c80       _sfc_api_break_on_state_entry 10035c80 f   sfc_debugmsvc80:sfc_api.obj
 0001:00034cc0       _sfc_api_set_watch         10035cc0 f   sfc_debugmsvc80:sfc_api.obj
 0001:00034da0       _sfc_api_set_breakpoints   10035da0 f   sfc_debugmsvc80:sfc_api.obj
 0001:00034e80       _sfc_api_set_eml_breakpoints 10035e80 f   sfc_debugmsvc80:sfc_api.obj
 0001:00034f30       _sfc_api_set_script_breakpoints 10035f30 f   sfc_debugmsvc80:sfc_api.obj
 0001:00034f90       _sfc_api_add_script_breakpoints 10035f90 f   sfc_debugmsvc80:sfc_api.obj
 0001:00034ff0       _sfc_api_clear_script_breakpoints 10035ff0 f   sfc_debugmsvc80:sfc_api.obj
 0001:00035050       _sfc_api_query_script_breakpoints 10036050 f   sfc_debugmsvc80:sfc_api.obj
 0001:000350c0       _sfc_api_get_script_id     100360c0 f   sfc_debugmsvc80:sfc_api.obj
 0001:00035160       _sfc_api_get_active_states 10036160 f   sfc_debugmsvc80:sfc_api.obj
 0001:000351d0       _sfc_api_break_between_times 100361d0 f   sfc_debugmsvc80:sfc_api.obj
 0001:00035230       _sfc_api_get_instance_handle 10036230 f   sfc_debugmsvc80:sfc_api.obj
 0001:00035310       _sfc_api_get_coverage      10036310 f   sfc_debugmsvc80:sfc_api.obj
 0001:00035380       _sfc_api_set_animation     10036380 f   sfc_debugmsvc80:sfc_api.obj
 0001:000353e0       _sfc_api_select_chart      100363e0 f   sfc_debugmsvc80:sfc_api.obj
 0001:00035470       _sfc_api_select_charts     10036470 f   sfc_debugmsvc80:sfc_api.obj
 0001:000354a0       _sfc_api_cycle_detection_check 100364a0 f   sfc_debugmsvc80:sfc_api.obj
 0001:00035500       _sfc_api_data_range_check  10036500 f   sfc_debugmsvc80:sfc_api.obj
 0001:00035560       _sfc_api_transition_conflict_check 10036560 f   sfc_debugmsvc80:sfc_api.obj
 0001:000355c0       _sfc_api_state_consistency_check 100365c0 f   sfc_debugmsvc80:sfc_api.obj
 0001:00035620       _sfc_api_set_instance_cv_ids 10036620 f   sfc_debugmsvc80:sfc_api.obj
 0001:00035750       _sfc_api_set_script_cv_ids 10036750 f   sfc_debugmsvc80:sfc_api.obj
 0001:000357f0       _sfc_api_get_current_machine_id 100367f0 f   sfc_debugmsvc80:sfc_api.obj
 0001:00035820       _sfc_api_get_current_machine_number 10036820 f   sfc_debugmsvc80:sfc_api.obj
 0001:00035850       _sfc_api_get_current_chart_number 10036850 f   sfc_debugmsvc80:sfc_api.obj
 0001:00035880       _sfc_api_get_current_instance_number 10036880 f   sfc_debugmsvc80:sfc_api.obj
 0001:000358b0       _sfc_api_get_current_instance_handle 100368b0 f   sfc_debugmsvc80:sfc_api.obj
 0001:000358d0       _sfc_api_get_current_is_minor_time_step 100368d0 f   sfc_debugmsvc80:sfc_api.obj
 0001:00035900       _sfc_api_get_current_machine_name 10036900 f   sfc_debugmsvc80:sfc_api.obj
 0001:00035920       _sfc_api_get_current_chart_id 10036920 f   sfc_debugmsvc80:sfc_api.obj
 0001:00035950       _sfc_api_get_current_object_type 10036950 f   sfc_debugmsvc80:sfc_api.obj
 0001:00035980       _sfc_api_get_current_event_type 10036980 f   sfc_debugmsvc80:sfc_api.obj
 0001:000359b0       _sfc_api_get_current_object_id 100369b0 f   sfc_debugmsvc80:sfc_api.obj
 0001:000359e0       _sfc_get_current_active_event_type 100369e0 f   sfc_debugmsvc80:sfc_api.obj
 0001:00035a10       _sfc_api_get_current_active_event_id 10036a10 f   sfc_debugmsvc80:sfc_api.obj
 0001:00035a40       _sfc_api_get_current_simulation_time 10036a40 f   sfc_debugmsvc80:sfc_api.obj
 0001:00035a60       _sfc_get_current_tag_type  10036a60 f   sfc_debugmsvc80:sfc_api.obj
 0001:00035a90       _sfc_get_current_coverage_percentage 10036a90 f   sfc_debugmsvc80:sfc_api.obj
 0001:00035ab0       _sfc_get_current_statement_context 10036ab0 f   sfc_debugmsvc80:sfc_api.obj
 0001:00035ad0       _sfc_get_current_optional_integer 10036ad0 f   sfc_debugmsvc80:sfc_api.obj
 0001:00035b00       _sfc_get_current_statement_info 10036b00 f   sfc_debugmsvc80:sfc_api.obj
 0001:00035ba0       _sfc_api_get               10036ba0 f   sfc_debugmsvc80:sfc_api.obj
 0001:00035ca0       _sf_debug_sm_is_using_unified_editors 10036ca0 f   sfc_debugmsvc80:sfdb_animation.obj
 0001:00035d20       _sf_debug_sm_is_chart_visible_in_unified_editors 10036d20 f   sfc_debugmsvc80:sfdb_animation.obj
 0001:00035dc0       _sf_debug_sm_check_if_chart_is_visible 10036dc0 f   sfc_debugmsvc80:sfdb_animation.obj
 0001:000366e0       _sf_debug_sm_fill_state_activity_data 100376e0 f   sfc_debugmsvc80:sfdb_animation.obj
 0001:00038640       _sf_debug_hm_get_simulink_handle 10039640 f   sfc_debugmsvc80:sfdb_handle_management.obj
 0001:00039000       _sf_debug_hm_initialize_globals 1003a000 f   sfc_debugmsvc80:sfdb_handle_management.obj
 0001:000390f0       _sf_debug_hm_get_machine_debug_flag 1003a0f0 f   sfc_debugmsvc80:sfdb_handle_management.obj
 0001:00039240       _sf_debug_hm_get_machine_id 1003a240 f   sfc_debugmsvc80:sfdb_handle_management.obj
 0001:00039350       _sf_debug_hm_get_chart_id  1003a350 f   sfc_debugmsvc80:sfdb_handle_management.obj
 0001:000394c0       _sf_debug_hm_register_executing_SFunction 1003a4c0 f   sfc_debugmsvc80:sfdb_handle_management.obj
 0001:00039610       _sf_debug_hm_get_chart_active_instance 1003a610 f   sfc_debugmsvc80:sfdb_handle_management.obj
 0001:00039740       _sf_debug_hm_get_chart_visibility 1003a740 f   sfc_debugmsvc80:sfdb_handle_management.obj
 0001:00039880       _sf_debug_hm_form_object_boolean_properties 1003a880 f   sfc_debugmsvc80:sfdb_handle_management.obj
 0001:00039af0       _sf_debug_hm_form_object_properties 1003aaf0 f   sfc_debugmsvc80:sfdb_handle_management.obj
 0001:00039cf0       _sf_debug_hm_terminate_charts 1003acf0 f   sfc_debugmsvc80:sfdb_handle_management.obj
 0001:0003a300       _sf_debug_hm_terminate_machines 1003b300 f   sfc_debugmsvc80:sfdb_handle_management.obj
 0001:0003b8d0       _void_ptr_stack_vector_free_total 1003c8d0 f   sfc_debugmsvc80:sfdb_data_browse.obj
 0001:0003b930       _sf_debug_st_terminate_machine 1003c930 f   sfc_debugmsvc80:sfdb_data_browse.obj
 0001:0003b960       _sf_debug_st_terminate_instance 1003c960 f   sfc_debugmsvc80:sfdb_data_browse.obj
 0001:0003bae0       _push_on_to_void_ptr_stack 1003cae0 f   sfc_debugmsvc80:sfdb_data_browse.obj
 0001:0003bc10       _pop_from_void_ptr_stack   1003cc10 f   sfc_debugmsvc80:sfdb_data_browse.obj
 0001:0003bd10       _sf_debug_st_get_data_value 1003cd10 f   sfc_debugmsvc80:sfdb_data_browse.obj
 0001:0003c1b0       _mx_value                  1003d1b0 f   sfc_debugmsvc80:sfdb_data_browse.obj
 0001:0003c1e0       _sf_debug_st_fill_data_struct 1003d1e0 f   sfc_debugmsvc80:sfdb_data_browse.obj
 0001:0003c4b0       _data_type_format_strings  1003d4b0 f   sfc_debugmsvc80:sfdb_data_browse.obj
 0001:0003c520       _sf_debug_st_fill_data     1003d520 f   sfc_debugmsvc80:sfdb_data_browse.obj
 0001:0003d2e0       _sf_debug_ss_copy_dimension 1003e2e0 f   sfc_debugmsvc80:sfdb_symbol_scope.obj
 0001:0003d350       _sf_debug_ss_get_number_elements 1003e350 f   sfc_debugmsvc80:sfdb_symbol_scope.obj
 0001:0003d370       _sf_debug_ss_fill_data_struct 1003e370 f   sfc_debugmsvc80:sfdb_symbol_scope.obj
 0001:0003d560       _sf_debug_ss_reset_data_info 1003e560 f   sfc_debugmsvc80:sfdb_symbol_scope.obj
 0001:0003d5b0       _sf_debug_fill_data_info_by_symbol_scope_entry 1003e5b0 f   sfc_debugmsvc80:sfdb_symbol_scope.obj
 0001:0003d660       _sf_debug_fill_data_info_by_data_vector 1003e660 f   sfc_debugmsvc80:sfdb_symbol_scope.obj
 0001:0003d820       _sf_debug_ss_get_data_info 1003e820 f   sfc_debugmsvc80:sfdb_symbol_scope.obj
 0001:0003da60       _sf_debug_select_mex_function 1003ea60 f   sfc_debugmsvc80:sfdb_symbol_scope.obj
 0001:0003da90       _sf_debug_is_dyn_matrix_initialized 1003ea90 f   sfc_debugmsvc80:sfdb_symbol_scope.obj
 0001:0003dab0       _sf_debug_ss_set_data_value_try 1003eab0 f   sfc_debugmsvc80:sfdb_symbol_scope.obj
 0001:0003dbe0       _sf_debug_ss_get_data_value 1003ebe0 f   sfc_debugmsvc80:sfdb_symbol_scope.obj
 0001:0003dfd0       _sf_debug_ss_data_bytes_string 1003efd0 f   sfc_debugmsvc80:sfdb_symbol_scope.obj
 0001:0003e040       _sf_debug_ss_data_class_string 1003f040 f   sfc_debugmsvc80:sfdb_symbol_scope.obj
 0001:0003e390       _sf_debug_ss_data_size_string 1003f390 f   sfc_debugmsvc80:sfdb_symbol_scope.obj
 0001:0003e450       _sf_debug_ss_data_create_data_info_struct 1003f450 f   sfc_debugmsvc80:sfdb_symbol_scope.obj
 0001:0003e6b0       _sf_debug_ss_data_create_name_value_pair 1003f6b0 f   sfc_debugmsvc80:sfdb_symbol_scope.obj
 0001:0003e710       _sf_debug_ss_data_get_whos_info 1003f710 f   sfc_debugmsvc80:sfdb_symbol_scope.obj
 0001:0003e740       _same_named_data_in_data_array 1003f740 f   sfc_debugmsvc80:sfdb_symbol_scope.obj
 0001:0003fc60       _sf_debug_cc_terminate_chart 10040c60 f   sfc_debugmsvc80:sfdb_coverage.obj
 0001:0003ff40       _sf_debug_cc_terminate_instance 10040f40 f   sfc_debugmsvc80:sfdb_coverage.obj
 0001:00040950       _sf_debug_cc_mark_object_if_needed 10041950 f   sfc_debugmsvc80:sfdb_coverage.obj
 0001:00040ca0       _sf_debug_cc_fill_transition_coverage_data 10041ca0 f   sfc_debugmsvc80:sfdb_coverage.obj
 0001:00040dd0       _sf_debug_cc_fill_transition_coverage_map 10041dd0 f   sfc_debugmsvc80:sfdb_coverage.obj
 0001:00040fc0       _sf_debug_cc_fill_state_coverage_map 10041fc0 f   sfc_debugmsvc80:sfdb_coverage.obj
 0001:00041160       _sf_debug_cc_fill_state_coverage_data 10042160 f   sfc_debugmsvc80:sfdb_coverage.obj
 0001:00041b10       _sf_debug_bm_initialize_eml 10042b10 f   sfc_debugmsvc80:sfdb_breakpoints.obj
 0001:00042af0       _sf_debug_bm_map_debug_tag_to_breakpoint_tag 10043af0 f   sfc_debugmsvc80:sfdb_breakpoints.obj
 0001:00042b90       _sf_debug_bm_is_a_eml_breakpoint_impl 10043b90 f   sfc_debugmsvc80:sfdb_breakpoints.obj
 0001:00044130       _sf_debug_sc_push_on_error_stack 10045130 f   sfc_debugmsvc80:sfdb_state_consistency.obj
 0001:00044240       _sf_debug_sc_reset_error_stack 10045240 f   sfc_debugmsvc80:sfdb_state_consistency.obj
 0001:00044390       _sf_debug_sc_is_state_inconsistent 10045390 f   sfc_debugmsvc80:sfdb_state_consistency.obj
 0001:000445b0       _sf_debug_sc_fill_consistency_info 100455b0 f   sfc_debugmsvc80:sfdb_state_consistency.obj
 0001:00044a30       _void_assertion_fcn        10045a30 f   sfc_debugmsvc80:sfdb_call_stack.obj
 0001:00044f20       _sf_debug_tm_fill_local_trace 10045f20 f   sfc_debugmsvc80:sfdb_call_stack.obj
 0001:000453a0       _sf_debug_cd_terminate_instance 100463a0 f   sfc_debugmsvc80:sfdb_cycle_detection.obj
 0001:00045400       _sf_debug_cd_free_checksum_stack 10046400 f   sfc_debugmsvc80:sfdb_cycle_detection.obj
 0001:00045430       _sf_debug_cd_reset_pack_strings 10046430 f   sfc_debugmsvc80:sfdb_cycle_detection.obj
 0001:00045a80       _md5file_clear             10046a80 f   sfc_debugmsvc80:ckmd5.obj
 0001:00045ab0       _Encode                    10046ab0 f   sfc_debugmsvc80:ckmd5.obj
 0001:00045af0       _Decode                    10046af0 f   sfc_debugmsvc80:ckmd5.obj
 0001:00045b70       _MD5Transform              10046b70 f   sfc_debugmsvc80:ckmd5.obj
 0001:00046230       _md5file_addn              10047230 f   sfc_debugmsvc80:ckmd5.obj
 0001:000462e0       _md5file_hash              100472e0 f   sfc_debugmsvc80:ckmd5.obj
 0001:00046789       _pre_c_init                10047789 f   MSVCRT:crtdll.obj
 0001:000469e1       ___DllMainCRTStartup       100479e1 f   MSVCRT:crtdll.obj
