 Cinematica_JA_reducido_sfun

 Timestamp is 4fc563ca (Tue May 29 19:03:22 2012)

 Preferred load address is 10000000

 Start         Length     Name                   Class
 0001:00000000 00040864H .text                   CODE
 0002:00000000 0000025cH .idata$5                DATA
 0002:0000025c 00000004H .CRT$XCA                DATA
 0002:00000260 00000004H .CRT$XCZ                DATA
 0002:00000264 00000004H .CRT$XIA                DATA
 0002:00000268 00000004H .CRT$XIAA               DATA
 0002:0000026c 00000004H .CRT$XIC                DATA
 0002:00000270 00000004H .CRT$XIZ                DATA
 0002:00000278 00004690H .rdata                  DATA
 0002:00004910 00000004H .rdata$sxdata           DATA
 0002:00004914 00000004H .rtc$IAA                DATA
 0002:00004918 00000004H .rtc$IZZ                DATA
 0002:0000491c 00000004H .rtc$TAA                DATA
 0002:00004920 00000004H .rtc$TZZ                DATA
 0002:00004928 00000064H .xdata$x                DATA
 0002:0000498c 000000b4H .idata$2                DATA
 0002:00004a40 00000014H .idata$3                DATA
 0002:00004a54 0000025cH .idata$4                DATA
 0002:00004cb0 00000ad2H .idata$6                DATA
 0002:00005790 00000061H .edata                  DATA
 0003:00000000 00006390H .data                   DATA
 0003:000063a0 000023c8H .bss                    DATA

  Address         Publics by Value              Rva+Base       Lib:Object

 0000:00000000       __except_list              00000000     <absolute>
 0000:00000001       ___safe_se_handler_count   00000001     <absolute>
 0000:00009876       __fltused                  00009876     <absolute>
 0000:00009876       __ldused                   00009876     <absolute>
 0000:00000000       ___ImageBase               10000000     <linker-defined>
 0001:00000000       _sf_c1_Cinematica_JA_reducido_get_eml_resolved_functions_info 10001000 f   c1_Cinematica_JA_reducido.obj
 0001:00000050       _sf_c1_Cinematica_JA_reducido_get_check_sum 10001050 f   c1_Cinematica_JA_reducido.obj
 0001:000000b0       _sf_c1_Cinematica_JA_reducido_get_autoinheritance_info 100010b0 f   c1_Cinematica_JA_reducido.obj
 0001:00000410       _sf_internal_get_sim_state_c1_Cinematica_JA_reducido 10001410 f   c1_Cinematica_JA_reducido.obj
 0001:000006d0       _sf_internal_set_sim_state_c1_Cinematica_JA_reducido 100016d0 f   c1_Cinematica_JA_reducido.obj
 0001:00000a50       _c1_Cinematica_JA_reducido_method_dispatcher 10001a50 f   c1_Cinematica_JA_reducido.obj
 0001:00001f00       _sf_c2_Cinematica_JA_reducido_get_eml_resolved_functions_info 10002f00 f   c2_Cinematica_JA_reducido.obj
 0001:00003b10       _sf_c2_Cinematica_JA_reducido_get_check_sum 10004b10 f   c2_Cinematica_JA_reducido.obj
 0001:00003b70       _sf_c2_Cinematica_JA_reducido_get_autoinheritance_info 10004b70 f   c2_Cinematica_JA_reducido.obj
 0001:000040d0       _sf_internal_get_sim_state_c2_Cinematica_JA_reducido 100050d0 f   c2_Cinematica_JA_reducido.obj
 0001:00004410       _sf_internal_set_sim_state_c2_Cinematica_JA_reducido 10005410 f   c2_Cinematica_JA_reducido.obj
 0001:000047f0       _c2_Cinematica_JA_reducido_method_dispatcher 100057f0 f   c2_Cinematica_JA_reducido.obj
 0001:0000f1d0       _sf_c3_Cinematica_JA_reducido_get_eml_resolved_functions_info 100101d0 f   c3_Cinematica_JA_reducido.obj
 0001:0000f220       _sf_c3_Cinematica_JA_reducido_get_check_sum 10010220 f   c3_Cinematica_JA_reducido.obj
 0001:0000f280       _sf_c3_Cinematica_JA_reducido_get_autoinheritance_info 10010280 f   c3_Cinematica_JA_reducido.obj
 0001:0000f8f0       _sf_internal_get_sim_state_c3_Cinematica_JA_reducido 100108f0 f   c3_Cinematica_JA_reducido.obj
 0001:0000fcb0       _sf_internal_set_sim_state_c3_Cinematica_JA_reducido 10010cb0 f   c3_Cinematica_JA_reducido.obj
 0001:00010080       _c3_Cinematica_JA_reducido_method_dispatcher 10011080 f   c3_Cinematica_JA_reducido.obj
 0001:00011460       _sf_c4_Cinematica_JA_reducido_get_eml_resolved_functions_info 10012460 f   c4_Cinematica_JA_reducido.obj
 0001:000114b0       _sf_c4_Cinematica_JA_reducido_get_check_sum 100124b0 f   c4_Cinematica_JA_reducido.obj
 0001:00011510       _sf_c4_Cinematica_JA_reducido_get_autoinheritance_info 10012510 f   c4_Cinematica_JA_reducido.obj
 0001:00011870       _sf_internal_get_sim_state_c4_Cinematica_JA_reducido 10012870 f   c4_Cinematica_JA_reducido.obj
 0001:00011b30       _sf_internal_set_sim_state_c4_Cinematica_JA_reducido 10012b30 f   c4_Cinematica_JA_reducido.obj
 0001:00011eb0       _c4_Cinematica_JA_reducido_method_dispatcher 10012eb0 f   c4_Cinematica_JA_reducido.obj
 0001:00012ff0       _sf_c5_Cinematica_JA_reducido_get_eml_resolved_functions_info 10013ff0 f   c5_Cinematica_JA_reducido.obj
 0001:00013040       _sf_c5_Cinematica_JA_reducido_get_check_sum 10014040 f   c5_Cinematica_JA_reducido.obj
 0001:000130a0       _sf_c5_Cinematica_JA_reducido_get_autoinheritance_info 100140a0 f   c5_Cinematica_JA_reducido.obj
 0001:00013400       _sf_internal_get_sim_state_c5_Cinematica_JA_reducido 10014400 f   c5_Cinematica_JA_reducido.obj
 0001:000136c0       _sf_internal_set_sim_state_c5_Cinematica_JA_reducido 100146c0 f   c5_Cinematica_JA_reducido.obj
 0001:00013a40       _c5_Cinematica_JA_reducido_method_dispatcher 10014a40 f   c5_Cinematica_JA_reducido.obj
 0001:00014b80       _sf_c6_Cinematica_JA_reducido_get_eml_resolved_functions_info 10015b80 f   c6_Cinematica_JA_reducido.obj
 0001:00014bd0       _sf_c6_Cinematica_JA_reducido_get_check_sum 10015bd0 f   c6_Cinematica_JA_reducido.obj
 0001:00014c30       _sf_c6_Cinematica_JA_reducido_get_autoinheritance_info 10015c30 f   c6_Cinematica_JA_reducido.obj
 0001:00014f90       _sf_internal_get_sim_state_c6_Cinematica_JA_reducido 10015f90 f   c6_Cinematica_JA_reducido.obj
 0001:00015250       _sf_internal_set_sim_state_c6_Cinematica_JA_reducido 10016250 f   c6_Cinematica_JA_reducido.obj
 0001:000155d0       _c6_Cinematica_JA_reducido_method_dispatcher 100165d0 f   c6_Cinematica_JA_reducido.obj
 0001:00016710       _sf_c7_Cinematica_JA_reducido_get_eml_resolved_functions_info 10017710 f   c7_Cinematica_JA_reducido.obj
 0001:00016760       _sf_c7_Cinematica_JA_reducido_get_check_sum 10017760 f   c7_Cinematica_JA_reducido.obj
 0001:000167c0       _sf_c7_Cinematica_JA_reducido_get_autoinheritance_info 100177c0 f   c7_Cinematica_JA_reducido.obj
 0001:00016b20       _sf_internal_get_sim_state_c7_Cinematica_JA_reducido 10017b20 f   c7_Cinematica_JA_reducido.obj
 0001:00016de0       _sf_internal_set_sim_state_c7_Cinematica_JA_reducido 10017de0 f   c7_Cinematica_JA_reducido.obj
 0001:00017160       _c7_Cinematica_JA_reducido_method_dispatcher 10018160 f   c7_Cinematica_JA_reducido.obj
 0001:000182a0       _sf_process_check_sum_call 100192a0 f   Cinematica_JA_reducido_sfun_registry.obj
 0001:000182d0       _sf_process_autoinheritance_call 100192d0 f   Cinematica_JA_reducido_sfun_registry.obj
 0001:000183f0       _sf_process_get_eml_resolved_functions_info_call 100193f0 f   Cinematica_JA_reducido_sfun_registry.obj
 0001:00018510       _sf_mex_unlock_call        10019510 f   Cinematica_JA_reducido_sfun_registry.obj
 0001:000185a0       _sf_machine_global_initializer_called 100195a0 f   Cinematica_JA_reducido_sfun_registry.obj
 0001:000185c0       _sf_machine_global_method_dispatcher 100195c0 f   Cinematica_JA_reducido_sfun_registry.obj
 0001:00018600       _sf_machine_global_terminator 10019600 f   Cinematica_JA_reducido_sfun_registry.obj
 0001:00018630       _sf_register_machine_exported_symbols 10019630 f   Cinematica_JA_reducido_sfun_registry.obj
 0001:00018650       _callCustomFcn             10019650 f   Cinematica_JA_reducido_sfun_registry.obj
 0001:00018660       _sf_machine_global_initializer 10019660 f   Cinematica_JA_reducido_sfun_registry.obj
 0001:000186c0       __ssSetStateAbsTol         100196c0 f   Cinematica_JA_reducido_sfun_registry.obj
 0001:00018760       __ssGetAbsTol              10019760 f   Cinematica_JA_reducido_sfun_registry.obj
 0001:000187b0       __ssSetInputPortMatrixDimensions 100197b0 f   Cinematica_JA_reducido_sfun_registry.obj
 0001:00018860       __ssSetOutputPortMatrixDimensions 10019860 f   Cinematica_JA_reducido_sfun_registry.obj
 0001:00018910       __ssSetInputPortVectorDimension 10019910 f   Cinematica_JA_reducido_sfun_registry.obj
 0001:00018990       __ssSetOutputPortVectorDimension 10019990 f   Cinematica_JA_reducido_sfun_registry.obj
 0001:00018a10       _ssIsRunTimeParamTunable   10019a10 f   Cinematica_JA_reducido_sfun_registry.obj
 0001:00018a70       _ssGetSFuncBlockHandle     10019a70 f   Cinematica_JA_reducido_sfun_registry.obj
 0001:00018ac0       __ssGetCurrentInputPortWidth 10019ac0 f   Cinematica_JA_reducido_sfun_registry.obj
 0001:00018b90       __ssGetCurrentOutputPortWidth 10019b90 f   Cinematica_JA_reducido_sfun_registry.obj
 0001:00018c60       __ssGetCallSystemNumFcnCallDestinations 10019c60 f   Cinematica_JA_reducido_sfun_registry.obj
 0001:00018cc0       _ssWarning                 10019cc0 f   Cinematica_JA_reducido_sfun_registry.obj
 0001:00018da0       _ssGetIsZeroCrossControlDisabled 10019da0 f   Cinematica_JA_reducido_sfun_registry.obj
 0001:00018e00       _ssSetIsInputPortUsedForContZcSignal 10019e00 f   Cinematica_JA_reducido_sfun_registry.obj
 0001:00018e50       _ssSetZcSignalIsZcElementDisc 10019e50 f   Cinematica_JA_reducido_sfun_registry.obj
 0001:00018ed0       _ssSetZcSignalName         10019ed0 f   Cinematica_JA_reducido_sfun_registry.obj
 0001:00018f20       _ssSetZcSignalWidth        10019f20 f   Cinematica_JA_reducido_sfun_registry.obj
 0001:00018f70       _ssSetZcSignalZcEventType  10019f70 f   Cinematica_JA_reducido_sfun_registry.obj
 0001:00018fc0       _ssSetZcSignalType         10019fc0 f   Cinematica_JA_reducido_sfun_registry.obj
 0001:00019010       _ssSetZcSignalZcTol        1001a010 f   Cinematica_JA_reducido_sfun_registry.obj
 0001:00019060       _ssSetZcSignalNeedsEventNotification 1001a060 f   Cinematica_JA_reducido_sfun_registry.obj
 0001:000190b0       _ssCreateAndAddZcSignalInfo 1001a0b0 f   Cinematica_JA_reducido_sfun_registry.obj
 0001:00019110       _ssCloneAndAddZcSignalInfo 1001a110 f   Cinematica_JA_reducido_sfun_registry.obj
 0001:00019170       _ssGetNumZcSignals         1001a170 f   Cinematica_JA_reducido_sfun_registry.obj
 0001:000191d0       _ssGetZcSignalVector       1001a1d0 f   Cinematica_JA_reducido_sfun_registry.obj
 0001:00019230       _ssGetZcSignalZcEvents     1001a230 f   Cinematica_JA_reducido_sfun_registry.obj
 0001:00019290       _ssGetZcSignalName         1001a290 f   Cinematica_JA_reducido_sfun_registry.obj
 0001:000192f0       _ssGetZcSignalWidth        1001a2f0 f   Cinematica_JA_reducido_sfun_registry.obj
 0001:00019350       _ssGetZcSignalZcEventType  1001a350 f   Cinematica_JA_reducido_sfun_registry.obj
 0001:000193b0       _ssGetZcSignalType         1001a3b0 f   Cinematica_JA_reducido_sfun_registry.obj
 0001:00019410       _ssGetZcSignalZcTol        1001a410 f   Cinematica_JA_reducido_sfun_registry.obj
 0001:00019470       _ssGetZcSignalNeedsEventNotification 1001a470 f   Cinematica_JA_reducido_sfun_registry.obj
 0001:000194d0       _ssGetZcSignalIsZcElementDisc 1001a4d0 f   Cinematica_JA_reducido_sfun_registry.obj
 0001:00019550       _ssGetIsInputPortElementContinuous 1001a550 f   Cinematica_JA_reducido_sfun_registry.obj
 0001:000195d0       __ssGetInputPortSignalPtrsFcn 1001a5d0 f   Cinematica_JA_reducido_sfun_registry.obj
 0001:000197d0       __ssGetInputPortSignalFcn  1001a7d0 f   Cinematica_JA_reducido_sfun_registry.obj
 0001:00019960       __ssSetInputPortDirectFeedThroughFcn 1001a960 f   Cinematica_JA_reducido_sfun_registry.obj
 0001:00019a90       __ssSetInputPortReusableFcn 1001aa90 f   Cinematica_JA_reducido_sfun_registry.obj
 0001:00019b20       __ssSetOutputPortReusableFcn 1001ab20 f   Cinematica_JA_reducido_sfun_registry.obj
 0001:00019bb0       _ssGetDTypeIdFromMxArray   1001abb0 f   Cinematica_JA_reducido_sfun_registry.obj
 0001:00019ca0       _ssWriteRTWStr             1001aca0 f   Cinematica_JA_reducido_sfun_registry.obj
 0001:00019ce0       _ssWriteRTWMxVectParam     1001ace0 f   Cinematica_JA_reducido_sfun_registry.obj
 0001:00019d20       _ssWriteRTWMx2dMatParam    1001ad20 f   Cinematica_JA_reducido_sfun_registry.obj
 0001:00019d60       _ssWriteRTWNameValuePair   1001ad60 f   Cinematica_JA_reducido_sfun_registry.obj
 0001:0001a0d0       _ssWriteRTWParameters      1001b0d0 f   Cinematica_JA_reducido_sfun_registry.obj
 0001:0001a470       _ssWriteRTWParamSettings   1001b470 f   Cinematica_JA_reducido_sfun_registry.obj
 0001:0001a920       _ssWriteRTWWorkVect        1001b920 f   Cinematica_JA_reducido_sfun_registry.obj
 0001:0001acb0       _mexFunction               1001bcb0 f   Cinematica_JA_reducido_sfun_registry.obj
 0001:0001c380       _ProcessMexSfunctionEveryCall 1001d380 f   Cinematica_JA_reducido_sfun_registry.obj
 0001:0001c490       _Cinematica_JA_reducido_initializer 1001d490 f   Cinematica_JA_reducido_sfun.obj
 0001:0001c4a0       _Cinematica_JA_reducido_terminator 1001d4a0 f   Cinematica_JA_reducido_sfun.obj
 0001:0001c4b0       _sf_Cinematica_JA_reducido_method_dispatcher 1001d4b0 f   Cinematica_JA_reducido_sfun.obj
 0001:0001c5b0       _sf_Cinematica_JA_reducido_process_check_sum_call 1001d5b0 f   Cinematica_JA_reducido_sfun.obj
 0001:0001c9e0       _sf_Cinematica_JA_reducido_autoinheritance_info 1001d9e0 f   Cinematica_JA_reducido_sfun.obj
 0001:0001cb30       _sf_Cinematica_JA_reducido_get_eml_resolved_functions_info 1001db30 f   Cinematica_JA_reducido_sfun.obj
 0001:0001cd50       _Cinematica_JA_reducido_debug_initialize 1001dd50 f   Cinematica_JA_reducido_sfun.obj
 0001:0001cda0       _Cinematica_JA_reducido_register_exported_symbols 1001dda0 f   Cinematica_JA_reducido_sfun.obj
 0001:0001ce10       _sf_mex_mx_is_numeric      1001de10 f   sfc_mexmsvc80:sfc_mex.obj
 0001:0001ce50       _strcmp_ignore_ws          1001de50 f   sfc_mexmsvc80:sfc_mex.obj
 0001:0001cf70       _sf_mex_duplicatearraysafe 1001df70 f   sfc_mexmsvc80:sfc_mex.obj
 0001:0001d150       _sf_set_error_debugger_context_message_fcn 1001e150 f   sfc_mexmsvc80:sfc_mex.obj
 0001:0001d160       _sf_set_debugger_matlab_error_fcn 1001e160 f   sfc_mexmsvc80:sfc_mex.obj
 0001:0001d180       _sf_set_error_prefix_string 1001e180 f   sfc_mexmsvc80:sfc_mex.obj
 0001:0001d1b0       _sf_get_error_prefix_string 1001e1b0 f   sfc_mexmsvc80:sfc_mex.obj
 0001:0001d1c0       _sf_get_current_jmp_buf_ptr 1001e1c0 f   sfc_mexmsvc80:sfc_mex.obj
 0001:0001d1d0       _sf_set_current_jmp_buf_ptr 1001e1d0 f   sfc_mexmsvc80:sfc_mex.obj
 0001:0001d1e0       _sf_mex_set_halt_simulation 1001e1e0 f   sfc_mexmsvc80:sfc_mex.obj
 0001:0001d1f0       _sf_mex_get_halt_simulation 1001e1f0 f   sfc_mexmsvc80:sfc_mex.obj
 0001:0001d200       _sf_mex_clear_error_message 1001e200 f   sfc_mexmsvc80:sfc_mex.obj
 0001:0001d220       _sf_mex_get_error_message_for_read 1001e220 f   sfc_mexmsvc80:sfc_mex.obj
 0001:0001d230       _sf_mex_get_error_message_buffer_length 1001e230 f   sfc_mexmsvc80:sfc_mex.obj
 0001:0001d300       _sf_mex_warning_message    1001e300 f   sfc_mexmsvc80:sfc_mex.obj
 0001:0001d350       _sf_mex_v_errbuf_createf   1001e350 f   sfc_mexmsvc80:sfc_mex.obj
 0001:0001d370       _sf_mex_errbuf_createf     1001e370 f   sfc_mexmsvc80:sfc_mex.obj
 0001:0001d390       _sf_mex_v_errbuf_catf      1001e390 f   sfc_mexmsvc80:sfc_mex.obj
 0001:0001d3d0       _sf_mex_errbuf_catf        1001e3d0 f   sfc_mexmsvc80:sfc_mex.obj
 0001:0001d410       _sf_mex_errbuf_copy        1001e410 f   sfc_mexmsvc80:sfc_mex.obj
 0001:0001d430       _sf_mex_errbuf_clear       1001e430 f   sfc_mexmsvc80:sfc_mex.obj
 0001:0001d440       _sf_mex_errbuf_isempty     1001e440 f   sfc_mexmsvc80:sfc_mex.obj
 0001:0001d4d0       _sf_mex_set_error_status   1001e4d0 f   sfc_mexmsvc80:sfc_mex.obj
 0001:0001d500       _sf_mex_error_direct_call  1001e500 f   sfc_mexmsvc80:sfc_mex.obj
 0001:0001d520       _sf_mex_error_message_no_long_jump 1001e520 f   sfc_mexmsvc80:sfc_mex.obj
 0001:0001d550       _sf_mex_long_jump_on_error 1001e550 f   sfc_mexmsvc80:sfc_mex.obj
 0001:0001d580       _sf_mex_call_matlab        1001e580 f   sfc_mexmsvc80:sfc_mex.obj
 0001:0001d650       _sf_mex_check_builtin      1001e650 f   sfc_mexmsvc80:sfc_mex.obj
 0001:0001d680       _sf_mex_check_builtin_vs   1001e680 f   sfc_mexmsvc80:sfc_mex.obj
 0001:0001d6c0       _sf_mex_check_enum         1001e6c0 f   sfc_mexmsvc80:sfc_mex.obj
 0001:0001d6f0       _sf_mex_create_enum        1001e6f0 f   sfc_mexmsvc80:sfc_mex.obj
 0001:0001d710       _sf_mex_get_enum_element   1001e710 f   sfc_mexmsvc80:sfc_mex.obj
 0001:0001d720       _sf_mex_createcellarray    1001e720 f   sfc_mexmsvc80:sfc_mex.obj
 0001:0001d740       _sf_mex_setcell            1001e740 f   sfc_mexmsvc80:sfc_mex.obj
 0001:0001d750       _sf_mex_getcell            1001e750 f   sfc_mexmsvc80:sfc_mex.obj
 0001:0001d760       _sf_mex_dup                1001e760 f   sfc_mexmsvc80:sfc_mex.obj
 0001:0001d790       _sf_mex_assign             1001e790 f   sfc_mexmsvc80:sfc_mex.obj
 0001:0001d7e0       _sf_mex_destroy            1001e7e0 f   sfc_mexmsvc80:sfc_mex.obj
 0001:0001d800       _mx_array_has_fi_type      1001e800 f   sfc_mexmsvc80:sfc_mex.obj
 0001:0001d830       _sf_mex_convert_from_fi    1001e830 f   sfc_mexmsvc80:sfc_mex.obj
 0001:0001d8b0       _sf_mex_convert_to_double  1001e8b0 f   sfc_mexmsvc80:sfc_mex.obj
 0001:0001d8f0       _sf_mex_import_fi_vs       1001e8f0 f   sfc_mexmsvc80:sfc_mex.obj
 0001:0001da50       _sf_matrix_matrix_index_ok 1001ea50 f   sfc_mexmsvc80:sfc_mex.obj
 0001:0001dac0       _sf_vector_vector_index_ok 1001eac0 f   sfc_mexmsvc80:sfc_mex.obj
 0001:0001daf0       _ssGetCurrentInputPortDimensions_wrapper 1001eaf0 f   sfc_mexmsvc80:sfc_mex.obj
 0001:0001db10       _ssGetCurrentOutputPortDimensions_wrapper 1001eb10 f   sfc_mexmsvc80:sfc_mex.obj
 0001:0001db30       _sf_mex_emlrt_context_is_debug_mode 1001eb30 f   sfc_mexmsvc80:sfc_mex.obj
 0001:0001db40       _sf_mex_emlrt_context_set_debug_mode 1001eb40 f   sfc_mexmsvc80:sfc_mex.obj
 0001:0001db90       _sf_clear_error_manager_info 1001eb90 f   sfc_mexmsvc80:sfc_mex.obj
 0001:0001dbe0       _sf_mex_stop_simulation_abruptly_wo_error 1001ebe0 f   sfc_mexmsvc80:sfc_mex.obj
 0001:0001dc10       _sf_mex_error_message      1001ec10 f   sfc_mexmsvc80:sfc_mex.obj
 0001:0001dc60       _sf_react_to_error_in_matlab_call 1001ec60 f   sfc_mexmsvc80:sfc_mex.obj
 0001:0001dc80       _sf_mex_addfield           1001ec80 f   sfc_mexmsvc80:sfc_mex.obj
 0001:0001dcf0       _sf_mex_getfield           1001ecf0 f   sfc_mexmsvc80:sfc_mex.obj
 0001:0001df70       _sf_mex_check_class        1001ef70 f   sfc_mexmsvc80:sfc_mex.obj
 0001:0001dfe0       _sf_mex_is_real            1001efe0 f   sfc_mexmsvc80:sfc_mex.obj
 0001:0001e1f0       _sf_mex_decode_encoded_mx_struct_array 1001f1f0 f   sfc_mexmsvc80:sfc_mex.obj
 0001:0001e390       _sf_mex_lw_bounds_check    1001f390 f   sfc_mexmsvc80:sfc_mex.obj
 0001:0001e3c0       _sf_mex_lw_size_eq_check_1d 1001f3c0 f   sfc_mexmsvc80:sfc_mex.obj
 0001:0001e3e0       _sf_mex_lw_size_eq_check_nd 1001f3e0 f   sfc_mexmsvc80:sfc_mex.obj
 0001:0001e4c0       _sf_mex_lw_dim_size_eq_check 1001f4c0 f   sfc_mexmsvc80:sfc_mex.obj
 0001:0001e4f0       _sf_mex_lw_dim_size_geq_check 1001f4f0 f   sfc_mexmsvc80:sfc_mex.obj
 0001:0001e520       _sf_mex_lw_sub_assign_size_check_nd 1001f520 f   sfc_mexmsvc80:sfc_mex.obj
 0001:0001e650       _sf_mex_lw_runtime_error_msgid 1001f650 f   sfc_mexmsvc80:sfc_mex.obj
 0001:0001e700       _sf_mex_lw_matrix_matrix_index_check 1001f700 f   sfc_mexmsvc80:sfc_mex.obj
 0001:0001e730       _sf_mex_lw_vector_vector_index_check 1001f730 f   sfc_mexmsvc80:sfc_mex.obj
 0001:0001e770       _sf_mex_lw_non_negative_check 1001f770 f   sfc_mexmsvc80:sfc_mex.obj
 0001:0001e7a0       _sf_mex_overflow_error     1001f7a0 f   sfc_mexmsvc80:sfc_mex.obj
 0001:0001e7b0       _sf_mex_dividebyzero_error 1001f7b0 f   sfc_mexmsvc80:sfc_mex.obj
 0001:0001e7c0       _sf_mex_unsafe_enum_error  1001f7c0 f   sfc_mexmsvc80:sfc_mex.obj
 0001:0001e7d0       _sf_emlrtErrHandler        1001f7d0 f   sfc_mexmsvc80:sfc_mex.obj
 0001:0001e880       _sf_mex_printf             1001f880 f   sfc_mexmsvc80:sfc_mex.obj
 0001:0001e960       _sf_mex_check_size         1001f960 f   sfc_mexmsvc80:sfc_mex.obj
 0001:0001ebe0       _sf_mex_check_struct       1001fbe0 f   sfc_mexmsvc80:sfc_mex.obj
 0001:0001ee30       _sf_mex_check_struct_vs    1001fe30 f   sfc_mexmsvc80:sfc_mex.obj
 0001:0001ee70       _sf_mex_check_fi           1001fe70 f   sfc_mexmsvc80:sfc_mex.obj
 0001:0001ef40       _sf_mex_check_fi_vs        1001ff40 f   sfc_mexmsvc80:sfc_mex.obj
 0001:0001ef90       _sf_echo_expression        1001ff90 f   sfc_mexmsvc80:sfc_mex.obj
 0001:0001efe0       _sf_assertion_failed       1001ffe0 f   sfc_mexmsvc80:sfc_mex.obj
 0001:0001f270       _sf_mex_evalin             10020270 f   sfc_mexmsvc80:sfc_mex.obj
 0001:0001f4d0       _sf_mex_export             100204d0 f   sfc_mexmsvc80:sfc_mex.obj
 0001:0001f580       _sf_mex_get_ml_var_no_error 10020580 f   sfc_mexmsvc80:sfc_mex.obj
 0001:0001f6e0       _sf_mex_get_ml_var         100206e0 f   sfc_mexmsvc80:sfc_mex.obj
 0001:0001fbb0       _ml_set_element_value_in_array 10020bb0 f   sfc_mexmsvc80:sfc_mex.obj
 0001:00020ce0       _sf_mex_call_impl          10021ce0 f   sfc_mexmsvc80:sfc_mex.obj
 0001:00021070       _sf_mex_call_debug         10022070 f   sfc_mexmsvc80:sfc_mex.obj
 0001:00021090       _sf_mex_call               10022090 f   sfc_mexmsvc80:sfc_mex.obj
 0001:000217a0       _sf_mex_createstruct       100227a0 f   sfc_mexmsvc80:sfc_mex.obj
 0001:00021840       _sf_mex_createstructarray  10022840 f   sfc_mexmsvc80:sfc_mex.obj
 0001:000218a0       _sf_mex_get_mx_datatype_from_sf_datatype 100228a0 f   sfc_mexmsvc80:sfc_mex.obj
 0001:00021b20       _sf_mex_ml_var_sub         10022b20 f   sfc_mexmsvc80:sfc_mex.obj
 0001:00021c90       _sf_mex_ml_var_subsasgn    10022c90 f   sfc_mexmsvc80:sfc_mex.obj
 0001:00021fb0       _sf_mex_sub                10022fb0 f   sfc_mexmsvc80:sfc_mex.obj
 0001:00022150       _sf_mex_subsasgn           10023150 f   sfc_mexmsvc80:sfc_mex.obj
 0001:00022530       _sf_mex_create             10023530 f   sfc_mexmsvc80:sfc_mex.obj
 0001:00022e20       _sf_mex_import_named       10023e20 f   sfc_mexmsvc80:sfc_mex.obj
 0001:00022e70       _sf_mex_import             10023e70 f   sfc_mexmsvc80:sfc_mex.obj
 0001:00022eb0       _sf_mex_import_vs          10023eb0 f   sfc_mexmsvc80:sfc_mex.obj
 0001:00022f50       _sf_mex_lower_fixpt_mx_array 10023f50 f   sfc_mexmsvc80:sfc_mex.obj
 0001:00023310       _sim_mode_is_rtw_gen       10024310 f   sfc_mexmsvc80:sfc_sf.obj
 0001:00023350       _sim_mode_is_external      10024350 f   sfc_mexmsvc80:sfc_sf.obj
 0001:00023370       _sim_mode_is_modelref_sim  10024370 f   sfc_mexmsvc80:sfc_sf.obj
 0001:000233a0       _mdlInitializeSizes        100243a0 f   sfc_mexmsvc80:sfc_sf.obj
 0001:000233c0       _mdlInitializeSampleTimes  100243c0 f   sfc_mexmsvc80:sfc_sf.obj
 0001:00023400       _mdlZeroCrossings          10024400 f   sfc_mexmsvc80:sfc_sf.obj
 0001:000234b0       _mdlDerivatives            100244b0 f   sfc_mexmsvc80:sfc_sf.obj
 0001:00023550       _mdl_initialize_conditions_processing 10024550 f   sfc_mexmsvc80:sfc_sf.obj
 0001:00023580       _mdlInitializeConditions   10024580 f   sfc_mexmsvc80:sfc_sf.obj
 0001:00023620       _mdlGetSimState            10024620 f   sfc_mexmsvc80:sfc_sf.obj
 0001:00023640       _mdlSetSimState            10024640 f   sfc_mexmsvc80:sfc_sf.obj
 0001:00023660       _mdl_ext_mode_exec_processing 10024660 f   sfc_mexmsvc80:sfc_sf.obj
 0001:00023680       _mdlExtModeExec            10024680 f   sfc_mexmsvc80:sfc_sf.obj
 0001:00023810       _mdlTerminate              10024810 f   sfc_mexmsvc80:sfc_sf.obj
 0001:00023870       _mdlRTW                    10024870 f   sfc_mexmsvc80:sfc_sf.obj
 0001:000238a0       _mdlSetWorkWidths          100248a0 f   sfc_mexmsvc80:sfc_sf.obj
 0001:000238c0       _mdlProcessParameters      100248c0 f   sfc_mexmsvc80:sfc_sf.obj
 0001:000238e0       _mdl_start_processing      100248e0 f   sfc_mexmsvc80:sfc_sf.obj
 0001:00023920       _mdlStart                  10024920 f   sfc_mexmsvc80:sfc_sf.obj
 0001:000239f0       _mdlEnable                 100249f0 f   sfc_mexmsvc80:sfc_sf.obj
 0001:00023aa0       _mdlDisable                10024aa0 f   sfc_mexmsvc80:sfc_sf.obj
 0001:00023b30       _sf_get_chart_instance_ptr 10024b30 f   sfc_mexmsvc80:sfc_sf.obj
 0001:00023b50       _sf_rtw_info_uint_prop     10024b50 f   sfc_mexmsvc80:sfc_sf.obj
 0001:00023c90       _sf_is_chart_inlinable     10024c90 f   sfc_mexmsvc80:sfc_sf.obj
 0001:00023cc0       _sf_mark_output_events_with_multiple_callers 10024cc0 f   sfc_mexmsvc80:sfc_sf.obj
 0001:00023e40       _sf_mark_chart_reusable_outputs 10024e40 f   sfc_mexmsvc80:sfc_sf.obj
 0001:00023fd0       _sf_mark_chart_expressionable_inputs 10024fd0 f   sfc_mexmsvc80:sfc_sf.obj
 0001:000241d0       _sf_get_subchart_simstruct 100251d0 f   sfc_mexmsvc80:sfc_sf.obj
 0001:00024210       _sf_write_symbol_mapping   10025210 f   sfc_mexmsvc80:sfc_sf.obj
 0001:000243f0       _sf_get_fixpt_data_type_id 100253f0 f   sfc_mexmsvc80:sfc_sf.obj
 0001:00024430       _sf_get_enum_data_type_id  10025430 f   sfc_mexmsvc80:sfc_sf.obj
 0001:00024470       _sf_get_param_data_type_id 10025470 f   sfc_mexmsvc80:sfc_sf.obj
 0001:000244a0       _sf_mex_listen_for_ctrl_c_force 100254a0 f   sfc_mexmsvc80:sfc_sf.obj
 0001:000245a0       _sf_mex_draw_now           100255a0 f   sfc_mexmsvc80:sfc_sf.obj
 0001:000245e0       _sf_mex_set_debugger_sim_status_listener_fcn 100255e0 f   sfc_mexmsvc80:sfc_sf.obj
 0001:000245f0       _sf_mex_listen_for_ctrl_c  100255f0 f   sfc_mexmsvc80:sfc_sf.obj
 0001:00024680       _sf_mex_get_sfun_param     10025680 f   sfc_mexmsvc80:sfc_sf.obj
 0001:000246d0       _sf_get_runtime_param_data 100256d0 f   sfc_mexmsvc80:sfc_sf.obj
 0001:00024710       _sf_call_output_fcn_call   10025710 f   sfc_mexmsvc80:sfc_sf.obj
 0001:00024830       _sf_call_output_fcn_enable 10025830 f   sfc_mexmsvc80:sfc_sf.obj
 0001:000248b0       _sf_call_output_fcn_disable 100258b0 f   sfc_mexmsvc80:sfc_sf.obj
 0001:00024930       _sf_clear_rtw_identifier   10025930 f   sfc_mexmsvc80:sfc_sf.obj
 0001:00025160       _sf_set_encoded_dwork_info 10026160 f   sfc_mexmsvc80:sfc_sf.obj
 0001:000251a0       _sf_get_dwork_info_from_mat_file 100261a0 f   sfc_mexmsvc80:sfc_sf.obj
 0001:00025310       _sf_set_rtw_dwork_info     10026310 f   sfc_mexmsvc80:sfc_sf.obj
 0001:00025440       _mdlOutputs                10026440 f   sfc_mexmsvc80:sfc_sf.obj
 0001:00025550       _sf_debug_disp             10026550 f   sfc_debugmsvc80:sfcdebug.obj
 0001:00025750       _sf_debug_data_runtime_size_mismatch_error_check 10026750 f   sfc_debugmsvc80:sfcdebug.obj
 0001:00025790       _sf_debug_try_loading_machine 10026790 f   sfc_debugmsvc80:sfcdebug.obj
 0001:00025860       _sf_debug_reset_current_state_configuration 10026860 f   sfc_debugmsvc80:sfcdebug.obj
 0001:000258a0       _sf_debug_store_current_state_configuration 100268a0 f   sfc_debugmsvc80:sfcdebug.obj
 0001:000258e0       _sf_debug_restore_previous_state_configuration 100268e0 f   sfc_debugmsvc80:sfcdebug.obj
 0001:00025920       _sf_debug_restore_previous_state_configuration2 10026920 f   sfc_debugmsvc80:sfcdebug.obj
 0001:00025960       _sf_debug_get_event_scope  10026960 f   sfc_debugmsvc80:sfcdebug.obj
 0001:00025a80       _use_debugger_step_animation 10026a80 f   sfc_debugmsvc80:sfcdebug.obj
 0001:00025aa0       _sf_debug_get_script_id    10026aa0 f   sfc_debugmsvc80:sfcdebug.obj
 0001:00025b30       _sf_debug_set_script_translation 10026b30 f   sfc_debugmsvc80:sfcdebug.obj
 0001:00025bc0       _sf_debug_get_current_machine_id 10026bc0 f   sfc_debugmsvc80:sfcdebug.obj
 0001:00025be0       _sf_debug_get_current_optional_integer 10026be0 f   sfc_debugmsvc80:sfcdebug.obj
 0001:00025bf0       _sf_debug_get_current_machine_number 10026bf0 f   sfc_debugmsvc80:sfcdebug.obj
 0001:00025c10       _sf_debug_get_current_machine_name 10026c10 f   sfc_debugmsvc80:sfcdebug.obj
 0001:00025c30       _sf_debug_get_current_chart_id 10026c30 f   sfc_debugmsvc80:sfcdebug.obj
 0001:00025c60       _sf_debug_get_current_chart_number 10026c60 f   sfc_debugmsvc80:sfcdebug.obj
 0001:00025c70       _sf_debug_get_current_instance_number 10026c70 f   sfc_debugmsvc80:sfcdebug.obj
 0001:00025c80       _sf_debug_get_current_is_minor_time_step 10026c80 f   sfc_debugmsvc80:sfcdebug.obj
 0001:00025cf0       _sf_debug_get_current_object_type 10026cf0 f   sfc_debugmsvc80:sfcdebug.obj
 0001:00025d00       _sf_debug_get_current_instance_handle 10026d00 f   sfc_debugmsvc80:sfcdebug.obj
 0001:00025d50       _sf_debug_get_current_event_type 10026d50 f   sfc_debugmsvc80:sfcdebug.obj
 0001:00025d60       _sf_debug_get_current_object_id 10026d60 f   sfc_debugmsvc80:sfcdebug.obj
 0001:00025d90       _sf_debug_get_current_active_event_type 10026d90 f   sfc_debugmsvc80:sfcdebug.obj
 0001:00025da0       _sf_debug_get_current_active_event_id 10026da0 f   sfc_debugmsvc80:sfcdebug.obj
 0001:00025dd0       _sf_debug_get_current_tag_type 10026dd0 f   sfc_debugmsvc80:sfcdebug.obj
 0001:00025de0       _sf_debug_get_current_simulation_time 10026de0 f   sfc_debugmsvc80:sfcdebug.obj
 0001:00025df0       _sf_debug_get_current_coverage_percentage 10026df0 f   sfc_debugmsvc80:sfcdebug.obj
 0001:00025e00       _sf_debug_current_statement_context 10026e00 f   sfc_debugmsvc80:sfcdebug.obj
 0001:00025e80       _sf_debug_get_current_statement_info 10026e80 f   sfc_debugmsvc80:sfcdebug.obj
 0001:00025fc0       _sf_debug_terminate_instance 10026fc0 f   sfc_debugmsvc80:sfcdebug.obj
 0001:00026240       _sf_debug_assertion_failed 10027240 f   sfc_debugmsvc80:sfcdebug.obj
 0001:00026410       _sf_debug_set_number_of_data_with_change_event_for_machine 10027410 f   sfc_debugmsvc80:sfcdebug.obj
 0001:00026450       _sf_debug_set_machine_event_thresholds 10027450 f   sfc_debugmsvc80:sfcdebug.obj
 0001:00026480       _sf_debug_set_machine_event_scope 10027480 f   sfc_debugmsvc80:sfcdebug.obj
 0001:000264c0       _sf_debug_set_machine_data_thresholds 100274c0 f   sfc_debugmsvc80:sfcdebug.obj
 0001:00026500       _sf_debug_set_machine_data_scope 10027500 f   sfc_debugmsvc80:sfcdebug.obj
 0001:00026580       _sf_debug_set_machine_data_name 10027580 f   sfc_debugmsvc80:sfcdebug.obj
 0001:000265d0       _sf_debug_set_machine_data_size 100275d0 f   sfc_debugmsvc80:sfcdebug.obj
 0001:000266c0       _sf_debug_set_machine_data_type 100276c0 f   sfc_debugmsvc80:sfcdebug.obj
 0001:000267e0       _sf_debug_get_chart_data_number 100277e0 f   sfc_debugmsvc80:sfcdebug.obj
 0001:00026810       _sf_debug_get_chart_event_number 10027810 f   sfc_debugmsvc80:sfcdebug.obj
 0001:00026840       _sf_debug_set_chart_state_info 10027840 f   sfc_debugmsvc80:sfcdebug.obj
 0001:000268c0       _sf_debug_set_chart_decomposition 100278c0 f   sfc_debugmsvc80:sfcdebug.obj
 0001:00026930       _sf_debug_set_chart_substate_count 10027930 f   sfc_debugmsvc80:sfcdebug.obj
 0001:000269f0       _sf_debug_set_chart_substate_index 100279f0 f   sfc_debugmsvc80:sfcdebug.obj
 0001:00026a60       _sf_debug_set_chart_state_substate_count 10027a60 f   sfc_debugmsvc80:sfcdebug.obj
 0001:00026b40       _sf_debug_set_chart_state_substate_index 10027b40 f   sfc_debugmsvc80:sfcdebug.obj
 0001:00026bc0       _sf_debug_set_number_of_data_with_change_event_for_chart 10027bc0 f   sfc_debugmsvc80:sfcdebug.obj
 0001:00026c40       _sf_debug_set_number_of_states_with_entry_event_for_chart 10027c40 f   sfc_debugmsvc80:sfcdebug.obj
 0001:00026cb0       _sf_debug_set_number_of_states_with_exit_event_for_chart 10027cb0 f   sfc_debugmsvc80:sfcdebug.obj
 0001:00026d20       _sf_debug_set_chart_disable_implicit_casting 10027d20 f   sfc_debugmsvc80:sfcdebug.obj
 0001:00026d90       _sf_debug_set_chart_event_thresholds 10027d90 f   sfc_debugmsvc80:sfcdebug.obj
 0001:00026e00       _sf_debug_set_chart_data_compiled_props 10027e00 f   sfc_debugmsvc80:sfcdebug.obj
 0001:00027070       _sf_debug_set_chart_data_props 10028070 f   sfc_debugmsvc80:sfcdebug.obj
 0001:000272e0       _sf_debug_check_fi_license 100282e0 f   sfc_debugmsvc80:sfcdebug.obj
 0001:00027470       _sf_debug_symbol_scope_push 10028470 f   sfc_debugmsvc80:sfcdebug.obj
 0001:000274b0       _sf_debug_symbol_scope_push_eml 100284b0 f   sfc_debugmsvc80:sfcdebug.obj
 0001:000274f0       _sf_debug_symbol_scope_pop 100284f0 f   sfc_debugmsvc80:sfcdebug.obj
 0001:00027520       _sf_debug_symbol_scope_add_importable 10028520 f   sfc_debugmsvc80:sfcdebug.obj
 0001:00027580       _sf_debug_symbol_scope_add 10028580 f   sfc_debugmsvc80:sfcdebug.obj
 0001:000275e0       _sf_debug_symbol_scope_add_dyn_importable 100285e0 f   sfc_debugmsvc80:sfcdebug.obj
 0001:00027650       _sf_debug_symbol_scope_add_dyn 10028650 f   sfc_debugmsvc80:sfcdebug.obj
 0001:00027680       _sf_debug_symbol_scope_add_eml_importable 10028680 f   sfc_debugmsvc80:sfcdebug.obj
 0001:000276b0       _sf_debug_symbol_scope_add_eml 100286b0 f   sfc_debugmsvc80:sfcdebug.obj
 0001:000276e0       _sf_debug_symbol_scope_add_eml_dyn_importable 100286e0 f   sfc_debugmsvc80:sfcdebug.obj
 0001:00027730       _sf_debug_symbol_scope_add_eml_dyn 10028730 f   sfc_debugmsvc80:sfcdebug.obj
 0001:00027780       _sf_debug_symbol_switch    10028780 f   sfc_debugmsvc80:sfcdebug.obj
 0001:000277a0       _sf_debug_symbol_scope_add_verbose 100287a0 f   sfc_debugmsvc80:sfcdebug.obj
 0001:00027810       _sf_debug_set_machine_data_value_ptr 10028810 f   sfc_debugmsvc80:sfcdebug.obj
 0001:00027850       _sf_debug_set_instance_data_value_ptr 10028850 f   sfc_debugmsvc80:sfcdebug.obj
 0001:000278b0       _sf_debug_unset_instance_data_value_ptr 100288b0 f   sfc_debugmsvc80:sfcdebug.obj
 0001:00027900       _sf_debug_set_chart_event_scope 10028900 f   sfc_debugmsvc80:sfcdebug.obj
 0001:00027980       _sf_debug_set_chart_transition_coverage_maps 10028980 f   sfc_debugmsvc80:sfcdebug.obj
 0001:00027a10       _sf_debug_set_chart_state_coverage_maps 10028a10 f   sfc_debugmsvc80:sfcdebug.obj
 0001:00027a90       _sf_debug_set_instance_transition_coverage_weights 10028a90 f   sfc_debugmsvc80:sfcdebug.obj
 0001:00027b00       _sf_debug_set_instance_state_coverage_weights 10028b00 f   sfc_debugmsvc80:sfcdebug.obj
 0001:00027d00       _sf_debug_unload_machine   10028d00 f   sfc_debugmsvc80:sfcdebug.obj
 0001:00027d50       _sf_debug_load_machine     10028d50 f   sfc_debugmsvc80:sfcdebug.obj
 0001:00027e00       _sf_debug_set_active_instance_in_data_dictionary 10028e00 f   sfc_debugmsvc80:sfcdebug.obj
 0001:00027f80       _sf_debug_set_active_instance 10028f80 f   sfc_debugmsvc80:sfcdebug.obj
 0001:00028070       _sf_debug_chart_visiblity_change 10029070 f   sfc_debugmsvc80:sfcdebug.obj
 0001:00028110       _sf_debug_select_chart     10029110 f   sfc_debugmsvc80:sfcdebug.obj
 0001:000281b0       _sf_debug_set_instance_cv_ids 100291b0 f   sfc_debugmsvc80:sfcdebug.obj
 0001:00028370       _sf_debug_select_charts    10029370 f   sfc_debugmsvc80:sfcdebug.obj
 0001:00028450       _sf_debug_initialized      10029450 f   sfc_debugmsvc80:sfcdebug.obj
 0001:00028460       _sf_debug_is_uninterruptible 10029460 f   sfc_debugmsvc80:sfcdebug.obj
 0001:00028490       _sf_debug_initialize_debugger_gui 10029490 f   sfc_debugmsvc80:sfcdebug.obj
 0001:00028810       _sf_debug_resume           10029810 f   sfc_debugmsvc80:sfcdebug.obj
 0001:00028830       _sf_debug_go               10029830 f   sfc_debugmsvc80:sfcdebug.obj
 0001:00028840       _sf_debug_break            10029840 f   sfc_debugmsvc80:sfcdebug.obj
 0001:00028850       _sf_debug_step_over        10029850 f   sfc_debugmsvc80:sfcdebug.obj
 0001:00028860       _sf_debug_step_out         10029860 f   sfc_debugmsvc80:sfcdebug.obj
 0001:00028870       _sf_debug_set_disable_all_breakpoints 10029870 f   sfc_debugmsvc80:sfcdebug.obj
 0001:00028880       _sf_debug_disable_all_breakpoints_and_go 10029880 f   sfc_debugmsvc80:sfcdebug.obj
 0001:00028890       _sf_debug_break_on_chart_entry 10029890 f   sfc_debugmsvc80:sfcdebug.obj
 0001:000288a0       _sf_debug_break_on_event_broadcast 100298a0 f   sfc_debugmsvc80:sfcdebug.obj
 0001:000288b0       _sf_debug_break_on_state_entry 100298b0 f   sfc_debugmsvc80:sfcdebug.obj
 0001:000288c0       _sf_debug_break_between_times 100298c0 f   sfc_debugmsvc80:sfcdebug.obj
 0001:000288f0       _sf_debug_browse_data      100298f0 f   sfc_debugmsvc80:sfcdebug.obj
 0001:00028910       _sf_debug_watch_data       10029910 f   sfc_debugmsvc80:sfcdebug.obj
 0001:00028930       _sf_debug_assign_data      10029930 f   sfc_debugmsvc80:sfcdebug.obj
 0001:00028950       _sf_debug_whos             10029950 f   sfc_debugmsvc80:sfcdebug.obj
 0001:00028970       _sf_debug_get_consistency_info 10029970 f   sfc_debugmsvc80:sfcdebug.obj
 0001:00028990       _sf_debug_browse_trace     10029990 f   sfc_debugmsvc80:sfcdebug.obj
 0001:000289b0       _sf_debug_set_breakpoints  100299b0 f   sfc_debugmsvc80:sfcdebug.obj
 0001:00028a70       _sf_debug_set_eml_breakpoints 10029a70 f   sfc_debugmsvc80:sfcdebug.obj
 0001:00028b80       _sf_debug_set_script_breakpoints 10029b80 f   sfc_debugmsvc80:sfcdebug.obj
 0001:00028c00       _sf_debug_add_script_breakpoints 10029c00 f   sfc_debugmsvc80:sfcdebug.obj
 0001:00028c70       _sf_debug_clear_script_breakpoints 10029c70 f   sfc_debugmsvc80:sfcdebug.obj
 0001:00028ce0       _sf_debug_query_script_breakpoints 10029ce0 f   sfc_debugmsvc80:sfcdebug.obj
 0001:00028d80       _sf_debug_get_eml_script_id 10029d80 f   sfc_debugmsvc80:sfcdebug.obj
 0001:00028dd0       _sf_debug_set_watch        10029dd0 f   sfc_debugmsvc80:sfcdebug.obj
 0001:00028f60       _sf_debug_get_coverage     10029f60 f   sfc_debugmsvc80:sfcdebug.obj
 0001:00028f80       _sf_debug_get_instance_handle 10029f80 f   sfc_debugmsvc80:sfcdebug.obj
 0001:00029000       _sf_debug_get_active_states 1002a000 f   sfc_debugmsvc80:sfcdebug.obj
 0001:00029020       _sf_debug_get_animation    1002a020 f   sfc_debugmsvc80:sfcdebug.obj
 0001:00029030       _sf_debug_set_animation    1002a030 f   sfc_debugmsvc80:sfcdebug.obj
 0001:00029040       _sf_debug_animate          1002a040 f   sfc_debugmsvc80:sfcdebug.obj
 0001:00029070       _sf_debug_cycle_detection_check 1002a070 f   sfc_debugmsvc80:sfcdebug.obj
 0001:00029080       _sf_debug_data_range_check 1002a080 f   sfc_debugmsvc80:sfcdebug.obj
 0001:00029090       _sf_debug_transition_conflict_check 1002a090 f   sfc_debugmsvc80:sfcdebug.obj
 0001:000290a0       _sf_debug_state_consistency_check 1002a0a0 f   sfc_debugmsvc80:sfcdebug.obj
 0001:000290b0       _sf_debug_data_range_check_enabled 1002a0b0 f   sfc_debugmsvc80:sfcdebug.obj
 0001:000290c0       _sf_debug_transition_conflict_check_enabled 1002a0c0 f   sfc_debugmsvc80:sfcdebug.obj
 0001:000290d0       _sf_debug_transition_conflict_check_begin 1002a0d0 f   sfc_debugmsvc80:sfcdebug.obj
 0001:000290f0       _sf_debug_transition_conflict_check_end 1002a0f0 f   sfc_debugmsvc80:sfcdebug.obj
 0001:00029110       _sf_debug_stop_debugging   1002a110 f   sfc_debugmsvc80:sfcdebug.obj
 0001:00029140       _sf_debug_is_cycle_detected 1002a140 f   sfc_debugmsvc80:sfcdebug.obj
 0001:00029150       _sf_debug_is_array_bounds_detected 1002a150 f   sfc_debugmsvc80:sfcdebug.obj
 0001:00029160       _sf_debug_get_state_vectors_data_size 1002a160 f   sfc_debugmsvc80:sfcdebug.obj
 0001:000291a0       _sf_debug_get_state_vectors_data 1002a1a0 f   sfc_debugmsvc80:sfcdebug.obj
 0001:00029270       _sf_debug_set_state_vectors_data 1002a270 f   sfc_debugmsvc80:sfcdebug.obj
 0001:000294a0       _sf_debug_get_script_index 1002a4a0 f   sfc_debugmsvc80:sfcdebug.obj
 0001:000295d0       _sf_debug_add_script       1002a5d0 f   sfc_debugmsvc80:sfcdebug.obj
 0001:00029720       _cv_eval_point             1002a720 f   sfc_debugmsvc80:sfcdebug.obj
 0001:000297f0       _sf_debug_cv_init_state    1002a7f0 f   sfc_debugmsvc80:sfcdebug.obj
 0001:00029880       _sf_debug_cv_init_chart    1002a880 f   sfc_debugmsvc80:sfcdebug.obj
 0001:00029900       _sf_debug_cv_init_trans    1002a900 f   sfc_debugmsvc80:sfcdebug.obj
 0001:000299e0       _cv_eml_init_script        1002a9e0 f   sfc_debugmsvc80:sfcdebug.obj
 0001:00029a50       _cv_eml_init_fcn           1002aa50 f   sfc_debugmsvc80:sfcdebug.obj
 0001:00029ab0       _cv_eml_init_testobjective 1002aab0 f   sfc_debugmsvc80:sfcdebug.obj
 0001:00029b10       _cv_eml_init_if            1002ab10 f   sfc_debugmsvc80:sfcdebug.obj
 0001:00029b70       _cv_eml_init_for           1002ab70 f   sfc_debugmsvc80:sfcdebug.obj
 0001:00029bd0       _cv_eml_init_while         1002abd0 f   sfc_debugmsvc80:sfcdebug.obj
 0001:00029c30       _cv_eml_init_mcdc          1002ac30 f   sfc_debugmsvc80:sfcdebug.obj
 0001:00029ca0       _cv_eml_init_switch        1002aca0 f   sfc_debugmsvc80:sfcdebug.obj
 0001:00029d00       _cv_eml_eval               1002ad00 f   sfc_debugmsvc80:sfcdebug.obj
 0001:00029d70       _sf_debug_bm_is_a_eml_breakpoint 1002ad70 f   sfc_debugmsvc80:sfcdebug.obj
 0001:00029ea0       _sf_debug_temporal_threshold 1002aea0 f   sfc_debugmsvc80:sfcdebug.obj
 0001:0002a190       _sf_debug_transition_conflict_error 1002b190 f   sfc_debugmsvc80:sfcdebug.obj
 0001:0002a430       _sf_debug_state_inconsistency_error 1002b430 f   sfc_debugmsvc80:sfcdebug.obj
 0001:0002a520       _sf_debug_check_for_state_inconsistency 1002b520 f   sfc_debugmsvc80:sfcdebug.obj
 0001:0002a560       _sf_debug_cycle_detecton_error 1002b560 f   sfc_debugmsvc80:sfcdebug.obj
 0001:0002ab90       _sf_debug_size_eq_check_1d 1002bb90 f   sfc_debugmsvc80:sfcdebug.obj
 0001:0002abb0       _sf_debug_size_eq_check_nd 1002bbb0 f   sfc_debugmsvc80:sfcdebug.obj
 0001:0002ac90       _sf_debug_dim_size_eq_check 1002bc90 f   sfc_debugmsvc80:sfcdebug.obj
 0001:0002acc0       _sf_debug_dim_size_geq_check 1002bcc0 f   sfc_debugmsvc80:sfcdebug.obj
 0001:0002acf0       _sf_debug_sub_assign_size_check_nd 1002bcf0 f   sfc_debugmsvc80:sfcdebug.obj
 0001:0002ae10       _sf_debug_matrix_matrix_index_check 1002be10 f   sfc_debugmsvc80:sfcdebug.obj
 0001:0002ae50       _sf_debug_vector_vector_index_check 1002be50 f   sfc_debugmsvc80:sfcdebug.obj
 0001:0002ae90       _sf_debug_runtime_error_msgid 1002be90 f   sfc_debugmsvc80:sfcdebug.obj
 0001:0002af20       _sf_debug_data_array_bounds_error_check 1002bf20 f   sfc_debugmsvc80:sfcdebug.obj
 0001:0002af80       _sf_debug_eml_data_array_bounds_error_check 1002bf80 f   sfc_debugmsvc80:sfcdebug.obj
 0001:0002b270       _sf_debug_integer_check    1002c270 f   sfc_debugmsvc80:sfcdebug.obj
 0001:0002b2f0       _sf_debug_not_nan_check    1002c2f0 f   sfc_debugmsvc80:sfcdebug.obj
 0001:0002b340       _sf_debug_non_negative_check 1002c340 f   sfc_debugmsvc80:sfcdebug.obj
 0001:0002b3a0       _sf_debug_overflow_detection 1002c3a0 f   sfc_debugmsvc80:sfcdebug.obj
 0001:0002b8c0       _sf_debug_cast_to_real32_T 1002c8c0 f   sfc_debugmsvc80:sfcdebug.obj
 0001:0002b920       _sf_debug_cast_to_int8_T   1002c920 f   sfc_debugmsvc80:sfcdebug.obj
 0001:0002b9a0       _sf_debug_cast_to_uint8_T  1002c9a0 f   sfc_debugmsvc80:sfcdebug.obj
 0001:0002ba30       _sf_debug_cast_to_int16_T  1002ca30 f   sfc_debugmsvc80:sfcdebug.obj
 0001:0002bab0       _sf_debug_cast_to_uint16_T 1002cab0 f   sfc_debugmsvc80:sfcdebug.obj
 0001:0002bb40       _sf_debug_cast_to_int32_T  1002cb40 f   sfc_debugmsvc80:sfcdebug.obj
 0001:0002bbb0       _sf_debug_cast_to_uint32_T 1002cbb0 f   sfc_debugmsvc80:sfcdebug.obj
 0001:0002bc40       _sf_debug_data_range_error 1002cc40 f   sfc_debugmsvc80:sfcdebug.obj
 0001:0002bfb0       _sf_debug_data_range_error_wrapper_min_max 1002cfb0 f   sfc_debugmsvc80:sfcdebug.obj
 0001:0002c020       _sf_debug_data_range_error_wrapper_min 1002d020 f   sfc_debugmsvc80:sfcdebug.obj
 0001:0002c080       _sf_debug_data_range_error_wrapper_max 1002d080 f   sfc_debugmsvc80:sfcdebug.obj
 0001:0002c0e0       _sf_debug_data_range_wrapper 1002d0e0 f   sfc_debugmsvc80:sfcdebug.obj
 0001:0002c130       _sf_debug_set_current_status_info 1002d130 f   sfc_debugmsvc80:sfcdebug.obj
 0001:0002c490       _sf_debug_call             1002d490 f   sfc_debugmsvc80:sfcdebug.obj
 0001:0002ce80       _sf_debug_initialize_machine 1002de80 f   sfc_debugmsvc80:sfcdebug.obj
 0001:0002d120       _sf_debug_initialize_chart 1002e120 f   sfc_debugmsvc80:sfcdebug.obj
 0001:0002d480       _sf_debug_ensure_script    1002e480 f   sfc_debugmsvc80:sfcdebug.obj
 0001:0002d530       _cv_script_init_script     1002e530 f   sfc_debugmsvc80:sfcdebug.obj
 0001:0002d590       _cv_script_init_fcn        1002e590 f   sfc_debugmsvc80:sfcdebug.obj
 0001:0002d5e0       _cv_script_init_testobjective 1002e5e0 f   sfc_debugmsvc80:sfcdebug.obj
 0001:0002d630       _cv_script_init_if         1002e630 f   sfc_debugmsvc80:sfcdebug.obj
 0001:0002d680       _cv_script_init_for        1002e680 f   sfc_debugmsvc80:sfcdebug.obj
 0001:0002d6d0       _cv_script_init_while      1002e6d0 f   sfc_debugmsvc80:sfcdebug.obj
 0001:0002d720       _cv_script_init_mcdc       1002e720 f   sfc_debugmsvc80:sfcdebug.obj
 0001:0002d780       _cv_script_init_switch     1002e780 f   sfc_debugmsvc80:sfcdebug.obj
 0001:0002d7e0       _cv_script_eval            1002e7e0 f   sfc_debugmsvc80:sfcdebug.obj
 0001:0002d840       _eml_debug_line_call       1002e840 f   sfc_debugmsvc80:sfcdebug.obj
 0001:0002d940       _sf_debug_terminate        1002e940 f   sfc_debugmsvc80:sfcdebug.obj
 0001:0002da70       _sf_debug_set_script_cv_ids 1002ea70 f   sfc_debugmsvc80:sfcdebug.obj
 0001:0002db80       _sf_debug_api              1002eb80 f   sfc_debugmsvc80:sfc_api.obj
 0001:0002f530       _sf_debug_sm_terminate     10030530 f   sfc_debugmsvc80:sfdb_animation.obj
 0001:0002f6a0       _sf_debug_reset_path_objects 100306a0 f   sfc_debugmsvc80:sfdb_animation.obj
 0001:0002f710       _sf_debug_sm_reset_object_selection_status 10030710 f   sfc_debugmsvc80:sfdb_animation.obj
 0001:0002f7b0       _sf_debug_sm_reset_state_buffer 100307b0 f   sfc_debugmsvc80:sfdb_animation.obj
 0001:0002f870       _sf_debug_sm_store_state_buffer 10030870 f   sfc_debugmsvc80:sfdb_animation.obj
 0001:0002f8f0       _sf_debug_sm_restore_state_buffer1 100308f0 f   sfc_debugmsvc80:sfdb_animation.obj
 0001:0002f950       _sf_debug_sm_restore_state_buffer2 10030950 f   sfc_debugmsvc80:sfdb_animation.obj
 0001:0002f9b0       _sf_debug_sm_chart_active  100309b0 f   sfc_debugmsvc80:sfdb_animation.obj
 0001:0002fa00       _sf_debug_sm_select_active_objects 10030a00 f   sfc_debugmsvc80:sfdb_animation.obj
 0001:0002fd80       _sf_debug_sm_is_chart_active 10030d80 f   sfc_debugmsvc80:sfdb_animation.obj
 0001:0002fdc0       _sf_debug_sm_is_state_active 10030dc0 f   sfc_debugmsvc80:sfdb_animation.obj
 0001:0002ff70       _sf_debug_sm_get_active_states 10030f70 f   sfc_debugmsvc80:sfdb_animation.obj
 0001:000303a0       _sf_debug_sm_initialize_instance 100313a0 f   sfc_debugmsvc80:sfdb_animation.obj
 0001:000305c0       _sf_debug_sm_change_object_selection_status 100315c0 f   sfc_debugmsvc80:sfdb_animation.obj
 0001:000307b0       _cv_create_interface       100317b0 f   sfc_debugmsvc80:cv_sfinterface.obj
 0001:00030ac0       _cv_init_trans             10031ac0 f   sfc_debugmsvc80:cv_sfinterface.obj
 0001:00030b10       _cv_init_state             10031b10 f   sfc_debugmsvc80:cv_sfinterface.obj
 0001:00030b70       _cv_init_chart             10031b70 f   sfc_debugmsvc80:cv_sfinterface.obj
 0001:00030bc0       _cv_dec_update_call        10031bc0 f   sfc_debugmsvc80:cv_sfinterface.obj
 0001:00030c00       _cv_cond_update_call       10031c00 f   sfc_debugmsvc80:cv_sfinterface.obj
 0001:00030c40       _cv_sigrange_update        10031c40 f   sfc_debugmsvc80:cv_sfinterface.obj
 0001:00030c90       _cvsf_eml_eval             10031c90 f   sfc_debugmsvc80:cv_sfinterface.obj
 0001:00030d70       _cvsf_eml_init_script      10031d70 f   sfc_debugmsvc80:cv_sfinterface.obj
 0001:00030dd0       _cvsf_eml_init_fcn         10031dd0 f   sfc_debugmsvc80:cv_sfinterface.obj
 0001:00030e30       _cvsf_eml_init_testobjective 10031e30 f   sfc_debugmsvc80:cv_sfinterface.obj
 0001:00030e90       _cvsf_eml_init_if          10031e90 f   sfc_debugmsvc80:cv_sfinterface.obj
 0001:00030ef0       _cvsf_eml_init_for         10031ef0 f   sfc_debugmsvc80:cv_sfinterface.obj
 0001:00030f50       _cvsf_eml_init_while       10031f50 f   sfc_debugmsvc80:cv_sfinterface.obj
 0001:00030fc0       _cvsf_eml_init_mcdc        10031fc0 f   sfc_debugmsvc80:cv_sfinterface.obj
 0001:00031030       _cvsf_eml_init_switch      10032030 f   sfc_debugmsvc80:cv_sfinterface.obj
 0001:00031090       _cvsf_script_eval          10032090 f   sfc_debugmsvc80:cv_sfinterface.obj
 0001:00031170       _cvsf_script_init_script   10032170 f   sfc_debugmsvc80:cv_sfinterface.obj
 0001:000311d0       _cvsf_script_init_fcn      100321d0 f   sfc_debugmsvc80:cv_sfinterface.obj
 0001:00031230       _cvsf_script_init_testobjective 10032230 f   sfc_debugmsvc80:cv_sfinterface.obj
 0001:00031290       _cvsf_script_init_if       10032290 f   sfc_debugmsvc80:cv_sfinterface.obj
 0001:000312f0       _cvsf_script_init_for      100322f0 f   sfc_debugmsvc80:cv_sfinterface.obj
 0001:00031340       _cvsf_script_init_while    10032340 f   sfc_debugmsvc80:cv_sfinterface.obj
 0001:00031390       _cvsf_script_init_mcdc     10032390 f   sfc_debugmsvc80:cv_sfinterface.obj
 0001:00031400       _cvsf_script_init_switch   10032400 f   sfc_debugmsvc80:cv_sfinterface.obj
 0001:00031460       _cv_destroy_interface      10032460 f   sfc_debugmsvc80:cv_sfinterface.obj
 0001:00031480       _cv_create_instance_objects 10032480 f   sfc_debugmsvc80:cv_sfinterface.obj
 0001:000317c0       _cv_is_enabled             100327c0 f   sfc_debugmsvc80:cv_sfinterface.obj
 0001:000317d0       _sf_debug_cv_initialize_script 100327d0 f   sfc_debugmsvc80:cv_sfinterface.obj
 0001:00031960       _sf_debug_cv_initialize_instance 10032960 f   sfc_debugmsvc80:cv_sfinterface.obj
 0001:00031c60       _sf_debug_cv_terminate_chart 10032c60 f   sfc_debugmsvc80:cv_sfinterface.obj
 0001:00031d50       _cv_call_trans_test        10032d50 f   sfc_debugmsvc80:cv_sfinterface.obj
 0001:00031d60       _cv_call_sub_cond_test     10032d60 f   sfc_debugmsvc80:cv_sfinterface.obj
 0001:00031e70       _sf_debug_hm_initialize_instance 10032e70 f   sfc_debugmsvc80:sfdb_handle_management.obj
 0001:00032350       _sf_debug_hm_get_object_id 10033350 f   sfc_debugmsvc80:sfdb_handle_management.obj
 0001:00033e10       _sf_debug_object_is_eml_function 10034e10 f   sfc_debugmsvc80:sfdb_handle_management.obj
 0001:00033e70       _sf_debug_hm_initialize_ids_in_machine 10034e70 f   sfc_debugmsvc80:sfdb_handle_management.obj
 0001:00033fc0       _sf_debug_hm_initialize_ids_in_chart 10034fc0 f   sfc_debugmsvc80:sfdb_handle_management.obj
 0001:000340e0       _sf_debug_hm_initialize_chart 100350e0 f   sfc_debugmsvc80:sfdb_handle_management.obj
 0001:00034790       _sf_debug_hm_terminate     10035790 f   sfc_debugmsvc80:sfdb_handle_management.obj
 0001:000347f0       _sf_debug_hm_initialize_machine 100357f0 f   sfc_debugmsvc80:sfdb_handle_management.obj
 0001:00034eb0       _sf_debug_st_initialize_machine 10035eb0 f   sfc_debugmsvc80:sfdb_data_browse.obj
 0001:00034f60       _sf_debug_st_initialize_instance 10035f60 f   sfc_debugmsvc80:sfdb_data_browse.obj
 0001:00035120       _sf_debug_st_terminate     10036120 f   sfc_debugmsvc80:sfdb_data_browse.obj
 0001:00035280       _sf_debug_st_set_data_value_ptr_in_machine 10036280 f   sfc_debugmsvc80:sfdb_data_browse.obj
 0001:000352f0       _sf_debug_st_set_data_value_ptr_in_instance 100362f0 f   sfc_debugmsvc80:sfdb_data_browse.obj
 0001:000353a0       _sf_debug_st_unset_data_value_ptr_in_machine 100363a0 f   sfc_debugmsvc80:sfdb_data_browse.obj
 0001:00035400       _sf_debug_st_unset_data_value_ptr_in_instance 10036400 f   sfc_debugmsvc80:sfdb_data_browse.obj
 0001:00035710       _sf_debug_mx_value         10036710 f   sfc_debugmsvc80:sfdb_data_browse.obj
 0001:00035760       _sf_debug_mx_packed_vector 10036760 f   sfc_debugmsvc80:sfdb_data_browse.obj
 0001:00035800       _sf_debug_mx_uint_vector   10036800 f   sfc_debugmsvc80:sfdb_data_browse.obj
 0001:00035880       _sf_debug_st_get_double_value_from_void_ptr_vector 10036880 f   sfc_debugmsvc80:sfdb_data_browse.obj
 0001:00036080       _sf_debug_st_browse_data   10037080 f   sfc_debugmsvc80:sfdb_data_browse.obj
 0001:00036680       _sf_debug_ss_initialize    10037680 f   sfc_debugmsvc80:sfdb_symbol_scope.obj
 0001:000366a0       _sf_debug_ss_terminate     100376a0 f   sfc_debugmsvc80:sfdb_symbol_scope.obj
 0001:00036720       _sf_debug_ss_push_symbol_scope 10037720 f   sfc_debugmsvc80:sfdb_symbol_scope.obj
 0001:000367e0       _sf_debug_ss_push_symbol_scope_eml 100377e0 f   sfc_debugmsvc80:sfdb_symbol_scope.obj
 0001:00036830       _sf_debug_ss_pop_symbol_scope 10037830 f   sfc_debugmsvc80:sfdb_symbol_scope.obj
 0001:000368d0       _sf_debug_ss_add_symbol    100378d0 f   sfc_debugmsvc80:sfdb_symbol_scope.obj
 0001:000369c0       _sf_debug_ss_add_symbol_eml 100379c0 f   sfc_debugmsvc80:sfdb_symbol_scope.obj
 0001:000372e0       _sf_debug_ss_set_data_value 100382e0 f   sfc_debugmsvc80:sfdb_symbol_scope.obj
 0001:00037620       _sf_debug_ss_watch_data    10038620 f   sfc_debugmsvc80:sfdb_symbol_scope.obj
 0001:000376a0       _sf_debug_ss_assign_data   100386a0 f   sfc_debugmsvc80:sfdb_symbol_scope.obj
 0001:00037f40       _get_data_entry_name       10038f40 f   sfc_debugmsvc80:sfdb_symbol_scope.obj
 0001:00037f90       _sf_debug_ss_whos          10038f90 f   sfc_debugmsvc80:sfdb_symbol_scope.obj
 0001:00038430       _sf_debug_cc_initialize_chart 10039430 f   sfc_debugmsvc80:sfdb_coverage.obj
 0001:00038e00       _sf_debug_cc_initialize_instance 10039e00 f   sfc_debugmsvc80:sfdb_coverage.obj
 0001:00039a10       _sf_debug_cc_terminate     1003aa10 f   sfc_debugmsvc80:sfdb_coverage.obj
 0001:00039ae0       _sf_debug_cc_set_transition_maps 1003aae0 f   sfc_debugmsvc80:sfdb_coverage.obj
 0001:00039be0       _sf_debug_cc_set_state_maps 1003abe0 f   sfc_debugmsvc80:sfdb_coverage.obj
 0001:00039cb0       _sf_debug_cc_set_transition_weights 1003acb0 f   sfc_debugmsvc80:sfdb_coverage.obj
 0001:00039ed0       _sf_debug_cc_set_state_weights 1003aed0 f   sfc_debugmsvc80:sfdb_coverage.obj
 0001:0003a110       _sf_debug_cc_mark_transition_guard 1003b110 f   sfc_debugmsvc80:sfdb_coverage.obj
 0001:0003a190       _sf_debug_cc_mark_transition_trigger 1003b190 f   sfc_debugmsvc80:sfdb_coverage.obj
 0001:0003a210       _sf_debug_cc_mark_transition_decision 1003b210 f   sfc_debugmsvc80:sfdb_coverage.obj
 0001:0003a270       _sf_debug_cc_mark_transition_condition_action 1003b270 f   sfc_debugmsvc80:sfdb_coverage.obj
 0001:0003a2c0       _sf_debug_cc_mark_transition_transition_action 1003b2c0 f   sfc_debugmsvc80:sfdb_coverage.obj
 0001:0003a310       _sf_debug_cc_mark_state_entry 1003b310 f   sfc_debugmsvc80:sfdb_coverage.obj
 0001:0003a360       _sf_debug_cc_mark_state_during 1003b360 f   sfc_debugmsvc80:sfdb_coverage.obj
 0001:0003a3b0       _sf_debug_cc_mark_state_exit 1003b3b0 f   sfc_debugmsvc80:sfdb_coverage.obj
 0001:0003a9c0       _sf_debug_cc_get_coverage  1003b9c0 f   sfc_debugmsvc80:sfdb_coverage.obj
 0001:0003ae30       _sf_debug_bm_clear_script_breakpoints 1003be30 f   sfc_debugmsvc80:sfdb_breakpoints.obj
 0001:0003ae70       _sf_debug_bm_set_script_breakpoint 1003be70 f   sfc_debugmsvc80:sfdb_breakpoints.obj
 0001:0003aee0       _sf_debug_bm_clear_single_script_breakpoint 1003bee0 f   sfc_debugmsvc80:sfdb_breakpoints.obj
 0001:0003af50       _sf_debug_bm_query_script_breakpoint 1003bf50 f   sfc_debugmsvc80:sfdb_breakpoints.obj
 0001:0003afa0       _sf_debug_bm_initialize_scripts 1003bfa0 f   sfc_debugmsvc80:sfdb_breakpoints.obj
 0001:0003b540       _sf_debug_bm_terminate     1003c540 f   sfc_debugmsvc80:sfdb_breakpoints.obj
 0001:0003b800       _sf_debug_bm_remove_all_breakpoints_in_machine 1003c800 f   sfc_debugmsvc80:sfdb_breakpoints.obj
 0001:0003b850       _sf_debug_bm_remove_all_breakpoints_in_chart 1003c850 f   sfc_debugmsvc80:sfdb_breakpoints.obj
 0001:0003b980       _sf_debug_bm_initialize_global_breakpoints 1003c980 f   sfc_debugmsvc80:sfdb_breakpoints.obj
 0001:0003bb30       _sf_debug_bm_set_breakpoint 1003cb30 f   sfc_debugmsvc80:sfdb_breakpoints.obj
 0001:0003c090       _sf_debug_bm_set_eml_breakpoint 1003d090 f   sfc_debugmsvc80:sfdb_breakpoints.obj
 0001:0003c110       _sf_debug_bm_initialize_machine_breakpoint_map 1003d110 f   sfc_debugmsvc80:sfdb_breakpoints.obj
 0001:0003c4b0       _sf_debug_bm_is_a_breakpoint 1003d4b0 f   sfc_debugmsvc80:sfdb_breakpoints.obj
 0001:0003c8d0       _sf_debug_bm_get_all_breakpoints_in_machine 1003d8d0 f   sfc_debugmsvc80:sfdb_breakpoints.obj
 0001:0003cb70       _sf_debug_bm_get_all_breakpoints_in_chart 1003db70 f   sfc_debugmsvc80:sfdb_breakpoints.obj
 0001:0003d5a0       _sf_debug_bm_initialize_machine 1003e5a0 f   sfc_debugmsvc80:sfdb_breakpoints.obj
 0001:0003d640       _sf_debug_bm_initialize_chart 1003e640 f   sfc_debugmsvc80:sfdb_breakpoints.obj
 0001:0003d9d0       _sf_debug_sc_terminate     1003e9d0 f   sfc_debugmsvc80:sfdb_state_consistency.obj
 0001:0003dc50       _sf_debug_sc_is_chart_consistent 1003ec50 f   sfc_debugmsvc80:sfdb_state_consistency.obj
 0001:0003de30       _sf_debug_sc_get_consistency_error_info 1003ee30 f   sfc_debugmsvc80:sfdb_state_consistency.obj
 0001:0003e190       _sf_debug_tm_terminate     1003f190 f   sfc_debugmsvc80:sfdb_call_stack.obj
 0001:0003e230       _sf_debug_tm_push_chart_instance 1003f230 f   sfc_debugmsvc80:sfdb_call_stack.obj
 0001:0003e360       _sf_debug_tm_pop_chart_instance 1003f360 f   sfc_debugmsvc80:sfdb_call_stack.obj
 0001:0003e3c0       _sf_debug_tm_push_trace_node 1003f3c0 f   sfc_debugmsvc80:sfdb_call_stack.obj
 0001:0003e4d0       _sf_debug_tm_pop_trace_node 1003f4d0 f   sfc_debugmsvc80:sfdb_call_stack.obj
 0001:0003e550       _sf_debug_tm_get_current_global_trace_index 1003f550 f   sfc_debugmsvc80:sfdb_call_stack.obj
 0001:0003e570       _sf_debug_tm_get_current_local_trace_index 1003f570 f   sfc_debugmsvc80:sfdb_call_stack.obj
 0001:0003e5a0       _sf_debug_tm_set_cycle_detected_flag 1003f5a0 f   sfc_debugmsvc80:sfdb_call_stack.obj
 0001:0003e5f0       _sf_debug_tm_set_cycle_started_flag 1003f5f0 f   sfc_debugmsvc80:sfdb_call_stack.obj
 0001:0003e640       _sf_debug_tm_get_chart_number_from_stack 1003f640 f   sfc_debugmsvc80:sfdb_call_stack.obj
 0001:0003e7e0       _sf_debug_tm_browse_trace  1003f7e0 f   sfc_debugmsvc80:sfdb_call_stack.obj
 0001:0003ea50       _sf_debug_cd_initialize_instance 1003fa50 f   sfc_debugmsvc80:sfdb_cycle_detection.obj
 0001:0003ec80       _sf_debug_cd_mark_processed_transition_in_instance 1003fc80 f   sfc_debugmsvc80:sfdb_cycle_detection.obj
 0001:0003ed00       _sf_debug_cd_checksum_push 1003fd00 f   sfc_debugmsvc80:sfdb_cycle_detection.obj
 0001:0003f000       _sf_debug_cd_checksum_pop  10040000 f   sfc_debugmsvc80:sfdb_cycle_detection.obj
 0001:0003f060       _sf_debug_cd_turn_off_cycle_detection 10040060 f   sfc_debugmsvc80:sfdb_cycle_detection.obj
 0001:0003f0b0       _sf_debug_cd_terminate     100400b0 f   sfc_debugmsvc80:sfdb_cycle_detection.obj
 0001:0003f280       _md5_initialize_state      10040280 f   sfc_debugmsvc80:ckmd5.obj
 0001:0003fb10       _md5_update_state          10040b10 f   sfc_debugmsvc80:ckmd5.obj
 0001:0003fb30       _md5_get_hash              10040b30 f   sfc_debugmsvc80:ckmd5.obj
 0001:0003fb50       _md5_get_hash_for_a_single_string 10040b50 f   sfc_debugmsvc80:ckmd5.obj
 0001:0003fbba       _mxGetPr                   10040bba f   libmx:libmx.dll
 0001:0003fbc0       _mxCreateDoubleScalar      10040bc0 f   libmx:libmx.dll
 0001:0003fbc6       _mxSetField_730            10040bc6 f   libmx:libmx.dll
 0001:0003fbcc       _mxCreateDoubleMatrix_730  10040bcc f   libmx:libmx.dll
 0001:0003fbd2       _mxCreateStructMatrix_730  10040bd2 f   libmx:libmx.dll
 0001:0003fbd8       _mxDestroyArray            10040bd8 f   libmx:libmx.dll
 0001:0003fbde       _mxCreateString            10040bde f   libmx:libmx.dll
 0001:0003fbe4       _mxDuplicateArray          10040be4 f   libmx:libmx.dll
 0001:0003fbea       _mxGetNaN                  10040bea f   libmx:libmx.dll
 0001:0003fbf0       _mxGetString_730           10040bf0 f   libmx:libmx.dll
 0001:0003fbf6       _mxIsChar                  10040bf6 f   libmx:libmx.dll
 0001:0003fbfc       _mxGetClassID              10040bfc f   libmx:libmx.dll
 0001:0003fc02       _mxIsNumeric               10040c02 f   libmx:libmx.dll
 0001:0003fc08       _mxIsComplex               10040c08 f   libmx:libmx.dll
 0001:0003fc0e       _mxGetN                    10040c0e f   libmx:libmx.dll
 0001:0003fc14       _mxGetM                    10040c14 f   libmx:libmx.dll
 0001:0003fc1a       _mxCalloc                  10040c1a f   libmx:libmx.dll
 0001:0003fc20       _mxGetScalar               10040c20 f   libmx:libmx.dll
 0001:0003fc26       _mxIsLogical               10040c26 f   libmx:libmx.dll
 0001:0003fc2c       _mxCreateDoubleMatrix_700  10040c2c f   libmx:libmx.dll
 0001:0003fc32       _mxFree                    10040c32 f   libmx:libmx.dll
 0001:0003fc38       _mxArrayToString           10040c38 f   libmx:libmx.dll
 0001:0003fc3e       _mxCreateCellMatrix_700    10040c3e f   libmx:libmx.dll
 0001:0003fc44       _mxSetCell_700             10040c44 f   libmx:libmx.dll
 0001:0003fc4a       _mxGetCell_700             10040c4a f   libmx:libmx.dll
 0001:0003fc50       _mxGetClassName            10040c50 f   libmx:libmx.dll
 0001:0003fc56       _mxSetField_700            10040c56 f   libmx:libmx.dll
 0001:0003fc5c       _mxAddField                10040c5c f   libmx:libmx.dll
 0001:0003fc62       _mxGetField_700            10040c62 f   libmx:libmx.dll
 0001:0003fc68       _mxGetNumberOfElements     10040c68 f   libmx:libmx.dll
 0001:0003fc6e       _mxIsStruct                10040c6e f   libmx:libmx.dll
 0001:0003fc74       _mxIsClass                 10040c74 f   libmx:libmx.dll
 0001:0003fc7a       _mxGetLogicals             10040c7a f   libmx:libmx.dll
 0001:0003fc80       _mxIsSparse                10040c80 f   libmx:libmx.dll
 0001:0003fc86       _mxSetFieldByNumber_700    10040c86 f   libmx:libmx.dll
 0001:0003fc8c       _mxGetFieldByNumber_700    10040c8c f   libmx:libmx.dll
 0001:0003fc92       _mxGetFieldNameByNumber    10040c92 f   libmx:libmx.dll
 0001:0003fc98       _mxGetNumberOfFields       10040c98 f   libmx:libmx.dll
 0001:0003fc9e       _mxCreateStructMatrix_700  10040c9e f   libmx:libmx.dll
 0001:0003fca4       _mxGetFieldNumber          10040ca4 f   libmx:libmx.dll
 0001:0003fcaa       _mxIsNaN                   10040caa f   libmx:libmx.dll
 0001:0003fcb0       _mxIsEmpty                 10040cb0 f   libmx:libmx.dll
 0001:0003fcb6       _mxGetData                 10040cb6 f   libmx:libmx.dll
 0001:0003fcbc       _mxGetImagData             10040cbc f   libmx:libmx.dll
 0001:0003fcc2       _mxArrayClassIDName        10040cc2 f   libmx:libmx.dll
 0001:0003fcc8       _mxCreateNumericMatrix_700 10040cc8 f   libmx:libmx.dll
 0001:0003fcce       _mxCreateStructArray_700   10040cce f   libmx:libmx.dll
 0001:0003fcd4       _mxCalcSingleSubscript_700 10040cd4 f   libmx:libmx.dll
 0001:0003fcda       _mxGetDimensions_700       10040cda f   libmx:libmx.dll
 0001:0003fce0       _mxGetNumberOfDimensions_700 10040ce0 f   libmx:libmx.dll
 0001:0003fce6       _mxCreateNumericArray_700  10040ce6 f   libmx:libmx.dll
 0001:0003fcec       _mxGetElementSize          10040cec f   libmx:libmx.dll
 0001:0003fcf2       _mxCreateStringFromNChars_700 10040cf2 f   libmx:libmx.dll
 0001:0003fcf8       _mxGetString_700           10040cf8 f   libmx:libmx.dll
 0001:0003fcfe       _mxIsLogicalScalarTrue     10040cfe f   libmx:libmx.dll
 0001:0003fd04       _mxCreateLogicalScalar     10040d04 f   libmx:libmx.dll
 0001:0003fd0a       _mexUnlock                 10040d0a f   libmex:libmex.dll
 0001:0003fd10       _mexIsLocked               10040d10 f   libmex:libmex.dll
 0001:0003fd16       _mexWarnMsgTxt             10040d16 f   libmex:libmex.dll
 0001:0003fd1c       _mexCallMATLAB             10040d1c f   libmex:libmex.dll
 0001:0003fd22       _mexErrMsgTxt              10040d22 f   libmex:libmex.dll
 0001:0003fd28       _mexSetTrapFlag            10040d28 f   libmex:libmex.dll
 0001:0003fd2e       _mexMakeArrayPersistent    10040d2e f   libmex:libmex.dll
 0001:0003fd34       _mexPutVariable            10040d34 f   libmex:libmex.dll
 0001:0003fd3a       _mexGetVariable            10040d3a f   libmex:libmex.dll
 0001:0003fd40       _mexLock                   10040d40 f   libmex:libmex.dll
 0001:0003fd46       _mexMakeMemoryPersistent   10040d46 f   libmex:libmex.dll
 0001:0003fd4c       _mexFunctionName           10040d4c f   libmex:libmex.dll
 0001:0003fd52       _ssRegisterDataTypeFxpFSlopeFixExpBias 10040d52 f   libfixedpoint:libfixedpoint.dll
 0001:0003fd58       _utVSNprintf               10040d58 f   libut:libut.dll
 0001:0003fd5e       _utCPUtime                 10040d5e f   libut:libut.dll
 0001:0003fd64       _utFree                    10040d64 f   libut:libut.dll
 0001:0003fd6a       _utMalloc                  10040d6a f   libut:libut.dll
 0001:0003fd70       _muDoubleScalarSin         10040d70 f   libmwmathutil:libmwmathutil.dll
 0001:0003fd76       _muDoubleScalarCos         10040d76 f   libmwmathutil:libmwmathutil.dll
 0001:0003fd7c       _muDoubleScalarAtan2       10040d7c f   libmwmathutil:libmwmathutil.dll
 0001:0003fd82       _muDoubleScalarPower       10040d82 f   libmwmathutil:libmwmathutil.dll
 0001:0003fd88       _muDoubleScalarFloor       10040d88 f   libmwmathutil:libmwmathutil.dll
 0001:0003fd8e       _muDoubleScalarIsNaN       10040d8e f   libmwmathutil:libmwmathutil.dll
 0001:0003fd94       _muDoubleScalarAbs         10040d94 f   libmwmathutil:libmwmathutil.dll
 0001:0003fd9a       _muDoubleScalarSqrt        10040d9a f   libmwmathutil:libmwmathutil.dll
 0001:0003fda0       _emlrtCheckBuiltInCtxR2011a 10040da0 f   libemlrt:libemlrt.dll
 0001:0003fda6       _emlrtCheckVsBuiltInCtxR2011a 10040da6 f   libemlrt:libemlrt.dll
 0001:0003fdac       _emlrtCheckEnumR2009a      10040dac f   libemlrt:libemlrt.dll
 0001:0003fdb2       _emlrtCreateEnumR2010a     10040db2 f   libemlrt:libemlrt.dll
 0001:0003fdb8       _emlrtGetEnumElementR2009a 10040db8 f   libemlrt:libemlrt.dll
 0001:0003fdbe       _emlrtCreateReference      10040dbe f   libemlrt:libemlrt.dll
 0001:0003fdc4       _emlrtImportVsFiArrayR2009b 10040dc4 f   libemlrt:libemlrt.dll
 0001:0003fdca       _emlrtExtractMessageId     10040dca f   libemlrt:libemlrt.dll
 0001:0003fdd0       _emlrtTranslateMessageIDtoLCPstring 10040dd0 f   libemlrt:libemlrt.dll
 0001:0003fdd6       _emlrtGetEnumUnderlyingArrayR2009a 10040dd6 f   libemlrt:libemlrt.dll
 0001:0003fddc       _emlrtIsEnumR2009a         10040ddc f   libemlrt:libemlrt.dll
 0001:0003fde2       _idamax32                  10040de2 f   libmwblascompat32:libmwblascompat32.dll
 0001:0003fde8       _dswap32                   10040de8 f   libmwblascompat32:libmwblascompat32.dll
 0001:0003fdee       _dger32                    10040dee f   libmwblascompat32:libmwblascompat32.dll
 0001:0003fe00       @__security_check_cookie@4 10040e00 f   MSVCRT:secchk.obj
 0001:0003fe10       _memset                    10040e10 f   MSVCRT:MSVCR100.dll
 0001:0003fe16       _malloc                    10040e16 f   MSVCRT:MSVCR100.dll
 0001:0003fe1c       _free                      10040e1c f   MSVCRT:MSVCR100.dll
 0001:0003fe22       _strlen                    10040e22 f   MSVCRT:MSVCR100.dll
 0001:0003fe30       __chkstk                   10040e30 f   MSVCRT:chkstk.obj
 0001:0003fe30       __alloca_probe             10040e30     MSVCRT:chkstk.obj
 0001:0003fe60       __ftol2_sse                10040e60 f   MSVCRT:ftol2.obj
 0001:0003fe69       __ftol2_pentium4           10040e69 f   MSVCRT:ftol2.obj
 0001:0003fe7c       __ftol2_sse_excpt          10040e7c f   MSVCRT:ftol2.obj
 0001:0003fe96       __ftol2                    10040e96 f   MSVCRT:ftol2.obj
 0001:0003ff0c       _strcmp                    10040f0c f   MSVCRT:MSVCR100.dll
 0001:0003ff12       _sprintf                   10040f12 f   MSVCRT:MSVCR100.dll
 0001:0003ff18       _strcat                    10040f18 f   MSVCRT:MSVCR100.dll
 0001:0003ff1e       _memcpy                    10040f1e f   MSVCRT:MSVCR100.dll
 0001:0003ff24       _NtCurrentTeb              10040f24 f i MSVCRT:crtdll.obj
 0001:0003ff79       __CRT_INIT@12              10040f79 f   MSVCRT:crtdll.obj
 0001:00040299       __DllMainCRTStartup@12     10041299 f   MSVCRT:crtdll.obj
 0001:000402bc       _strncpy                   100412bc f   MSVCRT:MSVCR100.dll
 0001:000402c2       _longjmp                   100412c2 f   MSVCRT:MSVCR100.dll
 0001:000402c8       _strncmp                   100412c8 f   MSVCRT:MSVCR100.dll
 0001:000402ce       _ceil                      100412ce f   MSVCRT:MSVCR100.dll
 0001:000402d4       _strrchr                   100412d4 f   MSVCRT:MSVCR100.dll
 0001:000402da       __setjmp3                  100412da f   MSVCRT:MSVCR100.dll
 0001:000402e0       _calloc                    100412e0 f   MSVCRT:MSVCR100.dll
 0001:000402e6       _realloc                   100412e6 f   MSVCRT:MSVCR100.dll
 0001:000402ec       _ldexp                     100412ec f   MSVCRT:MSVCR100.dll
 0001:000402f2       ___report_gsfailure        100412f2 f   MSVCRT:gs_report.obj
 0001:000403f8       ___sse2_available_init     100413f8 f   MSVCRT:cpu_disp.obj
 0001:00040408       ___clean_type_info_names   10041408 f   MSVCRT:tncleanup.obj
 0001:00040414       __onexit                   10041414 f   MSVCRT:atonexit.obj
 0001:000404b5       _atexit                    100414b5 f   MSVCRT:atonexit.obj
 0001:000404cc       __RTC_Initialize           100414cc f   MSVCRT:_initsect_.obj
 0001:000404f2       __RTC_Terminate            100414f2 f   MSVCRT:_initsect_.obj
 0001:00040518       __malloc_crt               10041518 f   MSVCRT:MSVCR100.dll
 0001:0004051e       __encoded_null             1004151e f   MSVCRT:MSVCR100.dll
 0001:00040530       __ValidateImageBase        10041530 f   MSVCRT:pesect.obj
 0001:00040570       __FindPESection            10041570 f   MSVCRT:pesect.obj
 0001:000405c0       __IsNonwritableInCurrentImage 100415c0 f   MSVCRT:pesect.obj
 0001:0004067c       __initterm                 1004167c f   MSVCRT:MSVCR100.dll
 0001:00040682       __initterm_e               10041682 f   MSVCRT:MSVCR100.dll
 0001:00040688       __amsg_exit                10041688 f   MSVCRT:MSVCR100.dll
 0001:0004068e       ___CppXcptFilter           1004168e f   MSVCRT:MSVCR100.dll
 0001:00040694       _DllMain@12                10041694 f   MSVCRT:dllmain.obj
 0001:000406c0       __SEH_prolog4              100416c0 f   MSVCRT:sehprolg4.obj
 0001:00040705       __SEH_epilog4              10041705 f   MSVCRT:sehprolg4.obj
 0001:00040719       __except_handler4          10041719 f   MSVCRT:chandler4gs.obj
 0001:0004073e       ___security_init_cookie    1004173e f   MSVCRT:gs_support.obj
 0001:000407da       __crt_debugger_hook        100417da f   MSVCRT:MSVCR100.dll
 0001:000407e0       ___clean_type_info_names_internal 100417e0 f   MSVCRT:MSVCR100.dll
 0001:000407e6       __unlock                   100417e6 f   MSVCRT:MSVCR100.dll
 0001:000407ec       ___dllonexit               100417ec f   MSVCRT:MSVCR100.dll
 0001:000407f2       __lock                     100417f2 f   MSVCRT:MSVCR100.dll
 0001:000407f8       __except_handler4_common   100417f8 f   MSVCRT:MSVCR100.dll
 0001:000407fe       _EncodePointer@4           100417fe f   kernel32:KERNEL32.dll
 0001:00040804       _DecodePointer@4           10041804 f   kernel32:KERNEL32.dll
 0001:0004080a       _InterlockedExchange@8     1004180a f   kernel32:KERNEL32.dll
 0001:00040810       _Sleep@4                   10041810 f   kernel32:KERNEL32.dll
 0001:00040816       _InterlockedCompareExchange@12 10041816 f   kernel32:KERNEL32.dll
 0001:0004081c       _TerminateProcess@8        1004181c f   kernel32:KERNEL32.dll
 0001:00040822       _GetCurrentProcess@0       10041822 f   kernel32:KERNEL32.dll
 0001:00040828       _UnhandledExceptionFilter@4 10041828 f   kernel32:KERNEL32.dll
 0001:0004082e       _SetUnhandledExceptionFilter@4 1004182e f   kernel32:KERNEL32.dll
 0001:00040834       _IsDebuggerPresent@0       10041834 f   kernel32:KERNEL32.dll
 0001:0004083a       _IsProcessorFeaturePresent@4 1004183a f   kernel32:KERNEL32.dll
 0001:00040840       _DisableThreadLibraryCalls@4 10041840 f   kernel32:KERNEL32.dll
 0001:00040846       _QueryPerformanceCounter@4 10041846 f   kernel32:KERNEL32.dll
 0001:0004084c       _GetTickCount@0            1004184c f   kernel32:KERNEL32.dll
 0001:00040852       _GetCurrentThreadId@0      10041852 f   kernel32:KERNEL32.dll
 0001:00040858       _GetCurrentProcessId@0     10041858 f   kernel32:KERNEL32.dll
 0001:0004085e       _GetSystemTimeAsFileTime@4 1004185e f   kernel32:KERNEL32.dll
 0002:00000000       __imp__DisableThreadLibraryCalls@4 10042000     kernel32:KERNEL32.dll
 0002:00000004       __imp__IsProcessorFeaturePresent@4 10042004     kernel32:KERNEL32.dll
 0002:00000008       __imp__IsDebuggerPresent@0 10042008     kernel32:KERNEL32.dll
 0002:0000000c       __imp__SetUnhandledExceptionFilter@4 1004200c     kernel32:KERNEL32.dll
 0002:00000010       __imp__UnhandledExceptionFilter@4 10042010     kernel32:KERNEL32.dll
 0002:00000014       __imp__GetCurrentProcess@0 10042014     kernel32:KERNEL32.dll
 0002:00000018       __imp__TerminateProcess@8  10042018     kernel32:KERNEL32.dll
 0002:0000001c       __imp__InterlockedCompareExchange@12 1004201c     kernel32:KERNEL32.dll
 0002:00000020       __imp__Sleep@4             10042020     kernel32:KERNEL32.dll
 0002:00000024       __imp__InterlockedExchange@8 10042024     kernel32:KERNEL32.dll
 0002:00000028       __imp__DecodePointer@4     10042028     kernel32:KERNEL32.dll
 0002:0000002c       __imp__EncodePointer@4     1004202c     kernel32:KERNEL32.dll
 0002:00000030       __imp__GetTickCount@0      10042030     kernel32:KERNEL32.dll
 0002:00000034       __imp__GetCurrentThreadId@0 10042034     kernel32:KERNEL32.dll
 0002:00000038       __imp__GetCurrentProcessId@0 10042038     kernel32:KERNEL32.dll
 0002:0000003c       __imp__GetSystemTimeAsFileTime@4 1004203c     kernel32:KERNEL32.dll
 0002:00000040       __imp__QueryPerformanceCounter@4 10042040     kernel32:KERNEL32.dll
 0002:00000044       \177KERNEL32_NULL_THUNK_DATA 10042044     kernel32:KERNEL32.dll
 0002:00000048       __imp___except_handler4_common 10042048     MSVCRT:MSVCR100.dll
 0002:0000004c       __imp___onexit             1004204c     MSVCRT:MSVCR100.dll
 0002:00000050       __imp___lock               10042050     MSVCRT:MSVCR100.dll
 0002:00000054       __imp____dllonexit         10042054     MSVCRT:MSVCR100.dll
 0002:00000058       __imp___unlock             10042058     MSVCRT:MSVCR100.dll
 0002:0000005c       __imp____clean_type_info_names_internal 1004205c     MSVCRT:MSVCR100.dll
 0002:00000060       __imp___crt_debugger_hook  10042060     MSVCRT:MSVCR100.dll
 0002:00000064       __imp____CppXcptFilter     10042064     MSVCRT:MSVCR100.dll
 0002:00000068       __imp___amsg_exit          10042068     MSVCRT:MSVCR100.dll
 0002:0000006c       __imp___initterm_e         1004206c     MSVCRT:MSVCR100.dll
 0002:00000070       __imp___initterm           10042070     MSVCRT:MSVCR100.dll
 0002:00000074       __imp___encoded_null       10042074     MSVCRT:MSVCR100.dll
 0002:00000078       __imp___malloc_crt         10042078     MSVCRT:MSVCR100.dll
 0002:0000007c       __imp__ldexp               1004207c     MSVCRT:MSVCR100.dll
 0002:00000080       __imp__realloc             10042080     MSVCRT:MSVCR100.dll
 0002:00000084       __imp__calloc              10042084     MSVCRT:MSVCR100.dll
 0002:00000088       __imp___setjmp3            10042088     MSVCRT:MSVCR100.dll
 0002:0000008c       __imp__strrchr             1004208c     MSVCRT:MSVCR100.dll
 0002:00000090       __imp__ceil                10042090     MSVCRT:MSVCR100.dll
 0002:00000094       __imp__strncmp             10042094     MSVCRT:MSVCR100.dll
 0002:00000098       __imp__longjmp             10042098     MSVCRT:MSVCR100.dll
 0002:0000009c       __imp__strncpy             1004209c     MSVCRT:MSVCR100.dll
 0002:000000a0       __imp__memcpy              100420a0     MSVCRT:MSVCR100.dll
 0002:000000a4       __imp__strcat              100420a4     MSVCRT:MSVCR100.dll
 0002:000000a8       __imp__sprintf             100420a8     MSVCRT:MSVCR100.dll
 0002:000000ac       __imp__strcmp              100420ac     MSVCRT:MSVCR100.dll
 0002:000000b0       __imp__strlen              100420b0     MSVCRT:MSVCR100.dll
 0002:000000b4       __imp__free                100420b4     MSVCRT:MSVCR100.dll
 0002:000000b8       __imp__malloc              100420b8     MSVCRT:MSVCR100.dll
 0002:000000bc       __imp__memset              100420bc     MSVCRT:MSVCR100.dll
 0002:000000c0       \177MSVCR100_NULL_THUNK_DATA 100420c0     MSVCRT:MSVCR100.dll
 0002:000000c4       __imp__emlrtCheckVsBuiltInCtxR2011a 100420c4     libemlrt:libemlrt.dll
 0002:000000c8       __imp__emlrtCheckBuiltInCtxR2011a 100420c8     libemlrt:libemlrt.dll
 0002:000000cc       __imp__emlrtCreateEnumR2010a 100420cc     libemlrt:libemlrt.dll
 0002:000000d0       __imp__emlrtGetEnumElementR2009a 100420d0     libemlrt:libemlrt.dll
 0002:000000d4       __imp__emlrtIsEnumR2009a   100420d4     libemlrt:libemlrt.dll
 0002:000000d8       __imp__emlrtGetEnumUnderlyingArrayR2009a 100420d8     libemlrt:libemlrt.dll
 0002:000000dc       __imp__emlrtTranslateMessageIDtoLCPstring 100420dc     libemlrt:libemlrt.dll
 0002:000000e0       __imp__emlrtCreateReference 100420e0     libemlrt:libemlrt.dll
 0002:000000e4       __imp__emlrtImportVsFiArrayR2009b 100420e4     libemlrt:libemlrt.dll
 0002:000000e8       __imp__emlrtExtractMessageId 100420e8     libemlrt:libemlrt.dll
 0002:000000ec       __imp__emlrtCheckEnumR2009a 100420ec     libemlrt:libemlrt.dll
 0002:000000f0       \177libemlrt_NULL_THUNK_DATA 100420f0     libemlrt:libemlrt.dll
 0002:000000f4       __imp__ssRegisterDataTypeFxpFSlopeFixExpBias 100420f4     libfixedpoint:libfixedpoint.dll
 0002:000000f8       \177libfixedpoint_NULL_THUNK_DATA 100420f8     libfixedpoint:libfixedpoint.dll
 0002:000000fc       __imp__mexMakeArrayPersistent 100420fc     libmex:libmex.dll
 0002:00000100       __imp__mexPutVariable      10042100     libmex:libmex.dll
 0002:00000104       __imp__mexGetVariable      10042104     libmex:libmex.dll
 0002:00000108       __imp__mexSetTrapFlag      10042108     libmex:libmex.dll
 0002:0000010c       __imp__mexMakeMemoryPersistent 1004210c     libmex:libmex.dll
 0002:00000110       __imp__mexFunctionName     10042110     libmex:libmex.dll
 0002:00000114       __imp__mexErrMsgTxt        10042114     libmex:libmex.dll
 0002:00000118       __imp__mexLock             10042118     libmex:libmex.dll
 0002:0000011c       __imp__mexWarnMsgTxt       1004211c     libmex:libmex.dll
[...]
 0001:0001f020       _check_array_dimensions    10020020 f   sfc_mexmsvc80:sfc_mex.obj
 0001:0001f070       _check_input_mxarray       10020070 f   sfc_mexmsvc80:sfc_mex.obj
 0001:0001f710       _sf_numeric_value_to_double 10020710 f   sfc_mexmsvc80:sfc_mex.obj
 0001:0001f750       _ml_generic_out_of_bounds_check 10020750 f   sfc_mexmsvc80:sfc_mex.obj
 0001:0001f8e0       _ml_get_element_value_from_array 100208e0 f   sfc_mexmsvc80:sfc_mex.obj
 0001:0001fdb0       __ml_generic_castability_check 10020db0 f   sfc_mexmsvc80:sfc_mex.obj
 0001:00020640       _ml_generic_castability_check 10021640 f   sfc_mexmsvc80:sfc_mex.obj
 0001:000206a0       _ml_check_mx_array_for_single_castability 100216a0 f   sfc_mexmsvc80:sfc_mex.obj
 0001:00020710       _ml_check_mx_array_for_logical_castability 10021710 f   sfc_mexmsvc80:sfc_mex.obj
 0001:00020770       _ml_check_mx_array_for_int8_castability 10021770 f   sfc_mexmsvc80:sfc_mex.obj
 0001:00020800       _ml_check_mx_array_for_uint8_castability 10021800 f   sfc_mexmsvc80:sfc_mex.obj
 0001:00020870       _ml_check_mx_array_for_int16_castability 10021870 f   sfc_mexmsvc80:sfc_mex.obj
 0001:000208e0       _ml_check_mx_array_for_uint16_castability 100218e0 f   sfc_mexmsvc80:sfc_mex.obj
 0001:00020950       _ml_check_mx_array_for_int32_castability 10021950 f   sfc_mexmsvc80:sfc_mex.obj
 0001:000209c0       _ml_check_mx_array_for_uint32_castability 100219c0 f   sfc_mexmsvc80:sfc_mex.obj
 0001:00020a30       _ml_check_mx_array_for_castability 10021a30 f   sfc_mexmsvc80:sfc_mex.obj
 0001:000210b0       _set_data_value            100220b0 f   sfc_mexmsvc80:sfc_mex.obj
 0001:00021580       _get_data_value            10022580 f   sfc_mexmsvc80:sfc_mex.obj
 0001:00021680       _get_next_element_address  10022680 f   sfc_mexmsvc80:sfc_mex.obj
 0001:00021720       _sf_normalize_index        10022720 f   sfc_mexmsvc80:sfc_mex.obj
 0001:000219b0       _ml_array_index_bound_check 100229b0 f   sfc_mexmsvc80:sfc_mex.obj
 0001:00022290       _mx_value                  10023290 f   sfc_mexmsvc80:sfc_mex.obj
 0001:000222e0       _sf_create_numeric_array   100232e0 f   sfc_mexmsvc80:sfc_mex.obj
 0001:00022360       _sf_mex_assign_to_mx_array 10023360 f   sfc_mexmsvc80:sfc_mex.obj
 0001:000225c0       _assign_from_mx_array      100235c0 f   sfc_mexmsvc80:sfc_mex.obj
 0001:00022d80       _sf_mex_import_v           10023d80 f   sfc_mexmsvc80:sfc_mex.obj
 0001:00023110       _get_machine_and_chart_file_number 10024110 f   sfc_mexmsvc80:sfc_sf.obj
 0001:000231d0       _get_sfun_block_specialization 100241d0 f   sfc_mexmsvc80:sfc_sf.obj
 0001:00023230       _call_sf_machine_global_method_dispatcher 10024230 f   sfc_mexmsvc80:sfc_sf.obj
 0001:000233e0       _mdl_zeroCrossings_processing 100243e0 f   sfc_mexmsvc80:sfc_sf.obj
 0001:00023490       _mdl_derivatives_processing 10024490 f   sfc_mexmsvc80:sfc_sf.obj
 0001:00023710       _mdl_outputs_continuous_legacy 10024710 f   sfc_mexmsvc80:sfc_sf.obj
 0001:00023790       _mdl_outputs_processing    10024790 f   sfc_mexmsvc80:sfc_sf.obj
 0001:000239d0       _mdl_enable_processing     100249d0 f   sfc_mexmsvc80:sfc_sf.obj
 0001:00023a80       _mdl_disable_processing    10024a80 f   sfc_mexmsvc80:sfc_sf.obj
 0001:00024150       _write_symbol_mapping      10025150 f   sfc_mexmsvc80:sfc_sf.obj
 0001:00024780       _sf_call_output_fcn_enable_disable 10025780 f   sfc_mexmsvc80:sfc_sf.obj
 0001:000249a0       _set_dwork_information_from_mx_array 100259a0 f   sfc_mexmsvc80:sfc_sf.obj
 0001:000252a0       _ptr2mxStruct              100262a0 f   sfc_mexmsvc80:sfc_sf.obj
 0001:000254c0       _SNPRINTF_WRAPPER          100264c0 f   sfc_debugmsvc80:sfcdebug.obj
 0001:000254e0       _sf_debug_chart_instance_initialized_quick 100264e0 f   sfc_debugmsvc80:sfcdebug.obj
 0001:000254f0       _sf_debug_chart_instance_initialized 100264f0 f   sfc_debugmsvc80:sfcdebug.obj
 0001:00025670       _sfrtAddSize               10026670 f   sfc_debugmsvc80:sfcdebug.obj
 0001:00025720       _sfrtGenSizeString         10026720 f   sfc_debugmsvc80:sfcdebug.obj
 0001:00025ba0       _sf_debug_sim_status_listener 10026ba0 f   sfc_debugmsvc80:sfcdebug.obj
 0001:00026010       _sf_debug_form_mask_bits   10027010 f   sfc_debugmsvc80:sfcdebug.obj
 0001:00026050       _sf_debug_form_sf_data_type_offsets 10027050 f   sfc_debugmsvc80:sfcdebug.obj
 0001:000260e0       _sf_debug_free_all         100270e0 f   sfc_debugmsvc80:sfcdebug.obj
 0001:00026260       _sf_debug_append_debugger_context 10027260 f   sfc_debugmsvc80:sfcdebug.obj
 0001:00026540       _local_strdup              10027540 f   sfc_debugmsvc80:sfcdebug.obj
 0001:000271a0       _sf_debug_em_terminate     100281a0 f   sfc_debugmsvc80:sfcdebug.obj
 0001:000271e0       _sf_debug_push_eml_function 100281e0 f   sfc_debugmsvc80:sfcdebug.obj
 0001:00027270       _sf_debug_pop_eml_function 10028270 f   sfc_debugmsvc80:sfcdebug.obj
 0001:00027b50       _sf_debug_get_machine_number_from_id_or_name 10028b50 f   sfc_debugmsvc80:sfcdebug.obj
 0001:00027cb0       _sf_debug_get_chart_number_from_id 10028cb0 f   sfc_debugmsvc80:sfcdebug.obj
 0001:000285d0       _sf_debug_transfer_control_to_debugger_GUI 100295d0 f   sfc_debugmsvc80:sfcdebug.obj
 0001:00029340       _sf_debug_scripts_rehash   1002a340 f   sfc_debugmsvc80:sfcdebug.obj
 0001:000294f0       _sf_debug_get_script_line_count 1002a4f0 f   sfc_debugmsvc80:sfcdebug.obj
 0001:00029990       _cv_eml_state_cvId         1002a990 f   sfc_debugmsvc80:sfcdebug.obj
 0001:0002a650       _sf_debug_data_array_bounds_error 1002b650 f   sfc_debugmsvc80:sfcdebug.obj
 0001:0002a960       _eml_debug_runtime_error_doclink 1002b960 f   sfc_debugmsvc80:sfcdebug.obj
 0001:0002aaa0       _sf_debug_runtime_error    1002baa0 f   sfc_debugmsvc80:sfcdebug.obj
 0001:0002aaf0       _sf_debug_matlab_error     1002baf0 f   sfc_debugmsvc80:sfcdebug.obj
 0001:0002b000       _sf_debug_data_value_error 1002c000 f   sfc_debugmsvc80:sfcdebug.obj
 0001:0002b600       _sf_debug_data_loss_error  1002c600 f   sfc_debugmsvc80:sfcdebug.obj
 0001:0002bec0       _call_cv_range_check       1002cec0 f   sfc_debugmsvc80:sfcdebug.obj
 0001:0002c430       _sf_debug_invoke_cycle_detection_code 1002d430 f   sfc_debugmsvc80:sfcdebug.obj
 0001:0002cdf0       _sf_reset_debug_info_struct 1002ddf0 f   sfc_debugmsvc80:sfcdebug.obj
 0001:0002d4c0       _cv_script_cvId            1002e4c0 f   sfc_debugmsvc80:sfcdebug.obj
 0001:0002dcb0       _sfc_api_chart_visible     1002ecb0 f   sfc_debugmsvc80:sfc_api.obj
 0001:0002dd60       _sfc_api_active_instance   1002ed60 f   sfc_debugmsvc80:sfc_api.obj
 0001:0002de00       _sfc_api_machine_load      1002ee00 f   sfc_debugmsvc80:sfc_api.obj
 0001:0002df00       _sfc_api_debugger_alive    1002ef00 f   sfc_debugmsvc80:sfc_api.obj
 0001:0002df10       _sfc_api_go                1002ef10 f   sfc_debugmsvc80:sfc_api.obj
 0001:0002df20       _sfc_api_step_over         1002ef20 f   sfc_debugmsvc80:sfc_api.obj
 0001:0002df30       _sfc_api_step_out          1002ef30 f   sfc_debugmsvc80:sfc_api.obj
 0001:0002df40       _sfc_api_resume            1002ef40 f   sfc_debugmsvc80:sfc_api.obj
 0001:0002df50       _sfc_api_break             1002ef50 f   sfc_debugmsvc80:sfc_api.obj
 0001:0002df60       _sfc_api_stop_debugging    1002ef60 f   sfc_debugmsvc80:sfc_api.obj
 0001:0002dfb0       _sfc_api_is_cycle_detected 1002efb0 f   sfc_debugmsvc80:sfc_api.obj
 0001:0002e000       _sfc_api_is_array_bounds_detected 1002f000 f   sfc_debugmsvc80:sfc_api.obj
 0001:0002e050       _sfc_api_set_disable_all_breakpoints 1002f050 f   sfc_debugmsvc80:sfc_api.obj
 0001:0002e0e0       _sfc_api_disable_all_breakpoints_and_go 1002f0e0 f   sfc_debugmsvc80:sfc_api.obj
 0001:0002e0f0       _sfc_api_close             1002f0f0 f   sfc_debugmsvc80:sfc_api.obj
 0001:0002e100       _sfc_api_browse_data       1002f100 f   sfc_debugmsvc80:sfc_api.obj
 0001:0002e180       _sfc_api_watch_data        1002f180 f   sfc_debugmsvc80:sfc_api.obj
 0001:0002e200       _sfc_api_assign_data       1002f200 f   sfc_debugmsvc80:sfc_api.obj
 0001:0002e280       _sfc_api_whos              1002f280 f   sfc_debugmsvc80:sfc_api.obj
 0001:0002e310       _sfc_api_get_consistency_info 1002f310 f   sfc_debugmsvc80:sfc_api.obj
 0001:0002e330       _sfc_api_browse_trace      1002f330 f   sfc_debugmsvc80:sfc_api.obj
 0001:0002e350       _sfc_api_break_on_chart_entry 1002f350 f   sfc_debugmsvc80:sfc_api.obj
 0001:0002e390       _sfc_api_break_on_event_broadcast 1002f390 f   sfc_debugmsvc80:sfc_api.obj
 0001:0002e3d0       _sfc_api_break_on_state_entry 1002f3d0 f   sfc_debugmsvc80:sfc_api.obj
 0001:0002e410       _sfc_api_set_watch         1002f410 f   sfc_debugmsvc80:sfc_api.obj
 0001:0002e4f0       _sfc_api_set_breakpoints   1002f4f0 f   sfc_debugmsvc80:sfc_api.obj
 0001:0002e5d0       _sfc_api_set_eml_breakpoints 1002f5d0 f   sfc_debugmsvc80:sfc_api.obj
 0001:0002e680       _sfc_api_set_script_breakpoints 1002f680 f   sfc_debugmsvc80:sfc_api.obj
 0001:0002e6e0       _sfc_api_add_script_breakpoints 1002f6e0 f   sfc_debugmsvc80:sfc_api.obj
 0001:0002e740       _sfc_api_clear_script_breakpoints 1002f740 f   sfc_debugmsvc80:sfc_api.obj
 0001:0002e7a0       _sfc_api_query_script_breakpoints 1002f7a0 f   sfc_debugmsvc80:sfc_api.obj
 0001:0002e810       _sfc_api_get_script_id     1002f810 f   sfc_debugmsvc80:sfc_api.obj
 0001:0002e8b0       _sfc_api_get_active_states 1002f8b0 f   sfc_debugmsvc80:sfc_api.obj
 0001:0002e920       _sfc_api_break_between_times 1002f920 f   sfc_debugmsvc80:sfc_api.obj
 0001:0002e980       _sfc_api_get_instance_handle 1002f980 f   sfc_debugmsvc80:sfc_api.obj
 0001:0002ea60       _sfc_api_get_coverage      1002fa60 f   sfc_debugmsvc80:sfc_api.obj
 0001:0002ead0       _sfc_api_set_animation     1002fad0 f   sfc_debugmsvc80:sfc_api.obj
 0001:0002eb30       _sfc_api_select_chart      1002fb30 f   sfc_debugmsvc80:sfc_api.obj
 0001:0002ebc0       _sfc_api_select_charts     1002fbc0 f   sfc_debugmsvc80:sfc_api.obj
 0001:0002ebf0       _sfc_api_cycle_detection_check 1002fbf0 f   sfc_debugmsvc80:sfc_api.obj
 0001:0002ec50       _sfc_api_data_range_check  1002fc50 f   sfc_debugmsvc80:sfc_api.obj
 0001:0002ecb0       _sfc_api_transition_conflict_check 1002fcb0 f   sfc_debugmsvc80:sfc_api.obj
 0001:0002ed10       _sfc_api_state_consistency_check 1002fd10 f   sfc_debugmsvc80:sfc_api.obj
 0001:0002ed70       _sfc_api_set_instance_cv_ids 1002fd70 f   sfc_debugmsvc80:sfc_api.obj
 0001:0002eea0       _sfc_api_set_script_cv_ids 1002fea0 f   sfc_debugmsvc80:sfc_api.obj
 0001:0002ef40       _sfc_api_get_current_machine_id 1002ff40 f   sfc_debugmsvc80:sfc_api.obj
 0001:0002ef70       _sfc_api_get_current_machine_number 1002ff70 f   sfc_debugmsvc80:sfc_api.obj
 0001:0002efa0       _sfc_api_get_current_chart_number 1002ffa0 f   sfc_debugmsvc80:sfc_api.obj
 0001:0002efd0       _sfc_api_get_current_instance_number 1002ffd0 f   sfc_debugmsvc80:sfc_api.obj
 0001:0002f000       _sfc_api_get_current_instance_handle 10030000 f   sfc_debugmsvc80:sfc_api.obj
 0001:0002f020       _sfc_api_get_current_is_minor_time_step 10030020 f   sfc_debugmsvc80:sfc_api.obj
 0001:0002f050       _sfc_api_get_current_machine_name 10030050 f   sfc_debugmsvc80:sfc_api.obj
 0001:0002f070       _sfc_api_get_current_chart_id 10030070 f   sfc_debugmsvc80:sfc_api.obj
 0001:0002f0a0       _sfc_api_get_current_object_type 100300a0 f   sfc_debugmsvc80:sfc_api.obj
 0001:0002f0d0       _sfc_api_get_current_event_type 100300d0 f   sfc_debugmsvc80:sfc_api.obj
 0001:0002f100       _sfc_api_get_current_object_id 10030100 f   sfc_debugmsvc80:sfc_api.obj
 0001:0002f130       _sfc_get_current_active_event_type 10030130 f   sfc_debugmsvc80:sfc_api.obj
 0001:0002f160       _sfc_api_get_current_active_event_id 10030160 f   sfc_debugmsvc80:sfc_api.obj
 0001:0002f190       _sfc_api_get_current_simulation_time 10030190 f   sfc_debugmsvc80:sfc_api.obj
 0001:0002f1b0       _sfc_get_current_tag_type  100301b0 f   sfc_debugmsvc80:sfc_api.obj
 0001:0002f1e0       _sfc_get_current_coverage_percentage 100301e0 f   sfc_debugmsvc80:sfc_api.obj
 0001:0002f200       _sfc_get_current_statement_context 10030200 f   sfc_debugmsvc80:sfc_api.obj
 0001:0002f220       _sfc_get_current_optional_integer 10030220 f   sfc_debugmsvc80:sfc_api.obj
 0001:0002f250       _sfc_get_current_statement_info 10030250 f   sfc_debugmsvc80:sfc_api.obj
 0001:0002f2f0       _sfc_api_get               100302f0 f   sfc_debugmsvc80:sfc_api.obj
 0001:0002f3f0       _sf_debug_sm_is_using_unified_editors 100303f0 f   sfc_debugmsvc80:sfdb_animation.obj
 0001:0002f470       _sf_debug_sm_is_chart_visible_in_unified_editors 10030470 f   sfc_debugmsvc80:sfdb_animation.obj
 0001:0002f510       _sf_debug_sm_check_if_chart_is_visible 10030510 f   sfc_debugmsvc80:sfdb_animation.obj
 0001:0002fe30       _sf_debug_sm_fill_state_activity_data 10030e30 f   sfc_debugmsvc80:sfdb_animation.obj
 0001:00031da0       _sf_debug_hm_get_simulink_handle 10032da0 f   sfc_debugmsvc80:sfdb_handle_management.obj
 0001:00032760       _sf_debug_hm_initialize_globals 10033760 f   sfc_debugmsvc80:sfdb_handle_management.obj
 0001:00032850       _sf_debug_hm_get_machine_debug_flag 10033850 f   sfc_debugmsvc80:sfdb_handle_management.obj
 0001:000329a0       _sf_debug_hm_get_machine_id 100339a0 f   sfc_debugmsvc80:sfdb_handle_management.obj
 0001:00032ab0       _sf_debug_hm_get_chart_id  10033ab0 f   sfc_debugmsvc80:sfdb_handle_management.obj
 0001:00032c20       _sf_debug_hm_register_executing_SFunction 10033c20 f   sfc_debugmsvc80:sfdb_handle_management.obj
 0001:00032d70       _sf_debug_hm_get_chart_active_instance 10033d70 f   sfc_debugmsvc80:sfdb_handle_management.obj
 0001:00032ea0       _sf_debug_hm_get_chart_visibility 10033ea0 f   sfc_debugmsvc80:sfdb_handle_management.obj
 0001:00032ff0       _sf_debug_hm_form_object_boolean_properties 10033ff0 f   sfc_debugmsvc80:sfdb_handle_management.obj
 0001:00033260       _sf_debug_hm_form_object_properties 10034260 f   sfc_debugmsvc80:sfdb_handle_management.obj
 0001:00033460       _sf_debug_hm_terminate_charts 10034460 f   sfc_debugmsvc80:sfdb_handle_management.obj
 0001:00033a70       _sf_debug_hm_terminate_machines 10034a70 f   sfc_debugmsvc80:sfdb_handle_management.obj
 0001:00035040       _void_ptr_stack_vector_free_total 10036040 f   sfc_debugmsvc80:sfdb_data_browse.obj
 0001:000350a0       _sf_debug_st_terminate_machine 100360a0 f   sfc_debugmsvc80:sfdb_data_browse.obj
 0001:000350d0       _sf_debug_st_terminate_instance 100360d0 f   sfc_debugmsvc80:sfdb_data_browse.obj
 0001:00035250       _push_on_to_void_ptr_stack 10036250 f   sfc_debugmsvc80:sfdb_data_browse.obj
 0001:00035380       _pop_from_void_ptr_stack   10036380 f   sfc_debugmsvc80:sfdb_data_browse.obj
 0001:00035480       _sf_debug_st_get_data_value 10036480 f   sfc_debugmsvc80:sfdb_data_browse.obj
 0001:00035920       _mx_value                  10036920 f   sfc_debugmsvc80:sfdb_data_browse.obj
 0001:00035950       _sf_debug_st_fill_data_struct 10036950 f   sfc_debugmsvc80:sfdb_data_browse.obj
 0001:00035c20       _data_type_format_strings  10036c20 f   sfc_debugmsvc80:sfdb_data_browse.obj
 0001:00035c90       _sf_debug_st_fill_data     10036c90 f   sfc_debugmsvc80:sfdb_data_browse.obj
 0001:00036a50       _sf_debug_ss_copy_dimension 10037a50 f   sfc_debugmsvc80:sfdb_symbol_scope.obj
 0001:00036ac0       _sf_debug_ss_get_number_elements 10037ac0 f   sfc_debugmsvc80:sfdb_symbol_scope.obj
 0001:00036ae0       _sf_debug_ss_fill_data_struct 10037ae0 f   sfc_debugmsvc80:sfdb_symbol_scope.obj
 0001:00036cd0       _sf_debug_ss_reset_data_info 10037cd0 f   sfc_debugmsvc80:sfdb_symbol_scope.obj
 0001:00036d20       _sf_debug_fill_data_info_by_symbol_scope_entry 10037d20 f   sfc_debugmsvc80:sfdb_symbol_scope.obj
 0001:00036dd0       _sf_debug_fill_data_info_by_data_vector 10037dd0 f   sfc_debugmsvc80:sfdb_symbol_scope.obj
 0001:00036f90       _sf_debug_ss_get_data_info 10037f90 f   sfc_debugmsvc80:sfdb_symbol_scope.obj
 0001:000371d0       _sf_debug_select_mex_function 100381d0 f   sfc_debugmsvc80:sfdb_symbol_scope.obj
 0001:00037200       _sf_debug_is_dyn_matrix_initialized 10038200 f   sfc_debugmsvc80:sfdb_symbol_scope.obj
 0001:00037220       _sf_debug_ss_set_data_value_try 10038220 f   sfc_debugmsvc80:sfdb_symbol_scope.obj
 0001:00037350       _sf_debug_ss_get_data_value 10038350 f   sfc_debugmsvc80:sfdb_symbol_scope.obj
 0001:00037730       _sf_debug_ss_data_bytes_string 10038730 f   sfc_debugmsvc80:sfdb_symbol_scope.obj
 0001:000377a0       _sf_debug_ss_data_class_string 100387a0 f   sfc_debugmsvc80:sfdb_symbol_scope.obj
 0001:00037af0       _sf_debug_ss_data_size_string 10038af0 f   sfc_debugmsvc80:sfdb_symbol_scope.obj
 0001:00037bb0       _sf_debug_ss_data_create_data_info_struct 10038bb0 f   sfc_debugmsvc80:sfdb_symbol_scope.obj
 0001:00037e10       _sf_debug_ss_data_create_name_value_pair 10038e10 f   sfc_debugmsvc80:sfdb_symbol_scope.obj
 0001:00037e70       _sf_debug_ss_data_get_whos_info 10038e70 f   sfc_debugmsvc80:sfdb_symbol_scope.obj
 0001:00037ea0       _same_named_data_in_data_array 10038ea0 f   sfc_debugmsvc80:sfdb_symbol_scope.obj
 0001:000393c0       _sf_debug_cc_terminate_chart 1003a3c0 f   sfc_debugmsvc80:sfdb_coverage.obj
 0001:000396a0       _sf_debug_cc_terminate_instance 1003a6a0 f   sfc_debugmsvc80:sfdb_coverage.obj
 0001:0003a0b0       _sf_debug_cc_mark_object_if_needed 1003b0b0 f   sfc_debugmsvc80:sfdb_coverage.obj
 0001:0003a400       _sf_debug_cc_fill_transition_coverage_data 1003b400 f   sfc_debugmsvc80:sfdb_coverage.obj
 0001:0003a530       _sf_debug_cc_fill_transition_coverage_map 1003b530 f   sfc_debugmsvc80:sfdb_coverage.obj
 0001:0003a710       _sf_debug_cc_fill_state_coverage_map 1003b710 f   sfc_debugmsvc80:sfdb_coverage.obj
 0001:0003a8b0       _sf_debug_cc_fill_state_coverage_data 1003b8b0 f   sfc_debugmsvc80:sfdb_coverage.obj
 0001:0003b260       _sf_debug_bm_initialize_eml 1003c260 f   sfc_debugmsvc80:sfdb_breakpoints.obj
 0001:0003c240       _sf_debug_bm_map_debug_tag_to_breakpoint_tag 1003d240 f   sfc_debugmsvc80:sfdb_breakpoints.obj
 0001:0003c2e0       _sf_debug_bm_is_a_eml_breakpoint_impl 1003d2e0 f   sfc_debugmsvc80:sfdb_breakpoints.obj
 0001:0003d880       _sf_debug_sc_push_on_error_stack 1003e880 f   sfc_debugmsvc80:sfdb_state_consistency.obj
 0001:0003d990       _sf_debug_sc_reset_error_stack 1003e990 f   sfc_debugmsvc80:sfdb_state_consistency.obj
 0001:0003dae0       _sf_debug_sc_is_state_inconsistent 1003eae0 f   sfc_debugmsvc80:sfdb_state_consistency.obj
 0001:0003dd00       _sf_debug_sc_fill_consistency_info 1003ed00 f   sfc_debugmsvc80:sfdb_state_consistency.obj
 0001:0003e180       _void_assertion_fcn        1003f180 f   sfc_debugmsvc80:sfdb_call_stack.obj
 0001:0003e670       _sf_debug_tm_fill_local_trace 1003f670 f   sfc_debugmsvc80:sfdb_call_stack.obj
 0001:0003eaf0       _sf_debug_cd_terminate_instance 1003faf0 f   sfc_debugmsvc80:sfdb_cycle_detection.obj
 0001:0003eb50       _sf_debug_cd_free_checksum_stack 1003fb50 f   sfc_debugmsvc80:sfdb_cycle_detection.obj
 0001:0003eb80       _sf_debug_cd_reset_pack_strings 1003fb80 f   sfc_debugmsvc80:sfdb_cycle_detection.obj
 0001:0003f1d0       _md5file_clear             100401d0 f   sfc_debugmsvc80:ckmd5.obj
 0001:0003f200       _Encode                    10040200 f   sfc_debugmsvc80:ckmd5.obj
 0001:0003f240       _Decode                    10040240 f   sfc_debugmsvc80:ckmd5.obj
 0001:0003f2c0       _MD5Transform              100402c0 f   sfc_debugmsvc80:ckmd5.obj
 0001:0003f980       _md5file_addn              10040980 f   sfc_debugmsvc80:ckmd5.obj
 0001:0003fa30       _md5file_hash              10040a30 f   sfc_debugmsvc80:ckmd5.obj
 0001:0003ff2b       _pre_c_init                10040f2b f   MSVCRT:crtdll.obj
 0001:00040183       ___DllMainCRTStartup       10041183 f   MSVCRT:crtdll.obj
